<html>
<body>
<pre>
<h1>µVision Build Log</h1>
<h2>Tool Versions:</h2>
IDE-Version: µVision V5.38.0.0
Copyright (C) 2022 ARM Ltd and ARM Germany GmbH. All rights reserved.
License Information: Huy Zo, 123, LIC=UJWP0-BGEB2-EVI1R-KMGWW-2DWAI-G9K58
 
Tool Versions:
Toolchain:       MDK-ARM Plus  Version: 5.38.0.0
Toolchain Path:  E:\Keli_v5\ARM\ARMCLANG\Bin
C Compiler:      ArmClang.exe V6.19
Assembler:       Armasm.exe V6.19
Linker/Locator:  ArmLink.exe V6.19
Library Manager: ArmAr.exe V6.19
Hex Converter:   FromElf.exe V6.19
CPU DLL:         SARMCM3.DLL V5.38.0.0
Dialog DLL:      DCM.DLL V1.17.5.0
Target DLL:      STLink\ST-LINKIII-KEIL_SWO.dll V3.1.0.0
Dialog DLL:      TCM.DLL V1.56.4.0
 
<h2>Project:</h2>
E:\K49 CTU tdh\Big_project\luanvan\FC\main.uvprojx
Project File Date:  08/25/2026

<h2>Output:</h2>
*** Using Compiler 'V6.19', folder: 'E:\Keli_v5\ARM\ARMCLANG\Bin'
Rebuild target 'Target 1'
Note: source file '.\main\flight\drone.c' - object file renamed from '.\Objects\drone.o' to '.\Objects\drone_1.o'.
compiling test_i2c.c...
compiling gpio.c...
compiling test_bmi270.c...
compiling dshot.c...
compiling main.c...
compiling test_task.c...
compiling init.c...
compiling i2c_master.c...
compiling timer.c...
compiling usart.c...
compiling dma.c...
compiling imu_bmi270.c...
compiling drone.c...
compiling clock.c...
compiling smc.c...
compiling pid.c...
compiling drone_scheduler.c...
compiling rasp_com.c...
compiling mixer.c...
compiling task.c...
assembling startup_stm32h750xx.s...
compiling system_stm32h7xx.c...
compiling esekf.c...
linking...
Program Size: Code=23944 RO-data=9272 RW-data=336 ZI-data=6512  
".\Objects\main.axf" - 0 Error(s), 0 Warning(s).

<h2>Software Packages used:</h2>

Package Vendor: ARM
                http://www.keil.com/pack/ARM.CMSIS.5.9.0.pack
                ARM.CMSIS.5.9.0
                CMSIS (Common Microcontroller Software Interface Standard)
   * Component: CORE Version: 5.6.0

Package Vendor: Keil
                https://www.keil.com/pack/Keil.STM32H7xx_DFP.3.1.1.pack
                Keil.STM32H7xx_DFP.3.1.1
                STMicroelectronics STM32H7 Series Device Support and Examples
   * Component: Startup Version: 1.11.0

<h2>Collection of Component include folders:</h2>
  ./RTE/_Target_1
  E:/Keli_v5/Pack/ARM/CMSIS/5.9.0/CMSIS/Core/Include
  E:/Keli_v5/Pack/Keil/STM32H7xx_DFP/3.1.1/Drivers/CMSIS/Device/ST/STM32H7xx/Include

<h2>Collection of Component Files used:</h2>

   * Component: ARM::CMSIS:CORE:5.6.0

   * Component: Keil::Device:Startup:1.11.0
      Include file:  Drivers/CMSIS/Device/ST/STM32H7xx/Include/stm32h7xx.h
      Source file:   Drivers/CMSIS/Device/ST/STM32H7xx/Source/Templates/arm/startup_stm32h750xx.s
      Source file:   Drivers/CMSIS/Device/ST/STM32H7xx/Source/Templates/system_stm32h7xx.c
Build Time Elapsed:  00:00:01
</pre>
</body>
</html>
