<html>
<body>
<pre>
<h1>µVision Build Log</h1>
<h2>Tool Versions:</h2>
IDE-Version: µVision V5.38.0.0
Copyright (C) 2022 ARM Ltd and ARM Germany GmbH. All rights reserved.
License Information: Huy Zo, 123, LIC=UJWP0-BGEB2-EVI1R-KMGWW-2DWAI-G9K58
 
Tool Versions:
Toolchain:       MDK-ARM Plus  Version: 5.38.0.0
Toolchain Path:  E:\Keli_v5\ARM\ARMCLANG\Bin
C Compiler:      ArmClang.exe V6.19
Assembler:       Armasm.exe V6.19
Linker/Locator:  ArmLink.exe V6.19
Library Manager: ArmAr.exe V6.19
Hex Converter:   FromElf.exe V6.19
CPU DLL:         SARMCM3.DLL V5.38.0.0
Dialog DLL:      DCM.DLL V1.17.5.0
Target DLL:      STLink\ST-LINKIII-KEIL_SWO.dll V3.1.0.0
Dialog DLL:      TCM.DLL V1.56.4.0
 
<h2>Project:</h2>
E:\K49 CTU tdh\Big_project\luanvan\FC\main.uvprojx
Project File Date:  05/13/2026

<h2>Output:</h2>
*** Using Compiler 'V6.19', folder: 'E:\Keli_v5\ARM\ARMCLANG\Bin'
Rebuild target 'Target 1'
compiling croutine.c...
lib/gpio.c(2): warning: In file included from...
./lib/inc\stm32h750vbt6.h(363): warning: no newline at end of file [-Wnewline-eof]
#endif
      ^
lib/gpio.c(51): warning: assigning to 'uint32_t *' (aka 'unsigned int *') from 'volatile uint32_t *' (aka 'volatile unsigned int *') discards qualifiers [-Wincompatible-pointer-types-discards-qualifiers]
            AF = &p->AFR[0];
               ^ ~~~~~~~~~~
lib/gpio.c(56): warning: assigning to 'uint32_t *' (aka 'unsigned int *') from 'volatile uint32_t *' (aka 'volatile unsigned int *') discards qualifiers [-Wincompatible-pointer-types-discards-qualifiers]
            AF = &p->AFR[1];
               ^ ~~~~~~~~~~
lib/gpio.c(138): warning: operator '<<' has lower precedence than '+'; '+' will be evaluated first [-Wshift-op-parentheses]
        p->BSRR |= (1 << pin+16);
                      ~~ ~~~^~~
lib/gpio.c(138): note: place parentheses around the '+' expression to silence this warning
        p->BSRR |= (1 << pin+16);
                            ^
                         (     )
lib/gpio.c(143): warning: operator '<<' has lower precedence than '+'; '+' will be evaluated first [-Wshift-op-parentheses]
        p->BSRR &= ~(1 << pin+16);
                       ~~ ~~~^~~
lib/gpio.c(143): note: place parentheses around the '+' expression to silence this warning
        p->BSRR &= ~(1 << pin+16);
                             ^
                          (     )
lib/gpio.c(153): warning: no newline at end of file [-Wnewline-eof]
}
 ^
6 warnings generated.
compiling gpio.c...
compiling heap_4.c...
compiling list.c...
main/src/main.c(4): warning: no previous prototype for function 'test' [-Wmissing-prototypes]
void test(void)
     ^
main/src/main.c(4): note: declare 'static' if the function is not intended to be used outside of this translation unit
void test(void)
^
static 
main/src/main.c(19): warning: variable 'clk' set but not used [-Wunused-but-set-variable]
    uint32_t clk, res;
             ^
main/src/main.c(19): warning: unused variable 'res' [-Wunused-variable]
    uint32_t clk, res;
                  ^
main/src/main.c(17): warning: no previous prototype for function 'setup' [-Wmissing-prototypes]
void setup(void)
     ^
main/src/main.c(17): note: declare 'static' if the function is not intended to be used outside of this translation unit
void setup(void)
^
static 
main/src/main.c(38): warning: while loop has empty body [-Wempty-body]
        while (1);
                 ^
main/src/main.c(38): note: put the semicolon on a separate line to silence this warning
main/src/main.c(40): warning: 'return' will never be executed [-Wunreachable-code-return]
    return 0;
           ^
6 warnings generated.
compiling main.c...
compiling port.c...
lib/clock.c(2): warning: In file included from...
./lib/inc\stm32h750vbt6.h(363): warning: no newline at end of file [-Wnewline-eof]
#endif
      ^
lib/clock.c(98): warning: no newline at end of file [-Wnewline-eof]
}
 ^
2 warnings generated.
compiling clock.c...
compiling event_groups.c...
compiling timers.c...
compiling stream_buffer.c...
assembling startup_stm32h750xx.s...
compiling queue.c...
compiling tasks.c...
compiling system_stm32h7xx.c...
linking...
Program Size: Code=3148 RO-data=712 RW-data=8 ZI-data=1816  
".\Objects\main.axf" - 0 Error(s), 14 Warning(s).

<h2>Software Packages used:</h2>

Package Vendor: ARM
                http://www.keil.com/pack/ARM.CMSIS.5.9.0.pack
                ARM.CMSIS.5.9.0
                CMSIS (Common Microcontroller Software Interface Standard)
   * Component: CORE Version: 5.6.0

Package Vendor: Keil
                https://www.keil.com/pack/Keil.STM32H7xx_DFP.3.1.1.pack
                Keil.STM32H7xx_DFP.3.1.1
                STMicroelectronics STM32H7 Series Device Support and Examples
   * Component: Startup Version: 1.11.0

<h2>Collection of Component include folders:</h2>
  ./RTE/_Target_1
  E:/Keli_v5/Pack/ARM/CMSIS/5.9.0/CMSIS/Core/Include
  E:/Keli_v5/Pack/Keil/STM32H7xx_DFP/3.1.1/Drivers/CMSIS/Device/ST/STM32H7xx/Include

<h2>Collection of Component Files used:</h2>

   * Component: ARM::CMSIS:CORE:5.6.0

   * Component: Keil::Device:Startup:1.11.0
      Include file:  Drivers/CMSIS/Device/ST/STM32H7xx/Include/stm32h7xx.h
      Source file:   Drivers/CMSIS/Device/ST/STM32H7xx/Source/Templates/arm/startup_stm32h750xx.s
      Source file:   Drivers/CMSIS/Device/ST/STM32H7xx/Source/Templates/system_stm32h7xx.c
Build Time Elapsed:  00:00:00
</pre>
</body>
</html>
