<!doctype html public "-//w3c//dtd html 4.0 transitional//en">
<html><head>
<title>Static Call Graph - [.\Objects\main.axf]</title></head>
<body><HR>
<H1>Static Call Graph for image .\Objects\main.axf</H1><HR>
<BR><P>#&#060CALLGRAPH&#062# ARM Linker, 6190004: Last Updated: Sat Aug 15 14:57:13 2026
<BR><P>
<H3>Maximum Stack Usage =        356 bytes + Unknown(Functions without stacksize, Cycles, Untraceable Function Pointers)</H3><H3>
Call chain for Maximum Stack Depth:</H3>
__rt_entry_main &rArr; main &rArr; system_init &rArr; phase_2_init &rArr; rasp_com_init &rArr; usart_init &rArr; usart_dma_init &rArr; dma_init &rArr; __NVIC_EnableIRQ
<P>
<H3>
Functions with no stack information
</H3><UL>
 <LI><a href="#[b8]">__user_initial_stackheap</a>
</UL>
</UL>
<P>
<H3>
Mutually Recursive functions
</H3> <LI><a href="#[1]">NMI_Handler</a>&nbsp;&nbsp;&nbsp;&rArr;&nbsp;&nbsp;&nbsp;<a href="#[1]">NMI_Handler</a><BR>
 <LI><a href="#[2]">HardFault_Handler</a>&nbsp;&nbsp;&nbsp;&rArr;&nbsp;&nbsp;&nbsp;<a href="#[2]">HardFault_Handler</a><BR>
 <LI><a href="#[3]">MemManage_Handler</a>&nbsp;&nbsp;&nbsp;&rArr;&nbsp;&nbsp;&nbsp;<a href="#[3]">MemManage_Handler</a><BR>
 <LI><a href="#[4]">BusFault_Handler</a>&nbsp;&nbsp;&nbsp;&rArr;&nbsp;&nbsp;&nbsp;<a href="#[4]">BusFault_Handler</a><BR>
 <LI><a href="#[5]">UsageFault_Handler</a>&nbsp;&nbsp;&nbsp;&rArr;&nbsp;&nbsp;&nbsp;<a href="#[5]">UsageFault_Handler</a><BR>
 <LI><a href="#[6]">SVC_Handler</a>&nbsp;&nbsp;&nbsp;&rArr;&nbsp;&nbsp;&nbsp;<a href="#[6]">SVC_Handler</a><BR>
 <LI><a href="#[7]">DebugMon_Handler</a>&nbsp;&nbsp;&nbsp;&rArr;&nbsp;&nbsp;&nbsp;<a href="#[7]">DebugMon_Handler</a><BR>
 <LI><a href="#[8]">PendSV_Handler</a>&nbsp;&nbsp;&nbsp;&rArr;&nbsp;&nbsp;&nbsp;<a href="#[8]">PendSV_Handler</a><BR>
 <LI><a href="#[9]">SysTick_Handler</a>&nbsp;&nbsp;&nbsp;&rArr;&nbsp;&nbsp;&nbsp;<a href="#[9]">SysTick_Handler</a><BR>
 <LI><a href="#[82]">ADC3_IRQHandler</a>&nbsp;&nbsp;&nbsp;&rArr;&nbsp;&nbsp;&nbsp;<a href="#[82]">ADC3_IRQHandler</a><BR>
</UL>
<P>
<H3>
Function Pointers
</H3><UL>
 <LI><a href="#[82]">ADC3_IRQHandler</a> from startup_stm32h750xx.o(.text) referenced from startup_stm32h750xx.o(RESET)
 <LI><a href="#[1c]">ADC_IRQHandler</a> from startup_stm32h750xx.o(.text) referenced from startup_stm32h750xx.o(RESET)
 <LI><a href="#[84]">BDMA_Channel0_IRQHandler</a> from startup_stm32h750xx.o(.text) referenced from startup_stm32h750xx.o(RESET)
 <LI><a href="#[85]">BDMA_Channel1_IRQHandler</a> from startup_stm32h750xx.o(.text) referenced from startup_stm32h750xx.o(RESET)
 <LI><a href="#[86]">BDMA_Channel2_IRQHandler</a> from startup_stm32h750xx.o(.text) referenced from startup_stm32h750xx.o(RESET)
 <LI><a href="#[87]">BDMA_Channel3_IRQHandler</a> from startup_stm32h750xx.o(.text) referenced from startup_stm32h750xx.o(RESET)
 <LI><a href="#[88]">BDMA_Channel4_IRQHandler</a> from startup_stm32h750xx.o(.text) referenced from startup_stm32h750xx.o(RESET)
 <LI><a href="#[89]">BDMA_Channel5_IRQHandler</a> from startup_stm32h750xx.o(.text) referenced from startup_stm32h750xx.o(RESET)
 <LI><a href="#[8a]">BDMA_Channel6_IRQHandler</a> from startup_stm32h750xx.o(.text) referenced from startup_stm32h750xx.o(RESET)
 <LI><a href="#[8b]">BDMA_Channel7_IRQHandler</a> from startup_stm32h750xx.o(.text) referenced from startup_stm32h750xx.o(RESET)
 <LI><a href="#[4]">BusFault_Handler</a> from startup_stm32h750xx.o(.text) referenced from startup_stm32h750xx.o(RESET)
 <LI><a href="#[63]">CEC_IRQHandler</a> from startup_stm32h750xx.o(.text) referenced from startup_stm32h750xx.o(RESET)
 <LI><a href="#[8c]">COMP1_IRQHandler</a> from startup_stm32h750xx.o(.text) referenced from startup_stm32h750xx.o(RESET)
 <LI><a href="#[92]">CRS_IRQHandler</a> from startup_stm32h750xx.o(.text) referenced from startup_stm32h750xx.o(RESET)
 <LI><a href="#[54]">CRYP_IRQHandler</a> from startup_stm32h750xx.o(.text) referenced from startup_stm32h750xx.o(RESET)
 <LI><a href="#[53]">DCMI_IRQHandler</a> from startup_stm32h750xx.o(.text) referenced from startup_stm32h750xx.o(RESET)
 <LI><a href="#[73]">DFSDM1_FLT0_IRQHandler</a> from startup_stm32h750xx.o(.text) referenced from startup_stm32h750xx.o(RESET)
 <LI><a href="#[74]">DFSDM1_FLT1_IRQHandler</a> from startup_stm32h750xx.o(.text) referenced from startup_stm32h750xx.o(RESET)
 <LI><a href="#[75]">DFSDM1_FLT2_IRQHandler</a> from startup_stm32h750xx.o(.text) referenced from startup_stm32h750xx.o(RESET)
 <LI><a href="#[76]">DFSDM1_FLT3_IRQHandler</a> from startup_stm32h750xx.o(.text) referenced from startup_stm32h750xx.o(RESET)
 <LI><a href="#[15]">DMA1_Stream0_IRQHandler</a> from dshot.o(.text.DMA1_Stream0_IRQHandler) referenced from startup_stm32h750xx.o(RESET)
 <LI><a href="#[16]">DMA1_Stream1_IRQHandler</a> from dma.o(.text.DMA1_Stream1_IRQHandler) referenced from startup_stm32h750xx.o(RESET)
 <LI><a href="#[17]">DMA1_Stream2_IRQHandler</a> from dma.o(.text.DMA1_Stream2_IRQHandler) referenced from startup_stm32h750xx.o(RESET)
 <LI><a href="#[18]">DMA1_Stream3_IRQHandler</a> from dma.o(.text.DMA1_Stream3_IRQHandler) referenced from startup_stm32h750xx.o(RESET)
 <LI><a href="#[19]">DMA1_Stream4_IRQHandler</a> from dma.o(.text.DMA1_Stream4_IRQHandler) referenced from startup_stm32h750xx.o(RESET)
 <LI><a href="#[1a]">DMA1_Stream5_IRQHandler</a> from dma.o(.text.DMA1_Stream5_IRQHandler) referenced from startup_stm32h750xx.o(RESET)
 <LI><a href="#[1b]">DMA1_Stream6_IRQHandler</a> from dma.o(.text.DMA1_Stream6_IRQHandler) referenced from startup_stm32h750xx.o(RESET)
 <LI><a href="#[38]">DMA1_Stream7_IRQHandler</a> from dma.o(.text.DMA1_Stream7_IRQHandler) referenced from startup_stm32h750xx.o(RESET)
 <LI><a href="#[5f]">DMA2D_IRQHandler</a> from startup_stm32h750xx.o(.text) referenced from startup_stm32h750xx.o(RESET)
 <LI><a href="#[41]">DMA2_Stream0_IRQHandler</a> from dma.o(.text.DMA2_Stream0_IRQHandler) referenced from startup_stm32h750xx.o(RESET)
 <LI><a href="#[42]">DMA2_Stream1_IRQHandler</a> from dma.o(.text.DMA2_Stream1_IRQHandler) referenced from startup_stm32h750xx.o(RESET)
 <LI><a href="#[43]">DMA2_Stream2_IRQHandler</a> from dma.o(.text.DMA2_Stream2_IRQHandler) referenced from startup_stm32h750xx.o(RESET)
 <LI><a href="#[44]">DMA2_Stream3_IRQHandler</a> from dma.o(.text.DMA2_Stream3_IRQHandler) referenced from startup_stm32h750xx.o(RESET)
 <LI><a href="#[45]">DMA2_Stream4_IRQHandler</a> from dma.o(.text.DMA2_Stream4_IRQHandler) referenced from startup_stm32h750xx.o(RESET)
 <LI><a href="#[49]">DMA2_Stream5_IRQHandler</a> from dma.o(.text.DMA2_Stream5_IRQHandler) referenced from startup_stm32h750xx.o(RESET)
 <LI><a href="#[4a]">DMA2_Stream6_IRQHandler</a> from dma.o(.text.DMA2_Stream6_IRQHandler) referenced from startup_stm32h750xx.o(RESET)
 <LI><a href="#[4b]">DMA2_Stream7_IRQHandler</a> from dma.o(.text.DMA2_Stream7_IRQHandler) referenced from startup_stm32h750xx.o(RESET)
 <LI><a href="#[6b]">DMAMUX1_OVR_IRQHandler</a> from startup_stm32h750xx.o(.text) referenced from startup_stm32h750xx.o(RESET)
 <LI><a href="#[83]">DMAMUX2_OVR_IRQHandler</a> from startup_stm32h750xx.o(.text) referenced from startup_stm32h750xx.o(RESET)
 <LI><a href="#[7]">DebugMon_Handler</a> from startup_stm32h750xx.o(.text) referenced from startup_stm32h750xx.o(RESET)
 <LI><a href="#[93]">ECC_IRQHandler</a> from startup_stm32h750xx.o(.text) referenced from startup_stm32h750xx.o(RESET)
 <LI><a href="#[46]">ETH_IRQHandler</a> from startup_stm32h750xx.o(.text) referenced from startup_stm32h750xx.o(RESET)
 <LI><a href="#[47]">ETH_WKUP_IRQHandler</a> from startup_stm32h750xx.o(.text) referenced from startup_stm32h750xx.o(RESET)
 <LI><a href="#[10]">EXTI0_IRQHandler</a> from startup_stm32h750xx.o(.text) referenced from startup_stm32h750xx.o(RESET)
 <LI><a href="#[32]">EXTI15_10_IRQHandler</a> from startup_stm32h750xx.o(.text) referenced from startup_stm32h750xx.o(RESET)
 <LI><a href="#[11]">EXTI1_IRQHandler</a> from startup_stm32h750xx.o(.text) referenced from startup_stm32h750xx.o(RESET)
 <LI><a href="#[12]">EXTI2_IRQHandler</a> from startup_stm32h750xx.o(.text) referenced from startup_stm32h750xx.o(RESET)
 <LI><a href="#[13]">EXTI3_IRQHandler</a> from startup_stm32h750xx.o(.text) referenced from startup_stm32h750xx.o(RESET)
 <LI><a href="#[14]">EXTI4_IRQHandler</a> from startup_stm32h750xx.o(.text) referenced from startup_stm32h750xx.o(RESET)
 <LI><a href="#[21]">EXTI9_5_IRQHandler</a> from startup_stm32h750xx.o(.text) referenced from startup_stm32h750xx.o(RESET)
 <LI><a href="#[1d]">FDCAN1_IT0_IRQHandler</a> from startup_stm32h750xx.o(.text) referenced from startup_stm32h750xx.o(RESET)
 <LI><a href="#[1f]">FDCAN1_IT1_IRQHandler</a> from startup_stm32h750xx.o(.text) referenced from startup_stm32h750xx.o(RESET)
 <LI><a href="#[1e]">FDCAN2_IT0_IRQHandler</a> from startup_stm32h750xx.o(.text) referenced from startup_stm32h750xx.o(RESET)
 <LI><a href="#[20]">FDCAN2_IT1_IRQHandler</a> from startup_stm32h750xx.o(.text) referenced from startup_stm32h750xx.o(RESET)
 <LI><a href="#[48]">FDCAN_CAL_IRQHandler</a> from startup_stm32h750xx.o(.text) referenced from startup_stm32h750xx.o(RESET)
 <LI><a href="#[e]">FLASH_IRQHandler</a> from startup_stm32h750xx.o(.text) referenced from startup_stm32h750xx.o(RESET)
 <LI><a href="#[39]">FMC_IRQHandler</a> from startup_stm32h750xx.o(.text) referenced from startup_stm32h750xx.o(RESET)
 <LI><a href="#[56]">FPU_IRQHandler</a> from startup_stm32h750xx.o(.text) referenced from startup_stm32h750xx.o(RESET)
 <LI><a href="#[55]">HASH_RNG_IRQHandler</a> from startup_stm32h750xx.o(.text) referenced from startup_stm32h750xx.o(RESET)
 <LI><a href="#[72]">HRTIM1_FLT_IRQHandler</a> from startup_stm32h750xx.o(.text) referenced from startup_stm32h750xx.o(RESET)
 <LI><a href="#[6c]">HRTIM1_Master_IRQHandler</a> from startup_stm32h750xx.o(.text) referenced from startup_stm32h750xx.o(RESET)
 <LI><a href="#[6d]">HRTIM1_TIMA_IRQHandler</a> from startup_stm32h750xx.o(.text) referenced from startup_stm32h750xx.o(RESET)
 <LI><a href="#[6e]">HRTIM1_TIMB_IRQHandler</a> from startup_stm32h750xx.o(.text) referenced from startup_stm32h750xx.o(RESET)
 <LI><a href="#[6f]">HRTIM1_TIMC_IRQHandler</a> from startup_stm32h750xx.o(.text) referenced from startup_stm32h750xx.o(RESET)
 <LI><a href="#[70]">HRTIM1_TIMD_IRQHandler</a> from startup_stm32h750xx.o(.text) referenced from startup_stm32h750xx.o(RESET)
 <LI><a href="#[71]">HRTIM1_TIME_IRQHandler</a> from startup_stm32h750xx.o(.text) referenced from startup_stm32h750xx.o(RESET)
 <LI><a href="#[81]">HSEM1_IRQHandler</a> from startup_stm32h750xx.o(.text) referenced from startup_stm32h750xx.o(RESET)
 <LI><a href="#[2]">HardFault_Handler</a> from startup_stm32h750xx.o(.text) referenced from startup_stm32h750xx.o(RESET)
 <LI><a href="#[2a]">I2C1_ER_IRQHandler</a> from startup_stm32h750xx.o(.text) referenced from startup_stm32h750xx.o(RESET)
 <LI><a href="#[29]">I2C1_EV_IRQHandler</a> from startup_stm32h750xx.o(.text) referenced from startup_stm32h750xx.o(RESET)
 <LI><a href="#[2c]">I2C2_ER_IRQHandler</a> from startup_stm32h750xx.o(.text) referenced from startup_stm32h750xx.o(RESET)
 <LI><a href="#[2b]">I2C2_EV_IRQHandler</a> from startup_stm32h750xx.o(.text) referenced from startup_stm32h750xx.o(RESET)
 <LI><a href="#[4e]">I2C3_ER_IRQHandler</a> from startup_stm32h750xx.o(.text) referenced from startup_stm32h750xx.o(RESET)
 <LI><a href="#[4d]">I2C3_EV_IRQHandler</a> from startup_stm32h750xx.o(.text) referenced from startup_stm32h750xx.o(RESET)
 <LI><a href="#[65]">I2C4_ER_IRQHandler</a> from startup_stm32h750xx.o(.text) referenced from startup_stm32h750xx.o(RESET)
 <LI><a href="#[64]">I2C4_EV_IRQHandler</a> from startup_stm32h750xx.o(.text) referenced from startup_stm32h750xx.o(RESET)
 <LI><a href="#[7e]">JPEG_IRQHandler</a> from startup_stm32h750xx.o(.text) referenced from startup_stm32h750xx.o(RESET)
 <LI><a href="#[62]">LPTIM1_IRQHandler</a> from startup_stm32h750xx.o(.text) referenced from startup_stm32h750xx.o(RESET)
 <LI><a href="#[8d]">LPTIM2_IRQHandler</a> from startup_stm32h750xx.o(.text) referenced from startup_stm32h750xx.o(RESET)
 <LI><a href="#[8e]">LPTIM3_IRQHandler</a> from startup_stm32h750xx.o(.text) referenced from startup_stm32h750xx.o(RESET)
 <LI><a href="#[8f]">LPTIM4_IRQHandler</a> from startup_stm32h750xx.o(.text) referenced from startup_stm32h750xx.o(RESET)
 <LI><a href="#[90]">LPTIM5_IRQHandler</a> from startup_stm32h750xx.o(.text) referenced from startup_stm32h750xx.o(RESET)
 <LI><a href="#[91]">LPUART1_IRQHandler</a> from startup_stm32h750xx.o(.text) referenced from startup_stm32h750xx.o(RESET)
 <LI><a href="#[5e]">LTDC_ER_IRQHandler</a> from startup_stm32h750xx.o(.text) referenced from startup_stm32h750xx.o(RESET)
 <LI><a href="#[5d]">LTDC_IRQHandler</a> from startup_stm32h750xx.o(.text) referenced from startup_stm32h750xx.o(RESET)
 <LI><a href="#[7d]">MDIOS_IRQHandler</a> from startup_stm32h750xx.o(.text) referenced from startup_stm32h750xx.o(RESET)
 <LI><a href="#[7c]">MDIOS_WKUP_IRQHandler</a> from startup_stm32h750xx.o(.text) referenced from startup_stm32h750xx.o(RESET)
 <LI><a href="#[7f]">MDMA_IRQHandler</a> from startup_stm32h750xx.o(.text) referenced from startup_stm32h750xx.o(RESET)
 <LI><a href="#[3]">MemManage_Handler</a> from startup_stm32h750xx.o(.text) referenced from startup_stm32h750xx.o(RESET)
 <LI><a href="#[1]">NMI_Handler</a> from startup_stm32h750xx.o(.text) referenced from startup_stm32h750xx.o(RESET)
 <LI><a href="#[68]">OTG_FS_EP1_IN_IRQHandler</a> from startup_stm32h750xx.o(.text) referenced from startup_stm32h750xx.o(RESET)
 <LI><a href="#[67]">OTG_FS_EP1_OUT_IRQHandler</a> from startup_stm32h750xx.o(.text) referenced from startup_stm32h750xx.o(RESET)
 <LI><a href="#[6a]">OTG_FS_IRQHandler</a> from startup_stm32h750xx.o(.text) referenced from startup_stm32h750xx.o(RESET)
 <LI><a href="#[69]">OTG_FS_WKUP_IRQHandler</a> from startup_stm32h750xx.o(.text) referenced from startup_stm32h750xx.o(RESET)
 <LI><a href="#[50]">OTG_HS_EP1_IN_IRQHandler</a> from startup_stm32h750xx.o(.text) referenced from startup_stm32h750xx.o(RESET)
 <LI><a href="#[4f]">OTG_HS_EP1_OUT_IRQHandler</a> from startup_stm32h750xx.o(.text) referenced from startup_stm32h750xx.o(RESET)
 <LI><a href="#[52]">OTG_HS_IRQHandler</a> from startup_stm32h750xx.o(.text) referenced from startup_stm32h750xx.o(RESET)
 <LI><a href="#[51]">OTG_HS_WKUP_IRQHandler</a> from startup_stm32h750xx.o(.text) referenced from startup_stm32h750xx.o(RESET)
 <LI><a href="#[b]">PVD_AVD_IRQHandler</a> from startup_stm32h750xx.o(.text) referenced from startup_stm32h750xx.o(RESET)
 <LI><a href="#[8]">PendSV_Handler</a> from startup_stm32h750xx.o(.text) referenced from startup_stm32h750xx.o(RESET)
 <LI><a href="#[61]">QUADSPI_IRQHandler</a> from startup_stm32h750xx.o(.text) referenced from startup_stm32h750xx.o(RESET)
 <LI><a href="#[f]">RCC_IRQHandler</a> from startup_stm32h750xx.o(.text) referenced from startup_stm32h750xx.o(RESET)
 <LI><a href="#[33]">RTC_Alarm_IRQHandler</a> from startup_stm32h750xx.o(.text) referenced from startup_stm32h750xx.o(RESET)
 <LI><a href="#[d]">RTC_WKUP_IRQHandler</a> from startup_stm32h750xx.o(.text) referenced from startup_stm32h750xx.o(RESET)
 <LI><a href="#[0]">Reset_Handler</a> from startup_stm32h750xx.o(.text) referenced from startup_stm32h750xx.o(RESET)
 <LI><a href="#[5c]">SAI1_IRQHandler</a> from startup_stm32h750xx.o(.text) referenced from startup_stm32h750xx.o(RESET)
 <LI><a href="#[60]">SAI2_IRQHandler</a> from startup_stm32h750xx.o(.text) referenced from startup_stm32h750xx.o(RESET)
 <LI><a href="#[77]">SAI3_IRQHandler</a> from startup_stm32h750xx.o(.text) referenced from startup_stm32h750xx.o(RESET)
 <LI><a href="#[94]">SAI4_IRQHandler</a> from startup_stm32h750xx.o(.text) referenced from startup_stm32h750xx.o(RESET)
 <LI><a href="#[3a]">SDMMC1_IRQHandler</a> from startup_stm32h750xx.o(.text) referenced from startup_stm32h750xx.o(RESET)
 <LI><a href="#[80]">SDMMC2_IRQHandler</a> from startup_stm32h750xx.o(.text) referenced from startup_stm32h750xx.o(RESET)
 <LI><a href="#[66]">SPDIF_RX_IRQHandler</a> from startup_stm32h750xx.o(.text) referenced from startup_stm32h750xx.o(RESET)
 <LI><a href="#[2d]">SPI1_IRQHandler</a> from startup_stm32h750xx.o(.text) referenced from startup_stm32h750xx.o(RESET)
 <LI><a href="#[2e]">SPI2_IRQHandler</a> from startup_stm32h750xx.o(.text) referenced from startup_stm32h750xx.o(RESET)
 <LI><a href="#[3c]">SPI3_IRQHandler</a> from startup_stm32h750xx.o(.text) referenced from startup_stm32h750xx.o(RESET)
 <LI><a href="#[59]">SPI4_IRQHandler</a> from startup_stm32h750xx.o(.text) referenced from startup_stm32h750xx.o(RESET)
 <LI><a href="#[5a]">SPI5_IRQHandler</a> from startup_stm32h750xx.o(.text) referenced from startup_stm32h750xx.o(RESET)
 <LI><a href="#[5b]">SPI6_IRQHandler</a> from startup_stm32h750xx.o(.text) referenced from startup_stm32h750xx.o(RESET)
 <LI><a href="#[6]">SVC_Handler</a> from startup_stm32h750xx.o(.text) referenced from startup_stm32h750xx.o(RESET)
 <LI><a href="#[78]">SWPMI1_IRQHandler</a> from startup_stm32h750xx.o(.text) referenced from startup_stm32h750xx.o(RESET)
 <LI><a href="#[9]">SysTick_Handler</a> from startup_stm32h750xx.o(.text) referenced from startup_stm32h750xx.o(RESET)
 <LI><a href="#[96]">SystemInit</a> from system_stm32h7xx.o(.text.SystemInit) referenced from startup_stm32h750xx.o(.text)
 <LI><a href="#[c]">TAMP_STAMP_IRQHandler</a> from startup_stm32h750xx.o(.text) referenced from startup_stm32h750xx.o(RESET)
 <LI><a href="#[79]">TIM15_IRQHandler</a> from startup_stm32h750xx.o(.text) referenced from startup_stm32h750xx.o(RESET)
 <LI><a href="#[7a]">TIM16_IRQHandler</a> from startup_stm32h750xx.o(.text) referenced from startup_stm32h750xx.o(RESET)
 <LI><a href="#[7b]">TIM17_IRQHandler</a> from startup_stm32h750xx.o(.text) referenced from startup_stm32h750xx.o(RESET)
 <LI><a href="#[22]">TIM1_BRK_IRQHandler</a> from startup_stm32h750xx.o(.text) referenced from startup_stm32h750xx.o(RESET)
 <LI><a href="#[25]">TIM1_CC_IRQHandler</a> from startup_stm32h750xx.o(.text) referenced from startup_stm32h750xx.o(RESET)
 <LI><a href="#[24]">TIM1_TRG_COM_IRQHandler</a> from startup_stm32h750xx.o(.text) referenced from startup_stm32h750xx.o(RESET)
 <LI><a href="#[23]">TIM1_UP_IRQHandler</a> from startup_stm32h750xx.o(.text) referenced from startup_stm32h750xx.o(RESET)
 <LI><a href="#[26]">TIM2_IRQHandler</a> from startup_stm32h750xx.o(.text) referenced from startup_stm32h750xx.o(RESET)
 <LI><a href="#[27]">TIM3_IRQHandler</a> from startup_stm32h750xx.o(.text) referenced from startup_stm32h750xx.o(RESET)
 <LI><a href="#[28]">TIM4_IRQHandler</a> from startup_stm32h750xx.o(.text) referenced from startup_stm32h750xx.o(RESET)
 <LI><a href="#[3b]">TIM5_IRQHandler</a> from startup_stm32h750xx.o(.text) referenced from startup_stm32h750xx.o(RESET)
 <LI><a href="#[3f]">TIM6_DAC_IRQHandler</a> from startup_stm32h750xx.o(.text) referenced from startup_stm32h750xx.o(RESET)
 <LI><a href="#[40]">TIM7_IRQHandler</a> from startup_stm32h750xx.o(.text) referenced from startup_stm32h750xx.o(RESET)
 <LI><a href="#[34]">TIM8_BRK_TIM12_IRQHandler</a> from startup_stm32h750xx.o(.text) referenced from startup_stm32h750xx.o(RESET)
 <LI><a href="#[37]">TIM8_CC_IRQHandler</a> from startup_stm32h750xx.o(.text) referenced from startup_stm32h750xx.o(RESET)
 <LI><a href="#[36]">TIM8_TRG_COM_TIM14_IRQHandler</a> from startup_stm32h750xx.o(.text) referenced from startup_stm32h750xx.o(RESET)
 <LI><a href="#[35]">TIM8_UP_TIM13_IRQHandler</a> from startup_stm32h750xx.o(.text) referenced from startup_stm32h750xx.o(RESET)
 <LI><a href="#[3d]">UART4_IRQHandler</a> from startup_stm32h750xx.o(.text) referenced from startup_stm32h750xx.o(RESET)
 <LI><a href="#[3e]">UART5_IRQHandler</a> from startup_stm32h750xx.o(.text) referenced from startup_stm32h750xx.o(RESET)
 <LI><a href="#[57]">UART7_IRQHandler</a> from startup_stm32h750xx.o(.text) referenced from startup_stm32h750xx.o(RESET)
 <LI><a href="#[58]">UART8_IRQHandler</a> from startup_stm32h750xx.o(.text) referenced from startup_stm32h750xx.o(RESET)
 <LI><a href="#[2f]">USART1_IRQHandler</a> from startup_stm32h750xx.o(.text) referenced from startup_stm32h750xx.o(RESET)
 <LI><a href="#[30]">USART2_IRQHandler</a> from startup_stm32h750xx.o(.text) referenced from startup_stm32h750xx.o(RESET)
 <LI><a href="#[31]">USART3_IRQHandler</a> from startup_stm32h750xx.o(.text) referenced from startup_stm32h750xx.o(RESET)
 <LI><a href="#[4c]">USART6_IRQHandler</a> from startup_stm32h750xx.o(.text) referenced from startup_stm32h750xx.o(RESET)
 <LI><a href="#[5]">UsageFault_Handler</a> from startup_stm32h750xx.o(.text) referenced from startup_stm32h750xx.o(RESET)
 <LI><a href="#[95]">WAKEUP_PIN_IRQHandler</a> from startup_stm32h750xx.o(.text) referenced from startup_stm32h750xx.o(RESET)
 <LI><a href="#[a]">WWDG_IRQHandler</a> from startup_stm32h750xx.o(.text) referenced from startup_stm32h750xx.o(RESET)
 <LI><a href="#[97]">__main</a> from __main.o(!!!main) referenced from startup_stm32h750xx.o(.text)
 <LI><a href="#[98]">i2c_callback_handle</a> from i2c_master.o(.text.i2c_callback_handle) referenced 2 times from i2c_master.o(.text.i2c_dma_init)
 <LI><a href="#[99]">usart_callback_dma_rx</a> from usart.o(.text.usart_callback_dma_rx) referenced 2 times from usart.o(.text.usart_init)
</UL>
<P>
<H3>
Global Symbols
</H3>
<P><STRONG><a name="[97]"></a>__main</STRONG> (Thumb, 8 bytes, Stack size 0 bytes, __main.o(!!!main))
<BR><BR>[Calls]<UL><LI><a href="#[9b]">&gt;&gt;</a>&nbsp;&nbsp;&nbsp;__rt_entry
<LI><a href="#[9a]">&gt;&gt;</a>&nbsp;&nbsp;&nbsp;__scatterload
</UL>
<BR>[Address Reference Count : 1]<UL><LI> startup_stm32h750xx.o(.text)
</UL>
<P><STRONG><a name="[9a]"></a>__scatterload</STRONG> (Thumb, 0 bytes, Stack size unknown bytes, __scatter.o(!!!scatter))
<BR><BR>[Called By]<UL><LI><a href="#[97]">&gt;&gt;</a>&nbsp;&nbsp;&nbsp;__main
</UL>

<P><STRONG><a name="[9c]"></a>__scatterload_rt2</STRONG> (Thumb, 44 bytes, Stack size unknown bytes, __scatter.o(!!!scatter), UNUSED)
<BR><BR>[Calls]<UL><LI><a href="#[9b]">&gt;&gt;</a>&nbsp;&nbsp;&nbsp;__rt_entry
</UL>

<P><STRONG><a name="[f5]"></a>__scatterload_rt2_thumb_only</STRONG> (Thumb, 0 bytes, Stack size unknown bytes, __scatter.o(!!!scatter), UNUSED)

<P><STRONG><a name="[f6]"></a>__scatterload_null</STRONG> (Thumb, 0 bytes, Stack size unknown bytes, __scatter.o(!!!scatter), UNUSED)

<P><STRONG><a name="[9d]"></a>__scatterload_copy</STRONG> (Thumb, 26 bytes, Stack size unknown bytes, __scatter_copy.o(!!handler_copy), UNUSED)
<BR><BR>[Calls]<UL><LI><a href="#[9d]">&gt;&gt;</a>&nbsp;&nbsp;&nbsp;__scatterload_copy
</UL>
<BR>[Called By]<UL><LI><a href="#[9d]">&gt;&gt;</a>&nbsp;&nbsp;&nbsp;__scatterload_copy
</UL>

<P><STRONG><a name="[f7]"></a>__scatterload_zeroinit</STRONG> (Thumb, 28 bytes, Stack size unknown bytes, __scatter_zi.o(!!handler_zi), UNUSED)

<P><STRONG><a name="[a5]"></a>__rt_lib_init</STRONG> (Thumb, 0 bytes, Stack size unknown bytes, libinit.o(.ARM.Collect$$libinit$$00000000))
<BR><BR>[Called By]<UL><LI><a href="#[a4]">&gt;&gt;</a>&nbsp;&nbsp;&nbsp;__rt_entry_li
</UL>

<P><STRONG><a name="[9e]"></a>__rt_lib_init_fp_1</STRONG> (Thumb, 0 bytes, Stack size unknown bytes, libinit2.o(.ARM.Collect$$libinit$$00000001))
<BR><BR>[Calls]<UL><LI><a href="#[9f]">&gt;&gt;</a>&nbsp;&nbsp;&nbsp;_fp_init
</UL>

<P><STRONG><a name="[a0]"></a>__rt_lib_init_heap_2</STRONG> (Thumb, 0 bytes, Stack size unknown bytes, libinit2.o(.ARM.Collect$$libinit$$00000007))
<BR><BR>[Stack]<UL><LI>Max Depth = 64 + Unknown Stack Size
<LI>Call Chain = __rt_lib_init_heap_2 &rArr; _init_alloc &rArr; __rt_SIGRTMEM &rArr; __rt_SIGRTMEM_inner &rArr; __default_signal_display &rArr; _ttywrch
</UL>
<BR>[Calls]<UL><LI><a href="#[a1]">&gt;&gt;</a>&nbsp;&nbsp;&nbsp;_init_alloc
</UL>

<P><STRONG><a name="[f8]"></a>__rt_lib_init_preinit_1</STRONG> (Thumb, 0 bytes, Stack size unknown bytes, libinit2.o(.ARM.Collect$$libinit$$00000006))

<P><STRONG><a name="[f9]"></a>__rt_lib_init_relocate_pie_1</STRONG> (Thumb, 0 bytes, Stack size unknown bytes, libinit2.o(.ARM.Collect$$libinit$$00000004))

<P><STRONG><a name="[fa]"></a>__rt_lib_init_alloca_1</STRONG> (Thumb, 0 bytes, Stack size unknown bytes, libinit2.o(.ARM.Collect$$libinit$$00000030))

<P><STRONG><a name="[fb]"></a>__rt_lib_init_argv_1</STRONG> (Thumb, 0 bytes, Stack size unknown bytes, libinit2.o(.ARM.Collect$$libinit$$0000002E))

<P><STRONG><a name="[fc]"></a>__rt_lib_init_atexit_1</STRONG> (Thumb, 0 bytes, Stack size unknown bytes, libinit2.o(.ARM.Collect$$libinit$$0000001D))

<P><STRONG><a name="[fd]"></a>__rt_lib_init_clock_1</STRONG> (Thumb, 0 bytes, Stack size unknown bytes, libinit2.o(.ARM.Collect$$libinit$$00000023))

<P><STRONG><a name="[fe]"></a>__rt_lib_init_cpp_1</STRONG> (Thumb, 0 bytes, Stack size unknown bytes, libinit2.o(.ARM.Collect$$libinit$$00000034))

<P><STRONG><a name="[ff]"></a>__rt_lib_init_exceptions_1</STRONG> (Thumb, 0 bytes, Stack size unknown bytes, libinit2.o(.ARM.Collect$$libinit$$00000032))

<P><STRONG><a name="[100]"></a>__rt_lib_init_fp_trap_1</STRONG> (Thumb, 0 bytes, Stack size unknown bytes, libinit2.o(.ARM.Collect$$libinit$$00000021))

<P><STRONG><a name="[101]"></a>__rt_lib_init_getenv_1</STRONG> (Thumb, 0 bytes, Stack size unknown bytes, libinit2.o(.ARM.Collect$$libinit$$00000025))

<P><STRONG><a name="[102]"></a>__rt_lib_init_heap_1</STRONG> (Thumb, 0 bytes, Stack size unknown bytes, libinit2.o(.ARM.Collect$$libinit$$0000000C))

<P><STRONG><a name="[103]"></a>__rt_lib_init_lc_collate_1</STRONG> (Thumb, 0 bytes, Stack size unknown bytes, libinit2.o(.ARM.Collect$$libinit$$00000013))

<P><STRONG><a name="[104]"></a>__rt_lib_init_lc_ctype_1</STRONG> (Thumb, 0 bytes, Stack size unknown bytes, libinit2.o(.ARM.Collect$$libinit$$00000015))

<P><STRONG><a name="[105]"></a>__rt_lib_init_lc_monetary_1</STRONG> (Thumb, 0 bytes, Stack size unknown bytes, libinit2.o(.ARM.Collect$$libinit$$00000017))

<P><STRONG><a name="[106]"></a>__rt_lib_init_lc_numeric_1</STRONG> (Thumb, 0 bytes, Stack size unknown bytes, libinit2.o(.ARM.Collect$$libinit$$00000019))

<P><STRONG><a name="[107]"></a>__rt_lib_init_lc_time_1</STRONG> (Thumb, 0 bytes, Stack size unknown bytes, libinit2.o(.ARM.Collect$$libinit$$0000001B))

<P><STRONG><a name="[108]"></a>__rt_lib_init_rand_1</STRONG> (Thumb, 0 bytes, Stack size unknown bytes, libinit2.o(.ARM.Collect$$libinit$$00000010))

<P><STRONG><a name="[109]"></a>__rt_lib_init_return</STRONG> (Thumb, 0 bytes, Stack size unknown bytes, libinit2.o(.ARM.Collect$$libinit$$00000035))

<P><STRONG><a name="[10a]"></a>__rt_lib_init_signal_1</STRONG> (Thumb, 0 bytes, Stack size unknown bytes, libinit2.o(.ARM.Collect$$libinit$$0000001F))

<P><STRONG><a name="[10b]"></a>__rt_lib_init_stdio_1</STRONG> (Thumb, 0 bytes, Stack size unknown bytes, libinit2.o(.ARM.Collect$$libinit$$00000027))

<P><STRONG><a name="[10c]"></a>__rt_lib_init_user_alloc_1</STRONG> (Thumb, 0 bytes, Stack size unknown bytes, libinit2.o(.ARM.Collect$$libinit$$0000000E))

<P><STRONG><a name="[aa]"></a>__rt_lib_shutdown</STRONG> (Thumb, 0 bytes, Stack size unknown bytes, libshutdown.o(.ARM.Collect$$libshutdown$$00000000))
<BR><BR>[Called By]<UL><LI><a href="#[a9]">&gt;&gt;</a>&nbsp;&nbsp;&nbsp;__rt_exit_ls
</UL>

<P><STRONG><a name="[10d]"></a>__rt_lib_shutdown_cpp_1</STRONG> (Thumb, 0 bytes, Stack size unknown bytes, libshutdown2.o(.ARM.Collect$$libshutdown$$00000002))

<P><STRONG><a name="[10e]"></a>__rt_lib_shutdown_fp_trap_1</STRONG> (Thumb, 0 bytes, Stack size unknown bytes, libshutdown2.o(.ARM.Collect$$libshutdown$$00000007))

<P><STRONG><a name="[10f]"></a>__rt_lib_shutdown_heap_1</STRONG> (Thumb, 0 bytes, Stack size unknown bytes, libshutdown2.o(.ARM.Collect$$libshutdown$$0000000F))

<P><STRONG><a name="[110]"></a>__rt_lib_shutdown_return</STRONG> (Thumb, 0 bytes, Stack size unknown bytes, libshutdown2.o(.ARM.Collect$$libshutdown$$00000010))

<P><STRONG><a name="[111]"></a>__rt_lib_shutdown_signal_1</STRONG> (Thumb, 0 bytes, Stack size unknown bytes, libshutdown2.o(.ARM.Collect$$libshutdown$$0000000A))

<P><STRONG><a name="[112]"></a>__rt_lib_shutdown_stdio_1</STRONG> (Thumb, 0 bytes, Stack size unknown bytes, libshutdown2.o(.ARM.Collect$$libshutdown$$00000004))

<P><STRONG><a name="[113]"></a>__rt_lib_shutdown_user_alloc_1</STRONG> (Thumb, 0 bytes, Stack size unknown bytes, libshutdown2.o(.ARM.Collect$$libshutdown$$0000000C))

<P><STRONG><a name="[9b]"></a>__rt_entry</STRONG> (Thumb, 0 bytes, Stack size unknown bytes, __rtentry.o(.ARM.Collect$$rtentry$$00000000))
<BR><BR>[Called By]<UL><LI><a href="#[97]">&gt;&gt;</a>&nbsp;&nbsp;&nbsp;__main
<LI><a href="#[9c]">&gt;&gt;</a>&nbsp;&nbsp;&nbsp;__scatterload_rt2
</UL>

<P><STRONG><a name="[114]"></a>__rt_entry_presh_1</STRONG> (Thumb, 0 bytes, Stack size unknown bytes, __rtentry2.o(.ARM.Collect$$rtentry$$00000002))

<P><STRONG><a name="[a2]"></a>__rt_entry_sh</STRONG> (Thumb, 0 bytes, Stack size unknown bytes, __rtentry4.o(.ARM.Collect$$rtentry$$00000004))
<BR><BR>[Stack]<UL><LI>Max Depth = 8 + Unknown Stack Size
<LI>Call Chain = __rt_entry_sh &rArr; __user_setup_stackheap
</UL>
<BR>[Calls]<UL><LI><a href="#[a3]">&gt;&gt;</a>&nbsp;&nbsp;&nbsp;__user_setup_stackheap
</UL>

<P><STRONG><a name="[a4]"></a>__rt_entry_li</STRONG> (Thumb, 0 bytes, Stack size unknown bytes, __rtentry2.o(.ARM.Collect$$rtentry$$0000000A))
<BR><BR>[Calls]<UL><LI><a href="#[a5]">&gt;&gt;</a>&nbsp;&nbsp;&nbsp;__rt_lib_init
</UL>

<P><STRONG><a name="[115]"></a>__rt_entry_postsh_1</STRONG> (Thumb, 0 bytes, Stack size unknown bytes, __rtentry2.o(.ARM.Collect$$rtentry$$00000009))

<P><STRONG><a name="[a6]"></a>__rt_entry_main</STRONG> (Thumb, 0 bytes, Stack size unknown bytes, __rtentry2.o(.ARM.Collect$$rtentry$$0000000D))
<BR><BR>[Stack]<UL><LI>Max Depth = 356 + Unknown Stack Size
<LI>Call Chain = __rt_entry_main &rArr; main &rArr; system_init &rArr; phase_2_init &rArr; rasp_com_init &rArr; usart_init &rArr; usart_dma_init &rArr; dma_init &rArr; __NVIC_EnableIRQ
</UL>
<BR>[Calls]<UL><LI><a href="#[a7]">&gt;&gt;</a>&nbsp;&nbsp;&nbsp;main
<LI><a href="#[a8]">&gt;&gt;</a>&nbsp;&nbsp;&nbsp;exit
</UL>

<P><STRONG><a name="[116]"></a>__rt_entry_postli_1</STRONG> (Thumb, 0 bytes, Stack size unknown bytes, __rtentry2.o(.ARM.Collect$$rtentry$$0000000C))

<P><STRONG><a name="[b9]"></a>__rt_exit</STRONG> (Thumb, 0 bytes, Stack size unknown bytes, rtexit.o(.ARM.Collect$$rtexit$$00000000))
<BR><BR>[Called By]<UL><LI><a href="#[a8]">&gt;&gt;</a>&nbsp;&nbsp;&nbsp;exit
</UL>

<P><STRONG><a name="[a9]"></a>__rt_exit_ls</STRONG> (Thumb, 0 bytes, Stack size unknown bytes, rtexit2.o(.ARM.Collect$$rtexit$$00000003))
<BR><BR>[Calls]<UL><LI><a href="#[aa]">&gt;&gt;</a>&nbsp;&nbsp;&nbsp;__rt_lib_shutdown
</UL>

<P><STRONG><a name="[117]"></a>__rt_exit_prels_1</STRONG> (Thumb, 0 bytes, Stack size unknown bytes, rtexit2.o(.ARM.Collect$$rtexit$$00000002))

<P><STRONG><a name="[ab]"></a>__rt_exit_exit</STRONG> (Thumb, 0 bytes, Stack size unknown bytes, rtexit2.o(.ARM.Collect$$rtexit$$00000004))
<BR><BR>[Calls]<UL><LI><a href="#[ac]">&gt;&gt;</a>&nbsp;&nbsp;&nbsp;_sys_exit
</UL>

<P><STRONG><a name="[0]"></a>Reset_Handler</STRONG> (Thumb, 8 bytes, Stack size 0 bytes, startup_stm32h750xx.o(.text))
<BR>[Address Reference Count : 1]<UL><LI> startup_stm32h750xx.o(RESET)
</UL>
<P><STRONG><a name="[1]"></a>NMI_Handler</STRONG> (Thumb, 2 bytes, Stack size 0 bytes, startup_stm32h750xx.o(.text))
<BR><BR>[Calls]<UL><LI><a href="#[1]">&gt;&gt;</a>&nbsp;&nbsp;&nbsp;NMI_Handler
</UL>
<BR>[Called By]<UL><LI><a href="#[1]">&gt;&gt;</a>&nbsp;&nbsp;&nbsp;NMI_Handler
</UL>
<BR>[Address Reference Count : 1]<UL><LI> startup_stm32h750xx.o(RESET)
</UL>
<P><STRONG><a name="[2]"></a>HardFault_Handler</STRONG> (Thumb, 2 bytes, Stack size 0 bytes, startup_stm32h750xx.o(.text))
<BR><BR>[Calls]<UL><LI><a href="#[2]">&gt;&gt;</a>&nbsp;&nbsp;&nbsp;HardFault_Handler
</UL>
<BR>[Called By]<UL><LI><a href="#[2]">&gt;&gt;</a>&nbsp;&nbsp;&nbsp;HardFault_Handler
</UL>
<BR>[Address Reference Count : 1]<UL><LI> startup_stm32h750xx.o(RESET)
</UL>
<P><STRONG><a name="[3]"></a>MemManage_Handler</STRONG> (Thumb, 2 bytes, Stack size 0 bytes, startup_stm32h750xx.o(.text))
<BR><BR>[Calls]<UL><LI><a href="#[3]">&gt;&gt;</a>&nbsp;&nbsp;&nbsp;MemManage_Handler
</UL>
<BR>[Called By]<UL><LI><a href="#[3]">&gt;&gt;</a>&nbsp;&nbsp;&nbsp;MemManage_Handler
</UL>
<BR>[Address Reference Count : 1]<UL><LI> startup_stm32h750xx.o(RESET)
</UL>
<P><STRONG><a name="[4]"></a>BusFault_Handler</STRONG> (Thumb, 2 bytes, Stack size 0 bytes, startup_stm32h750xx.o(.text))
<BR><BR>[Calls]<UL><LI><a href="#[4]">&gt;&gt;</a>&nbsp;&nbsp;&nbsp;BusFault_Handler
</UL>
<BR>[Called By]<UL><LI><a href="#[4]">&gt;&gt;</a>&nbsp;&nbsp;&nbsp;BusFault_Handler
</UL>
<BR>[Address Reference Count : 1]<UL><LI> startup_stm32h750xx.o(RESET)
</UL>
<P><STRONG><a name="[5]"></a>UsageFault_Handler</STRONG> (Thumb, 2 bytes, Stack size 0 bytes, startup_stm32h750xx.o(.text))
<BR><BR>[Calls]<UL><LI><a href="#[5]">&gt;&gt;</a>&nbsp;&nbsp;&nbsp;UsageFault_Handler
</UL>
<BR>[Called By]<UL><LI><a href="#[5]">&gt;&gt;</a>&nbsp;&nbsp;&nbsp;UsageFault_Handler
</UL>
<BR>[Address Reference Count : 1]<UL><LI> startup_stm32h750xx.o(RESET)
</UL>
<P><STRONG><a name="[6]"></a>SVC_Handler</STRONG> (Thumb, 2 bytes, Stack size 0 bytes, startup_stm32h750xx.o(.text))
<BR><BR>[Calls]<UL><LI><a href="#[6]">&gt;&gt;</a>&nbsp;&nbsp;&nbsp;SVC_Handler
</UL>
<BR>[Called By]<UL><LI><a href="#[6]">&gt;&gt;</a>&nbsp;&nbsp;&nbsp;SVC_Handler
</UL>
<BR>[Address Reference Count : 1]<UL><LI> startup_stm32h750xx.o(RESET)
</UL>
<P><STRONG><a name="[7]"></a>DebugMon_Handler</STRONG> (Thumb, 2 bytes, Stack size 0 bytes, startup_stm32h750xx.o(.text))
<BR><BR>[Calls]<UL><LI><a href="#[7]">&gt;&gt;</a>&nbsp;&nbsp;&nbsp;DebugMon_Handler
</UL>
<BR>[Called By]<UL><LI><a href="#[7]">&gt;&gt;</a>&nbsp;&nbsp;&nbsp;DebugMon_Handler
</UL>
<BR>[Address Reference Count : 1]<UL><LI> startup_stm32h750xx.o(RESET)
</UL>
<P><STRONG><a name="[8]"></a>PendSV_Handler</STRONG> (Thumb, 2 bytes, Stack size 0 bytes, startup_stm32h750xx.o(.text))
<BR><BR>[Calls]<UL><LI><a href="#[8]">&gt;&gt;</a>&nbsp;&nbsp;&nbsp;PendSV_Handler
</UL>
<BR>[Called By]<UL><LI><a href="#[8]">&gt;&gt;</a>&nbsp;&nbsp;&nbsp;PendSV_Handler
</UL>
<BR>[Address Reference Count : 1]<UL><LI> startup_stm32h750xx.o(RESET)
</UL>
<P><STRONG><a name="[9]"></a>SysTick_Handler</STRONG> (Thumb, 2 bytes, Stack size 0 bytes, startup_stm32h750xx.o(.text))
<BR><BR>[Calls]<UL><LI><a href="#[9]">&gt;&gt;</a>&nbsp;&nbsp;&nbsp;SysTick_Handler
</UL>
<BR>[Called By]<UL><LI><a href="#[9]">&gt;&gt;</a>&nbsp;&nbsp;&nbsp;SysTick_Handler
</UL>
<BR>[Address Reference Count : 1]<UL><LI> startup_stm32h750xx.o(RESET)
</UL>
<P><STRONG><a name="[82]"></a>ADC3_IRQHandler</STRONG> (Thumb, 0 bytes, Stack size 0 bytes, startup_stm32h750xx.o(.text))
<BR><BR>[Calls]<UL><LI><a href="#[82]">&gt;&gt;</a>&nbsp;&nbsp;&nbsp;ADC3_IRQHandler
</UL>
<BR>[Called By]<UL><LI><a href="#[82]">&gt;&gt;</a>&nbsp;&nbsp;&nbsp;ADC3_IRQHandler
</UL>
<BR>[Address Reference Count : 1]<UL><LI> startup_stm32h750xx.o(RESET)
</UL>
<P><STRONG><a name="[1c]"></a>ADC_IRQHandler</STRONG> (Thumb, 0 bytes, Stack size 0 bytes, startup_stm32h750xx.o(.text))
<BR>[Address Reference Count : 1]<UL><LI> startup_stm32h750xx.o(RESET)
</UL>
<P><STRONG><a name="[84]"></a>BDMA_Channel0_IRQHandler</STRONG> (Thumb, 0 bytes, Stack size 0 bytes, startup_stm32h750xx.o(.text))
<BR>[Address Reference Count : 1]<UL><LI> startup_stm32h750xx.o(RESET)
</UL>
<P><STRONG><a name="[85]"></a>BDMA_Channel1_IRQHandler</STRONG> (Thumb, 0 bytes, Stack size 0 bytes, startup_stm32h750xx.o(.text))
<BR>[Address Reference Count : 1]<UL><LI> startup_stm32h750xx.o(RESET)
</UL>
<P><STRONG><a name="[86]"></a>BDMA_Channel2_IRQHandler</STRONG> (Thumb, 0 bytes, Stack size 0 bytes, startup_stm32h750xx.o(.text))
<BR>[Address Reference Count : 1]<UL><LI> startup_stm32h750xx.o(RESET)
</UL>
<P><STRONG><a name="[87]"></a>BDMA_Channel3_IRQHandler</STRONG> (Thumb, 0 bytes, Stack size 0 bytes, startup_stm32h750xx.o(.text))
<BR>[Address Reference Count : 1]<UL><LI> startup_stm32h750xx.o(RESET)
</UL>
<P><STRONG><a name="[88]"></a>BDMA_Channel4_IRQHandler</STRONG> (Thumb, 0 bytes, Stack size 0 bytes, startup_stm32h750xx.o(.text))
<BR>[Address Reference Count : 1]<UL><LI> startup_stm32h750xx.o(RESET)
</UL>
<P><STRONG><a name="[89]"></a>BDMA_Channel5_IRQHandler</STRONG> (Thumb, 0 bytes, Stack size 0 bytes, startup_stm32h750xx.o(.text))
<BR>[Address Reference Count : 1]<UL><LI> startup_stm32h750xx.o(RESET)
</UL>
<P><STRONG><a name="[8a]"></a>BDMA_Channel6_IRQHandler</STRONG> (Thumb, 0 bytes, Stack size 0 bytes, startup_stm32h750xx.o(.text))
<BR>[Address Reference Count : 1]<UL><LI> startup_stm32h750xx.o(RESET)
</UL>
<P><STRONG><a name="[8b]"></a>BDMA_Channel7_IRQHandler</STRONG> (Thumb, 0 bytes, Stack size 0 bytes, startup_stm32h750xx.o(.text))
<BR>[Address Reference Count : 1]<UL><LI> startup_stm32h750xx.o(RESET)
</UL>
<P><STRONG><a name="[63]"></a>CEC_IRQHandler</STRONG> (Thumb, 0 bytes, Stack size 0 bytes, startup_stm32h750xx.o(.text))
<BR>[Address Reference Count : 1]<UL><LI> startup_stm32h750xx.o(RESET)
</UL>
<P><STRONG><a name="[8c]"></a>COMP1_IRQHandler</STRONG> (Thumb, 0 bytes, Stack size 0 bytes, startup_stm32h750xx.o(.text))
<BR>[Address Reference Count : 1]<UL><LI> startup_stm32h750xx.o(RESET)
</UL>
<P><STRONG><a name="[92]"></a>CRS_IRQHandler</STRONG> (Thumb, 0 bytes, Stack size 0 bytes, startup_stm32h750xx.o(.text))
<BR>[Address Reference Count : 1]<UL><LI> startup_stm32h750xx.o(RESET)
</UL>
<P><STRONG><a name="[54]"></a>CRYP_IRQHandler</STRONG> (Thumb, 0 bytes, Stack size 0 bytes, startup_stm32h750xx.o(.text))
<BR>[Address Reference Count : 1]<UL><LI> startup_stm32h750xx.o(RESET)
</UL>
<P><STRONG><a name="[53]"></a>DCMI_IRQHandler</STRONG> (Thumb, 0 bytes, Stack size 0 bytes, startup_stm32h750xx.o(.text))
<BR>[Address Reference Count : 1]<UL><LI> startup_stm32h750xx.o(RESET)
</UL>
<P><STRONG><a name="[73]"></a>DFSDM1_FLT0_IRQHandler</STRONG> (Thumb, 0 bytes, Stack size 0 bytes, startup_stm32h750xx.o(.text))
<BR>[Address Reference Count : 1]<UL><LI> startup_stm32h750xx.o(RESET)
</UL>
<P><STRONG><a name="[74]"></a>DFSDM1_FLT1_IRQHandler</STRONG> (Thumb, 0 bytes, Stack size 0 bytes, startup_stm32h750xx.o(.text))
<BR>[Address Reference Count : 1]<UL><LI> startup_stm32h750xx.o(RESET)
</UL>
<P><STRONG><a name="[75]"></a>DFSDM1_FLT2_IRQHandler</STRONG> (Thumb, 0 bytes, Stack size 0 bytes, startup_stm32h750xx.o(.text))
<BR>[Address Reference Count : 1]<UL><LI> startup_stm32h750xx.o(RESET)
</UL>
<P><STRONG><a name="[76]"></a>DFSDM1_FLT3_IRQHandler</STRONG> (Thumb, 0 bytes, Stack size 0 bytes, startup_stm32h750xx.o(.text))
<BR>[Address Reference Count : 1]<UL><LI> startup_stm32h750xx.o(RESET)
</UL>
<P><STRONG><a name="[5f]"></a>DMA2D_IRQHandler</STRONG> (Thumb, 0 bytes, Stack size 0 bytes, startup_stm32h750xx.o(.text))
<BR>[Address Reference Count : 1]<UL><LI> startup_stm32h750xx.o(RESET)
</UL>
<P><STRONG><a name="[6b]"></a>DMAMUX1_OVR_IRQHandler</STRONG> (Thumb, 0 bytes, Stack size 0 bytes, startup_stm32h750xx.o(.text))
<BR>[Address Reference Count : 1]<UL><LI> startup_stm32h750xx.o(RESET)
</UL>
<P><STRONG><a name="[83]"></a>DMAMUX2_OVR_IRQHandler</STRONG> (Thumb, 0 bytes, Stack size 0 bytes, startup_stm32h750xx.o(.text))
<BR>[Address Reference Count : 1]<UL><LI> startup_stm32h750xx.o(RESET)
</UL>
<P><STRONG><a name="[93]"></a>ECC_IRQHandler</STRONG> (Thumb, 0 bytes, Stack size 0 bytes, startup_stm32h750xx.o(.text))
<BR>[Address Reference Count : 1]<UL><LI> startup_stm32h750xx.o(RESET)
</UL>
<P><STRONG><a name="[46]"></a>ETH_IRQHandler</STRONG> (Thumb, 0 bytes, Stack size 0 bytes, startup_stm32h750xx.o(.text))
<BR>[Address Reference Count : 1]<UL><LI> startup_stm32h750xx.o(RESET)
</UL>
<P><STRONG><a name="[47]"></a>ETH_WKUP_IRQHandler</STRONG> (Thumb, 0 bytes, Stack size 0 bytes, startup_stm32h750xx.o(.text))
<BR>[Address Reference Count : 1]<UL><LI> startup_stm32h750xx.o(RESET)
</UL>
<P><STRONG><a name="[10]"></a>EXTI0_IRQHandler</STRONG> (Thumb, 0 bytes, Stack size 0 bytes, startup_stm32h750xx.o(.text))
<BR>[Address Reference Count : 1]<UL><LI> startup_stm32h750xx.o(RESET)
</UL>
<P><STRONG><a name="[32]"></a>EXTI15_10_IRQHandler</STRONG> (Thumb, 0 bytes, Stack size 0 bytes, startup_stm32h750xx.o(.text))
<BR>[Address Reference Count : 1]<UL><LI> startup_stm32h750xx.o(RESET)
</UL>
<P><STRONG><a name="[11]"></a>EXTI1_IRQHandler</STRONG> (Thumb, 0 bytes, Stack size 0 bytes, startup_stm32h750xx.o(.text))
<BR>[Address Reference Count : 1]<UL><LI> startup_stm32h750xx.o(RESET)
</UL>
<P><STRONG><a name="[12]"></a>EXTI2_IRQHandler</STRONG> (Thumb, 0 bytes, Stack size 0 bytes, startup_stm32h750xx.o(.text))
<BR>[Address Reference Count : 1]<UL><LI> startup_stm32h750xx.o(RESET)
</UL>
<P><STRONG><a name="[13]"></a>EXTI3_IRQHandler</STRONG> (Thumb, 0 bytes, Stack size 0 bytes, startup_stm32h750xx.o(.text))
<BR>[Address Reference Count : 1]<UL><LI> startup_stm32h750xx.o(RESET)
</UL>
<P><STRONG><a name="[14]"></a>EXTI4_IRQHandler</STRONG> (Thumb, 0 bytes, Stack size 0 bytes, startup_stm32h750xx.o(.text))
<BR>[Address Reference Count : 1]<UL><LI> startup_stm32h750xx.o(RESET)
</UL>
<P><STRONG><a name="[21]"></a>EXTI9_5_IRQHandler</STRONG> (Thumb, 0 bytes, Stack size 0 bytes, startup_stm32h750xx.o(.text))
<BR>[Address Reference Count : 1]<UL><LI> startup_stm32h750xx.o(RESET)
</UL>
<P><STRONG><a name="[1d]"></a>FDCAN1_IT0_IRQHandler</STRONG> (Thumb, 0 bytes, Stack size 0 bytes, startup_stm32h750xx.o(.text))
<BR>[Address Reference Count : 1]<UL><LI> startup_stm32h750xx.o(RESET)
</UL>
<P><STRONG><a name="[1f]"></a>FDCAN1_IT1_IRQHandler</STRONG> (Thumb, 0 bytes, Stack size 0 bytes, startup_stm32h750xx.o(.text))
<BR>[Address Reference Count : 1]<UL><LI> startup_stm32h750xx.o(RESET)
</UL>
<P><STRONG><a name="[1e]"></a>FDCAN2_IT0_IRQHandler</STRONG> (Thumb, 0 bytes, Stack size 0 bytes, startup_stm32h750xx.o(.text))
<BR>[Address Reference Count : 1]<UL><LI> startup_stm32h750xx.o(RESET)
</UL>
<P><STRONG><a name="[20]"></a>FDCAN2_IT1_IRQHandler</STRONG> (Thumb, 0 bytes, Stack size 0 bytes, startup_stm32h750xx.o(.text))
<BR>[Address Reference Count : 1]<UL><LI> startup_stm32h750xx.o(RESET)
</UL>
<P><STRONG><a name="[48]"></a>FDCAN_CAL_IRQHandler</STRONG> (Thumb, 0 bytes, Stack size 0 bytes, startup_stm32h750xx.o(.text))
<BR>[Address Reference Count : 1]<UL><LI> startup_stm32h750xx.o(RESET)
</UL>
<P><STRONG><a name="[e]"></a>FLASH_IRQHandler</STRONG> (Thumb, 0 bytes, Stack size 0 bytes, startup_stm32h750xx.o(.text))
<BR>[Address Reference Count : 1]<UL><LI> startup_stm32h750xx.o(RESET)
</UL>
<P><STRONG><a name="[39]"></a>FMC_IRQHandler</STRONG> (Thumb, 0 bytes, Stack size 0 bytes, startup_stm32h750xx.o(.text))
<BR>[Address Reference Count : 1]<UL><LI> startup_stm32h750xx.o(RESET)
</UL>
<P><STRONG><a name="[56]"></a>FPU_IRQHandler</STRONG> (Thumb, 0 bytes, Stack size 0 bytes, startup_stm32h750xx.o(.text))
<BR>[Address Reference Count : 1]<UL><LI> startup_stm32h750xx.o(RESET)
</UL>
<P><STRONG><a name="[55]"></a>HASH_RNG_IRQHandler</STRONG> (Thumb, 0 bytes, Stack size 0 bytes, startup_stm32h750xx.o(.text))
<BR>[Address Reference Count : 1]<UL><LI> startup_stm32h750xx.o(RESET)
</UL>
<P><STRONG><a name="[72]"></a>HRTIM1_FLT_IRQHandler</STRONG> (Thumb, 0 bytes, Stack size 0 bytes, startup_stm32h750xx.o(.text))
<BR>[Address Reference Count : 1]<UL><LI> startup_stm32h750xx.o(RESET)
</UL>
<P><STRONG><a name="[6c]"></a>HRTIM1_Master_IRQHandler</STRONG> (Thumb, 0 bytes, Stack size 0 bytes, startup_stm32h750xx.o(.text))
<BR>[Address Reference Count : 1]<UL><LI> startup_stm32h750xx.o(RESET)
</UL>
<P><STRONG><a name="[6d]"></a>HRTIM1_TIMA_IRQHandler</STRONG> (Thumb, 0 bytes, Stack size 0 bytes, startup_stm32h750xx.o(.text))
<BR>[Address Reference Count : 1]<UL><LI> startup_stm32h750xx.o(RESET)
</UL>
<P><STRONG><a name="[6e]"></a>HRTIM1_TIMB_IRQHandler</STRONG> (Thumb, 0 bytes, Stack size 0 bytes, startup_stm32h750xx.o(.text))
<BR>[Address Reference Count : 1]<UL><LI> startup_stm32h750xx.o(RESET)
</UL>
<P><STRONG><a name="[6f]"></a>HRTIM1_TIMC_IRQHandler</STRONG> (Thumb, 0 bytes, Stack size 0 bytes, startup_stm32h750xx.o(.text))
<BR>[Address Reference Count : 1]<UL><LI> startup_stm32h750xx.o(RESET)
</UL>
<P><STRONG><a name="[70]"></a>HRTIM1_TIMD_IRQHandler</STRONG> (Thumb, 0 bytes, Stack size 0 bytes, startup_stm32h750xx.o(.text))
<BR>[Address Reference Count : 1]<UL><LI> startup_stm32h750xx.o(RESET)
</UL>
<P><STRONG><a name="[71]"></a>HRTIM1_TIME_IRQHandler</STRONG> (Thumb, 0 bytes, Stack size 0 bytes, startup_stm32h750xx.o(.text))
<BR>[Address Reference Count : 1]<UL><LI> startup_stm32h750xx.o(RESET)
</UL>
<P><STRONG><a name="[81]"></a>HSEM1_IRQHandler</STRONG> (Thumb, 0 bytes, Stack size 0 bytes, startup_stm32h750xx.o(.text))
<BR>[Address Reference Count : 1]<UL><LI> startup_stm32h750xx.o(RESET)
</UL>
<P><STRONG><a name="[2a]"></a>I2C1_ER_IRQHandler</STRONG> (Thumb, 0 bytes, Stack size 0 bytes, startup_stm32h750xx.o(.text))
<BR>[Address Reference Count : 1]<UL><LI> startup_stm32h750xx.o(RESET)
</UL>
<P><STRONG><a name="[29]"></a>I2C1_EV_IRQHandler</STRONG> (Thumb, 0 bytes, Stack size 0 bytes, startup_stm32h750xx.o(.text))
<BR>[Address Reference Count : 1]<UL><LI> startup_stm32h750xx.o(RESET)
</UL>
<P><STRONG><a name="[2c]"></a>I2C2_ER_IRQHandler</STRONG> (Thumb, 0 bytes, Stack size 0 bytes, startup_stm32h750xx.o(.text))
<BR>[Address Reference Count : 1]<UL><LI> startup_stm32h750xx.o(RESET)
</UL>
<P><STRONG><a name="[2b]"></a>I2C2_EV_IRQHandler</STRONG> (Thumb, 0 bytes, Stack size 0 bytes, startup_stm32h750xx.o(.text))
<BR>[Address Reference Count : 1]<UL><LI> startup_stm32h750xx.o(RESET)
</UL>
<P><STRONG><a name="[4e]"></a>I2C3_ER_IRQHandler</STRONG> (Thumb, 0 bytes, Stack size 0 bytes, startup_stm32h750xx.o(.text))
<BR>[Address Reference Count : 1]<UL><LI> startup_stm32h750xx.o(RESET)
</UL>
<P><STRONG><a name="[4d]"></a>I2C3_EV_IRQHandler</STRONG> (Thumb, 0 bytes, Stack size 0 bytes, startup_stm32h750xx.o(.text))
<BR>[Address Reference Count : 1]<UL><LI> startup_stm32h750xx.o(RESET)
</UL>
<P><STRONG><a name="[65]"></a>I2C4_ER_IRQHandler</STRONG> (Thumb, 0 bytes, Stack size 0 bytes, startup_stm32h750xx.o(.text))
<BR>[Address Reference Count : 1]<UL><LI> startup_stm32h750xx.o(RESET)
</UL>
<P><STRONG><a name="[64]"></a>I2C4_EV_IRQHandler</STRONG> (Thumb, 0 bytes, Stack size 0 bytes, startup_stm32h750xx.o(.text))
<BR>[Address Reference Count : 1]<UL><LI> startup_stm32h750xx.o(RESET)
</UL>
<P><STRONG><a name="[7e]"></a>JPEG_IRQHandler</STRONG> (Thumb, 0 bytes, Stack size 0 bytes, startup_stm32h750xx.o(.text))
<BR>[Address Reference Count : 1]<UL><LI> startup_stm32h750xx.o(RESET)
</UL>
<P><STRONG><a name="[62]"></a>LPTIM1_IRQHandler</STRONG> (Thumb, 0 bytes, Stack size 0 bytes, startup_stm32h750xx.o(.text))
<BR>[Address Reference Count : 1]<UL><LI> startup_stm32h750xx.o(RESET)
</UL>
<P><STRONG><a name="[8d]"></a>LPTIM2_IRQHandler</STRONG> (Thumb, 0 bytes, Stack size 0 bytes, startup_stm32h750xx.o(.text))
<BR>[Address Reference Count : 1]<UL><LI> startup_stm32h750xx.o(RESET)
</UL>
<P><STRONG><a name="[8e]"></a>LPTIM3_IRQHandler</STRONG> (Thumb, 0 bytes, Stack size 0 bytes, startup_stm32h750xx.o(.text))
<BR>[Address Reference Count : 1]<UL><LI> startup_stm32h750xx.o(RESET)
</UL>
<P><STRONG><a name="[8f]"></a>LPTIM4_IRQHandler</STRONG> (Thumb, 0 bytes, Stack size 0 bytes, startup_stm32h750xx.o(.text))
<BR>[Address Reference Count : 1]<UL><LI> startup_stm32h750xx.o(RESET)
</UL>
<P><STRONG><a name="[90]"></a>LPTIM5_IRQHandler</STRONG> (Thumb, 0 bytes, Stack size 0 bytes, startup_stm32h750xx.o(.text))
<BR>[Address Reference Count : 1]<UL><LI> startup_stm32h750xx.o(RESET)
</UL>
<P><STRONG><a name="[91]"></a>LPUART1_IRQHandler</STRONG> (Thumb, 0 bytes, Stack size 0 bytes, startup_stm32h750xx.o(.text))
<BR>[Address Reference Count : 1]<UL><LI> startup_stm32h750xx.o(RESET)
</UL>
<P><STRONG><a name="[5e]"></a>LTDC_ER_IRQHandler</STRONG> (Thumb, 0 bytes, Stack size 0 bytes, startup_stm32h750xx.o(.text))
<BR>[Address Reference Count : 1]<UL><LI> startup_stm32h750xx.o(RESET)
</UL>
<P><STRONG><a name="[5d]"></a>LTDC_IRQHandler</STRONG> (Thumb, 0 bytes, Stack size 0 bytes, startup_stm32h750xx.o(.text))
<BR>[Address Reference Count : 1]<UL><LI> startup_stm32h750xx.o(RESET)
</UL>
<P><STRONG><a name="[7d]"></a>MDIOS_IRQHandler</STRONG> (Thumb, 0 bytes, Stack size 0 bytes, startup_stm32h750xx.o(.text))
<BR>[Address Reference Count : 1]<UL><LI> startup_stm32h750xx.o(RESET)
</UL>
<P><STRONG><a name="[7c]"></a>MDIOS_WKUP_IRQHandler</STRONG> (Thumb, 0 bytes, Stack size 0 bytes, startup_stm32h750xx.o(.text))
<BR>[Address Reference Count : 1]<UL><LI> startup_stm32h750xx.o(RESET)
</UL>
<P><STRONG><a name="[7f]"></a>MDMA_IRQHandler</STRONG> (Thumb, 0 bytes, Stack size 0 bytes, startup_stm32h750xx.o(.text))
<BR>[Address Reference Count : 1]<UL><LI> startup_stm32h750xx.o(RESET)
</UL>
<P><STRONG><a name="[68]"></a>OTG_FS_EP1_IN_IRQHandler</STRONG> (Thumb, 0 bytes, Stack size 0 bytes, startup_stm32h750xx.o(.text))
<BR>[Address Reference Count : 1]<UL><LI> startup_stm32h750xx.o(RESET)
</UL>
<P><STRONG><a name="[67]"></a>OTG_FS_EP1_OUT_IRQHandler</STRONG> (Thumb, 0 bytes, Stack size 0 bytes, startup_stm32h750xx.o(.text))
<BR>[Address Reference Count : 1]<UL><LI> startup_stm32h750xx.o(RESET)
</UL>
<P><STRONG><a name="[6a]"></a>OTG_FS_IRQHandler</STRONG> (Thumb, 0 bytes, Stack size 0 bytes, startup_stm32h750xx.o(.text))
<BR>[Address Reference Count : 1]<UL><LI> startup_stm32h750xx.o(RESET)
</UL>
<P><STRONG><a name="[69]"></a>OTG_FS_WKUP_IRQHandler</STRONG> (Thumb, 0 bytes, Stack size 0 bytes, startup_stm32h750xx.o(.text))
<BR>[Address Reference Count : 1]<UL><LI> startup_stm32h750xx.o(RESET)
</UL>
<P><STRONG><a name="[50]"></a>OTG_HS_EP1_IN_IRQHandler</STRONG> (Thumb, 0 bytes, Stack size 0 bytes, startup_stm32h750xx.o(.text))
<BR>[Address Reference Count : 1]<UL><LI> startup_stm32h750xx.o(RESET)
</UL>
<P><STRONG><a name="[4f]"></a>OTG_HS_EP1_OUT_IRQHandler</STRONG> (Thumb, 0 bytes, Stack size 0 bytes, startup_stm32h750xx.o(.text))
<BR>[Address Reference Count : 1]<UL><LI> startup_stm32h750xx.o(RESET)
</UL>
<P><STRONG><a name="[52]"></a>OTG_HS_IRQHandler</STRONG> (Thumb, 0 bytes, Stack size 0 bytes, startup_stm32h750xx.o(.text))
<BR>[Address Reference Count : 1]<UL><LI> startup_stm32h750xx.o(RESET)
</UL>
<P><STRONG><a name="[51]"></a>OTG_HS_WKUP_IRQHandler</STRONG> (Thumb, 0 bytes, Stack size 0 bytes, startup_stm32h750xx.o(.text))
<BR>[Address Reference Count : 1]<UL><LI> startup_stm32h750xx.o(RESET)
</UL>
<P><STRONG><a name="[b]"></a>PVD_AVD_IRQHandler</STRONG> (Thumb, 0 bytes, Stack size 0 bytes, startup_stm32h750xx.o(.text))
<BR>[Address Reference Count : 1]<UL><LI> startup_stm32h750xx.o(RESET)
</UL>
<P><STRONG><a name="[61]"></a>QUADSPI_IRQHandler</STRONG> (Thumb, 0 bytes, Stack size 0 bytes, startup_stm32h750xx.o(.text))
<BR>[Address Reference Count : 1]<UL><LI> startup_stm32h750xx.o(RESET)
</UL>
<P><STRONG><a name="[f]"></a>RCC_IRQHandler</STRONG> (Thumb, 0 bytes, Stack size 0 bytes, startup_stm32h750xx.o(.text))
<BR>[Address Reference Count : 1]<UL><LI> startup_stm32h750xx.o(RESET)
</UL>
<P><STRONG><a name="[33]"></a>RTC_Alarm_IRQHandler</STRONG> (Thumb, 0 bytes, Stack size 0 bytes, startup_stm32h750xx.o(.text))
<BR>[Address Reference Count : 1]<UL><LI> startup_stm32h750xx.o(RESET)
</UL>
<P><STRONG><a name="[d]"></a>RTC_WKUP_IRQHandler</STRONG> (Thumb, 0 bytes, Stack size 0 bytes, startup_stm32h750xx.o(.text))
<BR>[Address Reference Count : 1]<UL><LI> startup_stm32h750xx.o(RESET)
</UL>
<P><STRONG><a name="[5c]"></a>SAI1_IRQHandler</STRONG> (Thumb, 0 bytes, Stack size 0 bytes, startup_stm32h750xx.o(.text))
<BR>[Address Reference Count : 1]<UL><LI> startup_stm32h750xx.o(RESET)
</UL>
<P><STRONG><a name="[60]"></a>SAI2_IRQHandler</STRONG> (Thumb, 0 bytes, Stack size 0 bytes, startup_stm32h750xx.o(.text))
<BR>[Address Reference Count : 1]<UL><LI> startup_stm32h750xx.o(RESET)
</UL>
<P><STRONG><a name="[77]"></a>SAI3_IRQHandler</STRONG> (Thumb, 0 bytes, Stack size 0 bytes, startup_stm32h750xx.o(.text))
<BR>[Address Reference Count : 1]<UL><LI> startup_stm32h750xx.o(RESET)
</UL>
<P><STRONG><a name="[94]"></a>SAI4_IRQHandler</STRONG> (Thumb, 0 bytes, Stack size 0 bytes, startup_stm32h750xx.o(.text))
<BR>[Address Reference Count : 1]<UL><LI> startup_stm32h750xx.o(RESET)
</UL>
<P><STRONG><a name="[3a]"></a>SDMMC1_IRQHandler</STRONG> (Thumb, 0 bytes, Stack size 0 bytes, startup_stm32h750xx.o(.text))
<BR>[Address Reference Count : 1]<UL><LI> startup_stm32h750xx.o(RESET)
</UL>
<P><STRONG><a name="[80]"></a>SDMMC2_IRQHandler</STRONG> (Thumb, 0 bytes, Stack size 0 bytes, startup_stm32h750xx.o(.text))
<BR>[Address Reference Count : 1]<UL><LI> startup_stm32h750xx.o(RESET)
</UL>
<P><STRONG><a name="[66]"></a>SPDIF_RX_IRQHandler</STRONG> (Thumb, 0 bytes, Stack size 0 bytes, startup_stm32h750xx.o(.text))
<BR>[Address Reference Count : 1]<UL><LI> startup_stm32h750xx.o(RESET)
</UL>
<P><STRONG><a name="[2d]"></a>SPI1_IRQHandler</STRONG> (Thumb, 0 bytes, Stack size 0 bytes, startup_stm32h750xx.o(.text))
<BR>[Address Reference Count : 1]<UL><LI> startup_stm32h750xx.o(RESET)
</UL>
<P><STRONG><a name="[2e]"></a>SPI2_IRQHandler</STRONG> (Thumb, 0 bytes, Stack size 0 bytes, startup_stm32h750xx.o(.text))
<BR>[Address Reference Count : 1]<UL><LI> startup_stm32h750xx.o(RESET)
</UL>
<P><STRONG><a name="[3c]"></a>SPI3_IRQHandler</STRONG> (Thumb, 0 bytes, Stack size 0 bytes, startup_stm32h750xx.o(.text))
<BR>[Address Reference Count : 1]<UL><LI> startup_stm32h750xx.o(RESET)
</UL>
<P><STRONG><a name="[59]"></a>SPI4_IRQHandler</STRONG> (Thumb, 0 bytes, Stack size 0 bytes, startup_stm32h750xx.o(.text))
<BR>[Address Reference Count : 1]<UL><LI> startup_stm32h750xx.o(RESET)
</UL>
<P><STRONG><a name="[5a]"></a>SPI5_IRQHandler</STRONG> (Thumb, 0 bytes, Stack size 0 bytes, startup_stm32h750xx.o(.text))
<BR>[Address Reference Count : 1]<UL><LI> startup_stm32h750xx.o(RESET)
</UL>
<P><STRONG><a name="[5b]"></a>SPI6_IRQHandler</STRONG> (Thumb, 0 bytes, Stack size 0 bytes, startup_stm32h750xx.o(.text))
<BR>[Address Reference Count : 1]<UL><LI> startup_stm32h750xx.o(RESET)
</UL>
<P><STRONG><a name="[78]"></a>SWPMI1_IRQHandler</STRONG> (Thumb, 0 bytes, Stack size 0 bytes, startup_stm32h750xx.o(.text))
<BR>[Address Reference Count : 1]<UL><LI> startup_stm32h750xx.o(RESET)
</UL>
<P><STRONG><a name="[c]"></a>TAMP_STAMP_IRQHandler</STRONG> (Thumb, 0 bytes, Stack size 0 bytes, startup_stm32h750xx.o(.text))
<BR>[Address Reference Count : 1]<UL><LI> startup_stm32h750xx.o(RESET)
</UL>
<P><STRONG><a name="[79]"></a>TIM15_IRQHandler</STRONG> (Thumb, 0 bytes, Stack size 0 bytes, startup_stm32h750xx.o(.text))
<BR>[Address Reference Count : 1]<UL><LI> startup_stm32h750xx.o(RESET)
</UL>
<P><STRONG><a name="[7a]"></a>TIM16_IRQHandler</STRONG> (Thumb, 0 bytes, Stack size 0 bytes, startup_stm32h750xx.o(.text))
<BR>[Address Reference Count : 1]<UL><LI> startup_stm32h750xx.o(RESET)
</UL>
<P><STRONG><a name="[7b]"></a>TIM17_IRQHandler</STRONG> (Thumb, 0 bytes, Stack size 0 bytes, startup_stm32h750xx.o(.text))
<BR>[Address Reference Count : 1]<UL><LI> startup_stm32h750xx.o(RESET)
</UL>
<P><STRONG><a name="[22]"></a>TIM1_BRK_IRQHandler</STRONG> (Thumb, 0 bytes, Stack size 0 bytes, startup_stm32h750xx.o(.text))
<BR>[Address Reference Count : 1]<UL><LI> startup_stm32h750xx.o(RESET)
</UL>
<P><STRONG><a name="[25]"></a>TIM1_CC_IRQHandler</STRONG> (Thumb, 0 bytes, Stack size 0 bytes, startup_stm32h750xx.o(.text))
<BR>[Address Reference Count : 1]<UL><LI> startup_stm32h750xx.o(RESET)
</UL>
<P><STRONG><a name="[24]"></a>TIM1_TRG_COM_IRQHandler</STRONG> (Thumb, 0 bytes, Stack size 0 bytes, startup_stm32h750xx.o(.text))
<BR>[Address Reference Count : 1]<UL><LI> startup_stm32h750xx.o(RESET)
</UL>
<P><STRONG><a name="[23]"></a>TIM1_UP_IRQHandler</STRONG> (Thumb, 0 bytes, Stack size 0 bytes, startup_stm32h750xx.o(.text))
<BR>[Address Reference Count : 1]<UL><LI> startup_stm32h750xx.o(RESET)
</UL>
<P><STRONG><a name="[26]"></a>TIM2_IRQHandler</STRONG> (Thumb, 0 bytes, Stack size 0 bytes, startup_stm32h750xx.o(.text))
<BR>[Address Reference Count : 1]<UL><LI> startup_stm32h750xx.o(RESET)
</UL>
<P><STRONG><a name="[27]"></a>TIM3_IRQHandler</STRONG> (Thumb, 0 bytes, Stack size 0 bytes, startup_stm32h750xx.o(.text))
<BR>[Address Reference Count : 1]<UL><LI> startup_stm32h750xx.o(RESET)
</UL>
<P><STRONG><a name="[28]"></a>TIM4_IRQHandler</STRONG> (Thumb, 0 bytes, Stack size 0 bytes, startup_stm32h750xx.o(.text))
<BR>[Address Reference Count : 1]<UL><LI> startup_stm32h750xx.o(RESET)
</UL>
<P><STRONG><a name="[3b]"></a>TIM5_IRQHandler</STRONG> (Thumb, 0 bytes, Stack size 0 bytes, startup_stm32h750xx.o(.text))
<BR>[Address Reference Count : 1]<UL><LI> startup_stm32h750xx.o(RESET)
</UL>
<P><STRONG><a name="[3f]"></a>TIM6_DAC_IRQHandler</STRONG> (Thumb, 0 bytes, Stack size 0 bytes, startup_stm32h750xx.o(.text))
<BR>[Address Reference Count : 1]<UL><LI> startup_stm32h750xx.o(RESET)
</UL>
<P><STRONG><a name="[40]"></a>TIM7_IRQHandler</STRONG> (Thumb, 0 bytes, Stack size 0 bytes, startup_stm32h750xx.o(.text))
<BR>[Address Reference Count : 1]<UL><LI> startup_stm32h750xx.o(RESET)
</UL>
<P><STRONG><a name="[34]"></a>TIM8_BRK_TIM12_IRQHandler</STRONG> (Thumb, 0 bytes, Stack size 0 bytes, startup_stm32h750xx.o(.text))
<BR>[Address Reference Count : 1]<UL><LI> startup_stm32h750xx.o(RESET)
</UL>
<P><STRONG><a name="[37]"></a>TIM8_CC_IRQHandler</STRONG> (Thumb, 0 bytes, Stack size 0 bytes, startup_stm32h750xx.o(.text))
<BR>[Address Reference Count : 1]<UL><LI> startup_stm32h750xx.o(RESET)
</UL>
<P><STRONG><a name="[36]"></a>TIM8_TRG_COM_TIM14_IRQHandler</STRONG> (Thumb, 0 bytes, Stack size 0 bytes, startup_stm32h750xx.o(.text))
<BR>[Address Reference Count : 1]<UL><LI> startup_stm32h750xx.o(RESET)
</UL>
<P><STRONG><a name="[35]"></a>TIM8_UP_TIM13_IRQHandler</STRONG> (Thumb, 0 bytes, Stack size 0 bytes, startup_stm32h750xx.o(.text))
<BR>[Address Reference Count : 1]<UL><LI> startup_stm32h750xx.o(RESET)
</UL>
<P><STRONG><a name="[3d]"></a>UART4_IRQHandler</STRONG> (Thumb, 0 bytes, Stack size 0 bytes, startup_stm32h750xx.o(.text))
<BR>[Address Reference Count : 1]<UL><LI> startup_stm32h750xx.o(RESET)
</UL>
<P><STRONG><a name="[3e]"></a>UART5_IRQHandler</STRONG> (Thumb, 0 bytes, Stack size 0 bytes, startup_stm32h750xx.o(.text))
<BR>[Address Reference Count : 1]<UL><LI> startup_stm32h750xx.o(RESET)
</UL>
<P><STRONG><a name="[57]"></a>UART7_IRQHandler</STRONG> (Thumb, 0 bytes, Stack size 0 bytes, startup_stm32h750xx.o(.text))
<BR>[Address Reference Count : 1]<UL><LI> startup_stm32h750xx.o(RESET)
</UL>
<P><STRONG><a name="[58]"></a>UART8_IRQHandler</STRONG> (Thumb, 0 bytes, Stack size 0 bytes, startup_stm32h750xx.o(.text))
<BR>[Address Reference Count : 1]<UL><LI> startup_stm32h750xx.o(RESET)
</UL>
<P><STRONG><a name="[2f]"></a>USART1_IRQHandler</STRONG> (Thumb, 0 bytes, Stack size 0 bytes, startup_stm32h750xx.o(.text))
<BR>[Address Reference Count : 1]<UL><LI> startup_stm32h750xx.o(RESET)
</UL>
<P><STRONG><a name="[30]"></a>USART2_IRQHandler</STRONG> (Thumb, 0 bytes, Stack size 0 bytes, startup_stm32h750xx.o(.text))
<BR>[Address Reference Count : 1]<UL><LI> startup_stm32h750xx.o(RESET)
</UL>
<P><STRONG><a name="[31]"></a>USART3_IRQHandler</STRONG> (Thumb, 0 bytes, Stack size 0 bytes, startup_stm32h750xx.o(.text))
<BR>[Address Reference Count : 1]<UL><LI> startup_stm32h750xx.o(RESET)
</UL>
<P><STRONG><a name="[4c]"></a>USART6_IRQHandler</STRONG> (Thumb, 0 bytes, Stack size 0 bytes, startup_stm32h750xx.o(.text))
<BR>[Address Reference Count : 1]<UL><LI> startup_stm32h750xx.o(RESET)
</UL>
<P><STRONG><a name="[95]"></a>WAKEUP_PIN_IRQHandler</STRONG> (Thumb, 0 bytes, Stack size 0 bytes, startup_stm32h750xx.o(.text))
<BR>[Address Reference Count : 1]<UL><LI> startup_stm32h750xx.o(RESET)
</UL>
<P><STRONG><a name="[a]"></a>WWDG_IRQHandler</STRONG> (Thumb, 0 bytes, Stack size 0 bytes, startup_stm32h750xx.o(.text))
<BR>[Address Reference Count : 1]<UL><LI> startup_stm32h750xx.o(RESET)
</UL>
<P><STRONG><a name="[b8]"></a>__user_initial_stackheap</STRONG> (Thumb, 0 bytes, Stack size unknown bytes, startup_stm32h750xx.o(.text))
<BR><BR>[Called By]<UL><LI><a href="#[a3]">&gt;&gt;</a>&nbsp;&nbsp;&nbsp;__user_setup_stackheap
</UL>

<P><STRONG><a name="[ad]"></a>malloc</STRONG> (Thumb, 94 bytes, Stack size 16 bytes, h1_alloc.o(.text))
<BR><BR>[Stack]<UL><LI>Max Depth = 48<LI>Call Chain = malloc &rArr; __Heap_Full &rArr; __Heap_ProvideMemory &rArr; free
</UL>
<BR>[Calls]<UL><LI><a href="#[af]">&gt;&gt;</a>&nbsp;&nbsp;&nbsp;__Heap_Full
<LI><a href="#[ae]">&gt;&gt;</a>&nbsp;&nbsp;&nbsp;__rt_heap_descriptor
</UL>
<BR>[Called By]<UL><LI><a href="#[f0]">&gt;&gt;</a>&nbsp;&nbsp;&nbsp;usart_init
</UL>

<P><STRONG><a name="[118]"></a>__use_two_region_memory</STRONG> (Thumb, 2 bytes, Stack size 0 bytes, heapauxi.o(.text), UNUSED)

<P><STRONG><a name="[119]"></a>__rt_heap_escrow</STRONG> (Thumb, 2 bytes, Stack size 0 bytes, heapauxi.o(.text), UNUSED)

<P><STRONG><a name="[11a]"></a>__rt_heap_expand</STRONG> (Thumb, 2 bytes, Stack size 0 bytes, heapauxi.o(.text), UNUSED)

<P><STRONG><a name="[ae]"></a>__rt_heap_descriptor</STRONG> (Thumb, 8 bytes, Stack size 0 bytes, rt_heap_descriptor_intlibspace.o(.text))
<BR><BR>[Called By]<UL><LI><a href="#[b4]">&gt;&gt;</a>&nbsp;&nbsp;&nbsp;free
<LI><a href="#[a1]">&gt;&gt;</a>&nbsp;&nbsp;&nbsp;_init_alloc
<LI><a href="#[ad]">&gt;&gt;</a>&nbsp;&nbsp;&nbsp;malloc
</UL>

<P><STRONG><a name="[11b]"></a>__use_no_heap</STRONG> (Thumb, 2 bytes, Stack size 0 bytes, hguard.o(.text), UNUSED)

<P><STRONG><a name="[11c]"></a>__heap$guard</STRONG> (Thumb, 2 bytes, Stack size 0 bytes, hguard.o(.text), UNUSED)

<P><STRONG><a name="[11d]"></a>_terminate_user_alloc</STRONG> (Thumb, 2 bytes, Stack size 0 bytes, init_alloc.o(.text), UNUSED)

<P><STRONG><a name="[11e]"></a>_init_user_alloc</STRONG> (Thumb, 2 bytes, Stack size 0 bytes, init_alloc.o(.text), UNUSED)

<P><STRONG><a name="[af]"></a>__Heap_Full</STRONG> (Thumb, 34 bytes, Stack size 16 bytes, init_alloc.o(.text))
<BR><BR>[Stack]<UL><LI>Max Depth = 32<LI>Call Chain = __Heap_Full &rArr; __Heap_ProvideMemory &rArr; free
</UL>
<BR>[Calls]<UL><LI><a href="#[b0]">&gt;&gt;</a>&nbsp;&nbsp;&nbsp;__Heap_ProvideMemory
</UL>
<BR>[Called By]<UL><LI><a href="#[ad]">&gt;&gt;</a>&nbsp;&nbsp;&nbsp;malloc
</UL>

<P><STRONG><a name="[b1]"></a>__Heap_Broken</STRONG> (Thumb, 6 bytes, Stack size 0 bytes, init_alloc.o(.text), UNUSED)
<BR><BR>[Calls]<UL><LI><a href="#[b2]">&gt;&gt;</a>&nbsp;&nbsp;&nbsp;__rt_SIGRTMEM
</UL>

<P><STRONG><a name="[a1]"></a>_init_alloc</STRONG> (Thumb, 94 bytes, Stack size 24 bytes, init_alloc.o(.text))
<BR><BR>[Stack]<UL><LI>Max Depth = 64<LI>Call Chain = _init_alloc &rArr; __rt_SIGRTMEM &rArr; __rt_SIGRTMEM_inner &rArr; __default_signal_display &rArr; _ttywrch
</UL>
<BR>[Calls]<UL><LI><a href="#[b3]">&gt;&gt;</a>&nbsp;&nbsp;&nbsp;__Heap_Initialize
<LI><a href="#[ae]">&gt;&gt;</a>&nbsp;&nbsp;&nbsp;__rt_heap_descriptor
<LI><a href="#[b2]">&gt;&gt;</a>&nbsp;&nbsp;&nbsp;__rt_SIGRTMEM
<LI><a href="#[b0]">&gt;&gt;</a>&nbsp;&nbsp;&nbsp;__Heap_ProvideMemory
</UL>
<BR>[Called By]<UL><LI><a href="#[a0]">&gt;&gt;</a>&nbsp;&nbsp;&nbsp;__rt_lib_init_heap_2
</UL>

<P><STRONG><a name="[b3]"></a>__Heap_Initialize</STRONG> (Thumb, 10 bytes, Stack size 0 bytes, h1_init.o(.text))
<BR><BR>[Called By]<UL><LI><a href="#[a1]">&gt;&gt;</a>&nbsp;&nbsp;&nbsp;_init_alloc
</UL>

<P><STRONG><a name="[11f]"></a>__Heap_DescSize</STRONG> (Thumb, 4 bytes, Stack size 0 bytes, h1_init.o(.text), UNUSED)

<P><STRONG><a name="[b4]"></a>free</STRONG> (Thumb, 78 bytes, Stack size 16 bytes, h1_free.o(.text))
<BR><BR>[Stack]<UL><LI>Max Depth = 16<LI>Call Chain = free
</UL>
<BR>[Calls]<UL><LI><a href="#[ae]">&gt;&gt;</a>&nbsp;&nbsp;&nbsp;__rt_heap_descriptor
</UL>
<BR>[Called By]<UL><LI><a href="#[b0]">&gt;&gt;</a>&nbsp;&nbsp;&nbsp;__Heap_ProvideMemory
</UL>

<P><STRONG><a name="[120]"></a>__user_libspace</STRONG> (Thumb, 8 bytes, Stack size 0 bytes, libspace.o(.text), UNUSED)

<P><STRONG><a name="[b7]"></a>__user_perproc_libspace</STRONG> (Thumb, 0 bytes, Stack size 0 bytes, libspace.o(.text))
<BR><BR>[Called By]<UL><LI><a href="#[a3]">&gt;&gt;</a>&nbsp;&nbsp;&nbsp;__user_setup_stackheap
</UL>

<P><STRONG><a name="[121]"></a>__user_perthread_libspace</STRONG> (Thumb, 0 bytes, Stack size 0 bytes, libspace.o(.text), UNUSED)

<P><STRONG><a name="[b0]"></a>__Heap_ProvideMemory</STRONG> (Thumb, 52 bytes, Stack size 0 bytes, h1_extend.o(.text))
<BR><BR>[Stack]<UL><LI>Max Depth = 16<LI>Call Chain = __Heap_ProvideMemory &rArr; free
</UL>
<BR>[Calls]<UL><LI><a href="#[b4]">&gt;&gt;</a>&nbsp;&nbsp;&nbsp;free
</UL>
<BR>[Called By]<UL><LI><a href="#[a1]">&gt;&gt;</a>&nbsp;&nbsp;&nbsp;_init_alloc
<LI><a href="#[af]">&gt;&gt;</a>&nbsp;&nbsp;&nbsp;__Heap_Full
</UL>

<P><STRONG><a name="[122]"></a>_maybe_terminate_alloc</STRONG> (Thumb, 0 bytes, Stack size 0 bytes, maybetermalloc1.o(.text), UNUSED)

<P><STRONG><a name="[b2]"></a>__rt_SIGRTMEM</STRONG> (Thumb, 14 bytes, Stack size 8 bytes, defsig_rtmem_outer.o(.text))
<BR><BR>[Stack]<UL><LI>Max Depth = 40<LI>Call Chain = __rt_SIGRTMEM &rArr; __rt_SIGRTMEM_inner &rArr; __default_signal_display &rArr; _ttywrch
</UL>
<BR>[Calls]<UL><LI><a href="#[b5]">&gt;&gt;</a>&nbsp;&nbsp;&nbsp;__rt_SIGRTMEM_inner
<LI><a href="#[b6]">&gt;&gt;</a>&nbsp;&nbsp;&nbsp;__sig_exit
</UL>
<BR>[Called By]<UL><LI><a href="#[a1]">&gt;&gt;</a>&nbsp;&nbsp;&nbsp;_init_alloc
<LI><a href="#[b1]">&gt;&gt;</a>&nbsp;&nbsp;&nbsp;__Heap_Broken
</UL>

<P><STRONG><a name="[123]"></a>__I$use$semihosting</STRONG> (Thumb, 0 bytes, Stack size 0 bytes, use_no_semi.o(.text), UNUSED)

<P><STRONG><a name="[124]"></a>__use_no_semihosting_swi</STRONG> (Thumb, 2 bytes, Stack size 0 bytes, use_no_semi.o(.text), UNUSED)

<P><STRONG><a name="[125]"></a>__semihosting_library_function</STRONG> (Thumb, 0 bytes, Stack size 8 bytes, indicate_semi.o(.text), UNUSED)

<P><STRONG><a name="[a3]"></a>__user_setup_stackheap</STRONG> (Thumb, 74 bytes, Stack size 8 bytes, sys_stackheap_outer.o(.text))
<BR><BR>[Stack]<UL><LI>Max Depth = 8 + Unknown Stack Size
<LI>Call Chain = __user_setup_stackheap
</UL>
<BR>[Calls]<UL><LI><a href="#[b7]">&gt;&gt;</a>&nbsp;&nbsp;&nbsp;__user_perproc_libspace
<LI><a href="#[b8]">&gt;&gt;</a>&nbsp;&nbsp;&nbsp;__user_initial_stackheap
</UL>
<BR>[Called By]<UL><LI><a href="#[a2]">&gt;&gt;</a>&nbsp;&nbsp;&nbsp;__rt_entry_sh
</UL>

<P><STRONG><a name="[a8]"></a>exit</STRONG> (Thumb, 18 bytes, Stack size 8 bytes, exit.o(.text))
<BR><BR>[Stack]<UL><LI>Max Depth = 8 + Unknown Stack Size
<LI>Call Chain = exit
</UL>
<BR>[Calls]<UL><LI><a href="#[b9]">&gt;&gt;</a>&nbsp;&nbsp;&nbsp;__rt_exit
</UL>
<BR>[Called By]<UL><LI><a href="#[a6]">&gt;&gt;</a>&nbsp;&nbsp;&nbsp;__rt_entry_main
</UL>

<P><STRONG><a name="[b6]"></a>__sig_exit</STRONG> (Thumb, 10 bytes, Stack size 0 bytes, defsig_exit.o(.text))
<BR><BR>[Calls]<UL><LI><a href="#[ac]">&gt;&gt;</a>&nbsp;&nbsp;&nbsp;_sys_exit
</UL>
<BR>[Called By]<UL><LI><a href="#[b2]">&gt;&gt;</a>&nbsp;&nbsp;&nbsp;__rt_SIGRTMEM
</UL>

<P><STRONG><a name="[b5]"></a>__rt_SIGRTMEM_inner</STRONG> (Thumb, 22 bytes, Stack size 8 bytes, defsig_rtmem_inner.o(.text))
<BR><BR>[Stack]<UL><LI>Max Depth = 32<LI>Call Chain = __rt_SIGRTMEM_inner &rArr; __default_signal_display &rArr; _ttywrch
</UL>
<BR>[Calls]<UL><LI><a href="#[ba]">&gt;&gt;</a>&nbsp;&nbsp;&nbsp;__default_signal_display
</UL>
<BR>[Called By]<UL><LI><a href="#[b2]">&gt;&gt;</a>&nbsp;&nbsp;&nbsp;__rt_SIGRTMEM
</UL>

<P><STRONG><a name="[ac]"></a>_sys_exit</STRONG> (Thumb, 8 bytes, Stack size 0 bytes, sys_exit.o(.text))
<BR><BR>[Called By]<UL><LI><a href="#[ab]">&gt;&gt;</a>&nbsp;&nbsp;&nbsp;__rt_exit_exit
<LI><a href="#[b6]">&gt;&gt;</a>&nbsp;&nbsp;&nbsp;__sig_exit
</UL>

<P><STRONG><a name="[ba]"></a>__default_signal_display</STRONG> (Thumb, 50 bytes, Stack size 16 bytes, defsig_general.o(.text))
<BR><BR>[Stack]<UL><LI>Max Depth = 24<LI>Call Chain = __default_signal_display &rArr; _ttywrch
</UL>
<BR>[Calls]<UL><LI><a href="#[bb]">&gt;&gt;</a>&nbsp;&nbsp;&nbsp;_ttywrch
</UL>
<BR>[Called By]<UL><LI><a href="#[b5]">&gt;&gt;</a>&nbsp;&nbsp;&nbsp;__rt_SIGRTMEM_inner
</UL>

<P><STRONG><a name="[bb]"></a>_ttywrch</STRONG> (Thumb, 14 bytes, Stack size 8 bytes, sys_wrch.o(.text))
<BR><BR>[Stack]<UL><LI>Max Depth = 8<LI>Call Chain = _ttywrch
</UL>
<BR>[Called By]<UL><LI><a href="#[ba]">&gt;&gt;</a>&nbsp;&nbsp;&nbsp;__default_signal_display
</UL>

<P><STRONG><a name="[15]"></a>DMA1_Stream0_IRQHandler</STRONG> (Thumb, 40 bytes, Stack size 8 bytes, dshot.o(.text.DMA1_Stream0_IRQHandler))
<BR><BR>[Stack]<UL><LI>Max Depth = 40<LI>Call Chain = DMA1_Stream0_IRQHandler &rArr; dshot_stop &rArr; dma_stop
</UL>
<BR>[Calls]<UL><LI><a href="#[bc]">&gt;&gt;</a>&nbsp;&nbsp;&nbsp;dshot_stop
</UL>
<BR>[Address Reference Count : 1]<UL><LI> startup_stm32h750xx.o(RESET)
</UL>
<P><STRONG><a name="[16]"></a>DMA1_Stream1_IRQHandler</STRONG> (Thumb, 16 bytes, Stack size 8 bytes, dma.o(.text.DMA1_Stream1_IRQHandler))
<BR><BR>[Stack]<UL><LI>Max Depth = 48<LI>Call Chain = DMA1_Stream1_IRQHandler &rArr; dma_irq_callback
</UL>
<BR>[Calls]<UL><LI><a href="#[bd]">&gt;&gt;</a>&nbsp;&nbsp;&nbsp;dma_irq_callback
</UL>
<BR>[Address Reference Count : 1]<UL><LI> startup_stm32h750xx.o(RESET)
</UL>
<P><STRONG><a name="[17]"></a>DMA1_Stream2_IRQHandler</STRONG> (Thumb, 16 bytes, Stack size 8 bytes, dma.o(.text.DMA1_Stream2_IRQHandler))
<BR><BR>[Stack]<UL><LI>Max Depth = 48<LI>Call Chain = DMA1_Stream2_IRQHandler &rArr; dma_irq_callback
</UL>
<BR>[Calls]<UL><LI><a href="#[bd]">&gt;&gt;</a>&nbsp;&nbsp;&nbsp;dma_irq_callback
</UL>
<BR>[Address Reference Count : 1]<UL><LI> startup_stm32h750xx.o(RESET)
</UL>
<P><STRONG><a name="[18]"></a>DMA1_Stream3_IRQHandler</STRONG> (Thumb, 16 bytes, Stack size 8 bytes, dma.o(.text.DMA1_Stream3_IRQHandler))
<BR><BR>[Stack]<UL><LI>Max Depth = 48<LI>Call Chain = DMA1_Stream3_IRQHandler &rArr; dma_irq_callback
</UL>
<BR>[Calls]<UL><LI><a href="#[bd]">&gt;&gt;</a>&nbsp;&nbsp;&nbsp;dma_irq_callback
</UL>
<BR>[Address Reference Count : 1]<UL><LI> startup_stm32h750xx.o(RESET)
</UL>
<P><STRONG><a name="[19]"></a>DMA1_Stream4_IRQHandler</STRONG> (Thumb, 16 bytes, Stack size 8 bytes, dma.o(.text.DMA1_Stream4_IRQHandler))
<BR><BR>[Stack]<UL><LI>Max Depth = 48<LI>Call Chain = DMA1_Stream4_IRQHandler &rArr; dma_irq_callback
</UL>
<BR>[Calls]<UL><LI><a href="#[bd]">&gt;&gt;</a>&nbsp;&nbsp;&nbsp;dma_irq_callback
</UL>
<BR>[Address Reference Count : 1]<UL><LI> startup_stm32h750xx.o(RESET)
</UL>
<P><STRONG><a name="[1a]"></a>DMA1_Stream5_IRQHandler</STRONG> (Thumb, 16 bytes, Stack size 8 bytes, dma.o(.text.DMA1_Stream5_IRQHandler))
<BR><BR>[Stack]<UL><LI>Max Depth = 48<LI>Call Chain = DMA1_Stream5_IRQHandler &rArr; dma_irq_callback
</UL>
<BR>[Calls]<UL><LI><a href="#[bd]">&gt;&gt;</a>&nbsp;&nbsp;&nbsp;dma_irq_callback
</UL>
<BR>[Address Reference Count : 1]<UL><LI> startup_stm32h750xx.o(RESET)
</UL>
<P><STRONG><a name="[1b]"></a>DMA1_Stream6_IRQHandler</STRONG> (Thumb, 16 bytes, Stack size 8 bytes, dma.o(.text.DMA1_Stream6_IRQHandler))
<BR><BR>[Stack]<UL><LI>Max Depth = 48<LI>Call Chain = DMA1_Stream6_IRQHandler &rArr; dma_irq_callback
</UL>
<BR>[Calls]<UL><LI><a href="#[bd]">&gt;&gt;</a>&nbsp;&nbsp;&nbsp;dma_irq_callback
</UL>
<BR>[Address Reference Count : 1]<UL><LI> startup_stm32h750xx.o(RESET)
</UL>
<P><STRONG><a name="[38]"></a>DMA1_Stream7_IRQHandler</STRONG> (Thumb, 16 bytes, Stack size 8 bytes, dma.o(.text.DMA1_Stream7_IRQHandler))
<BR><BR>[Stack]<UL><LI>Max Depth = 48<LI>Call Chain = DMA1_Stream7_IRQHandler &rArr; dma_irq_callback
</UL>
<BR>[Calls]<UL><LI><a href="#[bd]">&gt;&gt;</a>&nbsp;&nbsp;&nbsp;dma_irq_callback
</UL>
<BR>[Address Reference Count : 1]<UL><LI> startup_stm32h750xx.o(RESET)
</UL>
<P><STRONG><a name="[41]"></a>DMA2_Stream0_IRQHandler</STRONG> (Thumb, 18 bytes, Stack size 8 bytes, dma.o(.text.DMA2_Stream0_IRQHandler))
<BR><BR>[Stack]<UL><LI>Max Depth = 48<LI>Call Chain = DMA2_Stream0_IRQHandler &rArr; dma_irq_callback
</UL>
<BR>[Calls]<UL><LI><a href="#[bd]">&gt;&gt;</a>&nbsp;&nbsp;&nbsp;dma_irq_callback
</UL>
<BR>[Address Reference Count : 1]<UL><LI> startup_stm32h750xx.o(RESET)
</UL>
<P><STRONG><a name="[42]"></a>DMA2_Stream1_IRQHandler</STRONG> (Thumb, 18 bytes, Stack size 8 bytes, dma.o(.text.DMA2_Stream1_IRQHandler))
<BR><BR>[Stack]<UL><LI>Max Depth = 48<LI>Call Chain = DMA2_Stream1_IRQHandler &rArr; dma_irq_callback
</UL>
<BR>[Calls]<UL><LI><a href="#[bd]">&gt;&gt;</a>&nbsp;&nbsp;&nbsp;dma_irq_callback
</UL>
<BR>[Address Reference Count : 1]<UL><LI> startup_stm32h750xx.o(RESET)
</UL>
<P><STRONG><a name="[43]"></a>DMA2_Stream2_IRQHandler</STRONG> (Thumb, 18 bytes, Stack size 8 bytes, dma.o(.text.DMA2_Stream2_IRQHandler))
<BR><BR>[Stack]<UL><LI>Max Depth = 48<LI>Call Chain = DMA2_Stream2_IRQHandler &rArr; dma_irq_callback
</UL>
<BR>[Calls]<UL><LI><a href="#[bd]">&gt;&gt;</a>&nbsp;&nbsp;&nbsp;dma_irq_callback
</UL>
<BR>[Address Reference Count : 1]<UL><LI> startup_stm32h750xx.o(RESET)
</UL>
<P><STRONG><a name="[44]"></a>DMA2_Stream3_IRQHandler</STRONG> (Thumb, 18 bytes, Stack size 8 bytes, dma.o(.text.DMA2_Stream3_IRQHandler))
<BR><BR>[Stack]<UL><LI>Max Depth = 48<LI>Call Chain = DMA2_Stream3_IRQHandler &rArr; dma_irq_callback
</UL>
<BR>[Calls]<UL><LI><a href="#[bd]">&gt;&gt;</a>&nbsp;&nbsp;&nbsp;dma_irq_callback
</UL>
<BR>[Address Reference Count : 1]<UL><LI> startup_stm32h750xx.o(RESET)
</UL>
<P><STRONG><a name="[45]"></a>DMA2_Stream4_IRQHandler</STRONG> (Thumb, 18 bytes, Stack size 8 bytes, dma.o(.text.DMA2_Stream4_IRQHandler))
<BR><BR>[Stack]<UL><LI>Max Depth = 48<LI>Call Chain = DMA2_Stream4_IRQHandler &rArr; dma_irq_callback
</UL>
<BR>[Calls]<UL><LI><a href="#[bd]">&gt;&gt;</a>&nbsp;&nbsp;&nbsp;dma_irq_callback
</UL>
<BR>[Address Reference Count : 1]<UL><LI> startup_stm32h750xx.o(RESET)
</UL>
<P><STRONG><a name="[49]"></a>DMA2_Stream5_IRQHandler</STRONG> (Thumb, 18 bytes, Stack size 8 bytes, dma.o(.text.DMA2_Stream5_IRQHandler))
<BR><BR>[Stack]<UL><LI>Max Depth = 48<LI>Call Chain = DMA2_Stream5_IRQHandler &rArr; dma_irq_callback
</UL>
<BR>[Calls]<UL><LI><a href="#[bd]">&gt;&gt;</a>&nbsp;&nbsp;&nbsp;dma_irq_callback
</UL>
<BR>[Address Reference Count : 1]<UL><LI> startup_stm32h750xx.o(RESET)
</UL>
<P><STRONG><a name="[4a]"></a>DMA2_Stream6_IRQHandler</STRONG> (Thumb, 18 bytes, Stack size 8 bytes, dma.o(.text.DMA2_Stream6_IRQHandler))
<BR><BR>[Stack]<UL><LI>Max Depth = 48<LI>Call Chain = DMA2_Stream6_IRQHandler &rArr; dma_irq_callback
</UL>
<BR>[Calls]<UL><LI><a href="#[bd]">&gt;&gt;</a>&nbsp;&nbsp;&nbsp;dma_irq_callback
</UL>
<BR>[Address Reference Count : 1]<UL><LI> startup_stm32h750xx.o(RESET)
</UL>
<P><STRONG><a name="[4b]"></a>DMA2_Stream7_IRQHandler</STRONG> (Thumb, 18 bytes, Stack size 8 bytes, dma.o(.text.DMA2_Stream7_IRQHandler))
<BR><BR>[Stack]<UL><LI>Max Depth = 48<LI>Call Chain = DMA2_Stream7_IRQHandler &rArr; dma_irq_callback
</UL>
<BR>[Calls]<UL><LI><a href="#[bd]">&gt;&gt;</a>&nbsp;&nbsp;&nbsp;dma_irq_callback
</UL>
<BR>[Address Reference Count : 1]<UL><LI> startup_stm32h750xx.o(RESET)
</UL>
<P><STRONG><a name="[bf]"></a>SystemCoreClockUpdate</STRONG> (Thumb, 756 bytes, Stack size 44 bytes, system_stm32h7xx.o(.text.SystemCoreClockUpdate))
<BR><BR>[Stack]<UL><LI>Max Depth = 44<LI>Call Chain = SystemCoreClockUpdate
</UL>
<BR>[Called By]<UL><LI><a href="#[be]">&gt;&gt;</a>&nbsp;&nbsp;&nbsp;basic_init
<LI><a href="#[f0]">&gt;&gt;</a>&nbsp;&nbsp;&nbsp;usart_init
<LI><a href="#[d4]">&gt;&gt;</a>&nbsp;&nbsp;&nbsp;dshot_timer_init
</UL>

<P><STRONG><a name="[96]"></a>SystemInit</STRONG> (Thumb, 352 bytes, Stack size 4 bytes, system_stm32h7xx.o(.text.SystemInit))
<BR><BR>[Stack]<UL><LI>Max Depth = 4<LI>Call Chain = SystemInit
</UL>
<BR>[Address Reference Count : 1]<UL><LI> startup_stm32h750xx.o(.text)
</UL>
<P><STRONG><a name="[be]"></a>basic_init</STRONG> (Thumb, 130 bytes, Stack size 24 bytes, timer.o(.text.basic_init))
<BR><BR>[Stack]<UL><LI>Max Depth = 68<LI>Call Chain = basic_init &rArr; SystemCoreClockUpdate
</UL>
<BR>[Calls]<UL><LI><a href="#[bf]">&gt;&gt;</a>&nbsp;&nbsp;&nbsp;SystemCoreClockUpdate
</UL>
<BR>[Called By]<UL><LI><a href="#[ed]">&gt;&gt;</a>&nbsp;&nbsp;&nbsp;timer_init
</UL>

<P><STRONG><a name="[c0]"></a>bmi270_calib</STRONG> (Thumb, 264 bytes, Stack size 64 bytes, imu_bmi270.o(.text.bmi270_calib))
<BR><BR>[Stack]<UL><LI>Max Depth = 180<LI>Call Chain = bmi270_calib &rArr; bmi270_read &rArr; bmi270_read_raw &rArr; i2c_burst_read &rArr; i2c_start &rArr; i2c_set_address
</UL>
<BR>[Calls]<UL><LI><a href="#[c2]">&gt;&gt;</a>&nbsp;&nbsp;&nbsp;bmi270_read
<LI><a href="#[c1]">&gt;&gt;</a>&nbsp;&nbsp;&nbsp;delay_ms
</UL>
<BR>[Called By]<UL><LI><a href="#[f1]">&gt;&gt;</a>&nbsp;&nbsp;&nbsp;test_bmi270
</UL>

<P><STRONG><a name="[c3]"></a>bmi270_init</STRONG> (Thumb, 316 bytes, Stack size 56 bytes, imu_bmi270.o(.text.bmi270_init))
<BR><BR>[Stack]<UL><LI>Max Depth = 244<LI>Call Chain = bmi270_init &rArr; i2c_init &rArr; i2c_dma_init &rArr; dma_init &rArr; __NVIC_EnableIRQ
</UL>
<BR>[Calls]<UL><LI><a href="#[ca]">&gt;&gt;</a>&nbsp;&nbsp;&nbsp;bmi270_mode_high_power
<LI><a href="#[c9]">&gt;&gt;</a>&nbsp;&nbsp;&nbsp;bmi270_mode_normal_power
<LI><a href="#[c8]">&gt;&gt;</a>&nbsp;&nbsp;&nbsp;bmi270_mode_low_power
<LI><a href="#[c1]">&gt;&gt;</a>&nbsp;&nbsp;&nbsp;delay_ms
<LI><a href="#[c7]">&gt;&gt;</a>&nbsp;&nbsp;&nbsp;i2c_burst_write
<LI><a href="#[c5]">&gt;&gt;</a>&nbsp;&nbsp;&nbsp;i2c_read_reg
<LI><a href="#[c6]">&gt;&gt;</a>&nbsp;&nbsp;&nbsp;i2c_write_reg
<LI><a href="#[c4]">&gt;&gt;</a>&nbsp;&nbsp;&nbsp;i2c_init
</UL>
<BR>[Called By]<UL><LI><a href="#[ee]">&gt;&gt;</a>&nbsp;&nbsp;&nbsp;phase_2_init
</UL>

<P><STRONG><a name="[ca]"></a>bmi270_mode_high_power</STRONG> (Thumb, 132 bytes, Stack size 16 bytes, imu_bmi270.o(.text.bmi270_mode_high_power))
<BR><BR>[Stack]<UL><LI>Max Depth = 76<LI>Call Chain = bmi270_mode_high_power &rArr; i2c_write_reg &rArr; i2c_start &rArr; i2c_set_address
</UL>
<BR>[Calls]<UL><LI><a href="#[c6]">&gt;&gt;</a>&nbsp;&nbsp;&nbsp;i2c_write_reg
</UL>
<BR>[Called By]<UL><LI><a href="#[c3]">&gt;&gt;</a>&nbsp;&nbsp;&nbsp;bmi270_init
</UL>

<P><STRONG><a name="[c8]"></a>bmi270_mode_low_power</STRONG> (Thumb, 106 bytes, Stack size 16 bytes, imu_bmi270.o(.text.bmi270_mode_low_power))
<BR><BR>[Stack]<UL><LI>Max Depth = 76<LI>Call Chain = bmi270_mode_low_power &rArr; i2c_write_reg &rArr; i2c_start &rArr; i2c_set_address
</UL>
<BR>[Calls]<UL><LI><a href="#[c6]">&gt;&gt;</a>&nbsp;&nbsp;&nbsp;i2c_write_reg
</UL>
<BR>[Called By]<UL><LI><a href="#[c3]">&gt;&gt;</a>&nbsp;&nbsp;&nbsp;bmi270_init
</UL>

<P><STRONG><a name="[c9]"></a>bmi270_mode_normal_power</STRONG> (Thumb, 132 bytes, Stack size 16 bytes, imu_bmi270.o(.text.bmi270_mode_normal_power))
<BR><BR>[Stack]<UL><LI>Max Depth = 76<LI>Call Chain = bmi270_mode_normal_power &rArr; i2c_write_reg &rArr; i2c_start &rArr; i2c_set_address
</UL>
<BR>[Calls]<UL><LI><a href="#[c6]">&gt;&gt;</a>&nbsp;&nbsp;&nbsp;i2c_write_reg
</UL>
<BR>[Called By]<UL><LI><a href="#[c3]">&gt;&gt;</a>&nbsp;&nbsp;&nbsp;bmi270_init
</UL>

<P><STRONG><a name="[c2]"></a>bmi270_read</STRONG> (Thumb, 442 bytes, Stack size 16 bytes, imu_bmi270.o(.text.bmi270_read))
<BR><BR>[Stack]<UL><LI>Max Depth = 116<LI>Call Chain = bmi270_read &rArr; bmi270_read_raw &rArr; i2c_burst_read &rArr; i2c_start &rArr; i2c_set_address
</UL>
<BR>[Calls]<UL><LI><a href="#[cb]">&gt;&gt;</a>&nbsp;&nbsp;&nbsp;bmi270_read_raw
</UL>
<BR>[Called By]<UL><LI><a href="#[c0]">&gt;&gt;</a>&nbsp;&nbsp;&nbsp;bmi270_calib
<LI><a href="#[f1]">&gt;&gt;</a>&nbsp;&nbsp;&nbsp;test_bmi270
</UL>

<P><STRONG><a name="[cb]"></a>bmi270_read_raw</STRONG> (Thumb, 72 bytes, Stack size 32 bytes, imu_bmi270.o(.text.bmi270_read_raw))
<BR><BR>[Stack]<UL><LI>Max Depth = 100<LI>Call Chain = bmi270_read_raw &rArr; i2c_burst_read &rArr; i2c_start &rArr; i2c_set_address
</UL>
<BR>[Calls]<UL><LI><a href="#[cc]">&gt;&gt;</a>&nbsp;&nbsp;&nbsp;i2c_burst_read
<LI><a href="#[cd]">&gt;&gt;</a>&nbsp;&nbsp;&nbsp;i2c_check_read_burst
</UL>
<BR>[Called By]<UL><LI><a href="#[c2]">&gt;&gt;</a>&nbsp;&nbsp;&nbsp;bmi270_read
</UL>

<P><STRONG><a name="[dc]"></a>check_err</STRONG> (Thumb, 64 bytes, Stack size 4 bytes, dshot.o(.text.check_err))
[...]
</UL>

<P><STRONG><a name="[d0]"></a>dshot_dma_init</STRONG> (Thumb, 76 bytes, Stack size 40 bytes, dshot.o(.text.dshot_dma_init))
<BR><BR>[Stack]<UL><LI>Max Depth = 116<LI>Call Chain = dshot_dma_init &rArr; dma_init &rArr; __NVIC_EnableIRQ
</UL>
<BR>[Calls]<UL><LI><a href="#[ce]">&gt;&gt;</a>&nbsp;&nbsp;&nbsp;dma_init
</UL>
<BR>[Called By]<UL><LI><a href="#[d3]">&gt;&gt;</a>&nbsp;&nbsp;&nbsp;dshot_init
</UL>

<P><STRONG><a name="[d6]"></a>dshot_func_set</STRONG> (Thumb, 248 bytes, Stack size 4 bytes, dshot.o(.text.dshot_func_set))
<BR><BR>[Stack]<UL><LI>Max Depth = 4<LI>Call Chain = dshot_func_set
</UL>
<BR>[Called By]<UL><LI><a href="#[d5]">&gt;&gt;</a>&nbsp;&nbsp;&nbsp;dshot_package
</UL>

<P><STRONG><a name="[d1]"></a>dshot_gpio_init</STRONG> (Thumb, 178 bytes, Stack size 48 bytes, dshot.o(.text.dshot_gpio_init))
<BR><BR>[Stack]<UL><LI>Max Depth = 72<LI>Call Chain = dshot_gpio_init &rArr; gpio_init
</UL>
<BR>[Calls]<UL><LI><a href="#[d2]">&gt;&gt;</a>&nbsp;&nbsp;&nbsp;gpio_init
</UL>
<BR>[Called By]<UL><LI><a href="#[d3]">&gt;&gt;</a>&nbsp;&nbsp;&nbsp;dshot_init
</UL>

<P><STRONG><a name="[d3]"></a>dshot_init</STRONG> (Thumb, 138 bytes, Stack size 24 bytes, dshot.o(.text.dshot_init))
<BR><BR>[Stack]<UL><LI>Max Depth = 140<LI>Call Chain = dshot_init &rArr; dshot_dma_init &rArr; dma_init &rArr; __NVIC_EnableIRQ
</UL>
<BR>[Calls]<UL><LI><a href="#[d0]">&gt;&gt;</a>&nbsp;&nbsp;&nbsp;dshot_dma_init
<LI><a href="#[d4]">&gt;&gt;</a>&nbsp;&nbsp;&nbsp;dshot_timer_init
<LI><a href="#[d1]">&gt;&gt;</a>&nbsp;&nbsp;&nbsp;dshot_gpio_init
</UL>
<BR>[Called By]<UL><LI><a href="#[eb]">&gt;&gt;</a>&nbsp;&nbsp;&nbsp;phase_1_init
</UL>

<P><STRONG><a name="[d5]"></a>dshot_package</STRONG> (Thumb, 744 bytes, Stack size 64 bytes, dshot.o(.text.dshot_package))
<BR><BR>[Stack]<UL><LI>Max Depth = 68<LI>Call Chain = dshot_package &rArr; dshot_func_set
</UL>
<BR>[Calls]<UL><LI><a href="#[d6]">&gt;&gt;</a>&nbsp;&nbsp;&nbsp;dshot_func_set
</UL>
<BR>[Called By]<UL><LI><a href="#[db]">&gt;&gt;</a>&nbsp;&nbsp;&nbsp;dshot_write
</UL>

<P><STRONG><a name="[d7]"></a>dshot_start</STRONG> (Thumb, 28 bytes, Stack size 8 bytes, dshot.o(.text.dshot_start))
<BR><BR>[Stack]<UL><LI>Max Depth = 20<LI>Call Chain = dshot_start &rArr; dma_start
</UL>
<BR>[Calls]<UL><LI><a href="#[d8]">&gt;&gt;</a>&nbsp;&nbsp;&nbsp;dshot_SetAddress_dma
<LI><a href="#[d9]">&gt;&gt;</a>&nbsp;&nbsp;&nbsp;dma_start
</UL>
<BR>[Called By]<UL><LI><a href="#[db]">&gt;&gt;</a>&nbsp;&nbsp;&nbsp;dshot_write
</UL>

<P><STRONG><a name="[bc]"></a>dshot_stop</STRONG> (Thumb, 36 bytes, Stack size 8 bytes, dshot.o(.text.dshot_stop))
<BR><BR>[Stack]<UL><LI>Max Depth = 32<LI>Call Chain = dshot_stop &rArr; dma_stop
</UL>
<BR>[Calls]<UL><LI><a href="#[da]">&gt;&gt;</a>&nbsp;&nbsp;&nbsp;dma_stop
</UL>
<BR>[Called By]<UL><LI><a href="#[15]">&gt;&gt;</a>&nbsp;&nbsp;&nbsp;DMA1_Stream0_IRQHandler
</UL>

<P><STRONG><a name="[d4]"></a>dshot_timer_init</STRONG> (Thumb, 240 bytes, Stack size 32 bytes, dshot.o(.text.dshot_timer_init))
<BR><BR>[Stack]<UL><LI>Max Depth = 76<LI>Call Chain = dshot_timer_init &rArr; SystemCoreClockUpdate
</UL>
<BR>[Calls]<UL><LI><a href="#[bf]">&gt;&gt;</a>&nbsp;&nbsp;&nbsp;SystemCoreClockUpdate
</UL>
<BR>[Called By]<UL><LI><a href="#[d3]">&gt;&gt;</a>&nbsp;&nbsp;&nbsp;dshot_init
</UL>

<P><STRONG><a name="[db]"></a>dshot_write</STRONG> (Thumb, 126 bytes, Stack size 16 bytes, dshot.o(.text.dshot_write))
<BR><BR>[Stack]<UL><LI>Max Depth = 84<LI>Call Chain = dshot_write &rArr; dshot_package &rArr; dshot_func_set
</UL>
<BR>[Calls]<UL><LI><a href="#[dc]">&gt;&gt;</a>&nbsp;&nbsp;&nbsp;check_err
<LI><a href="#[d5]">&gt;&gt;</a>&nbsp;&nbsp;&nbsp;dshot_package
<LI><a href="#[d7]">&gt;&gt;</a>&nbsp;&nbsp;&nbsp;dshot_start
</UL>
<BR>[Called By]<UL><LI><a href="#[a7]">&gt;&gt;</a>&nbsp;&nbsp;&nbsp;main
</UL>

<P><STRONG><a name="[d2]"></a>gpio_init</STRONG> (Thumb, 680 bytes, Stack size 24 bytes, gpio.o(.text.gpio_init))
<BR><BR>[Stack]<UL><LI>Max Depth = 24<LI>Call Chain = gpio_init
</UL>
<BR>[Called By]<UL><LI><a href="#[f3]">&gt;&gt;</a>&nbsp;&nbsp;&nbsp;usart_gpio_init
<LI><a href="#[e6]">&gt;&gt;</a>&nbsp;&nbsp;&nbsp;i2c_gpio_init
<LI><a href="#[d1]">&gt;&gt;</a>&nbsp;&nbsp;&nbsp;dshot_gpio_init
</UL>

<P><STRONG><a name="[cc]"></a>i2c_burst_read</STRONG> (Thumb, 204 bytes, Stack size 32 bytes, i2c_master.o(.text.i2c_burst_read))
<BR><BR>[Stack]<UL><LI>Max Depth = 68<LI>Call Chain = i2c_burst_read &rArr; i2c_start &rArr; i2c_set_address
</UL>
<BR>[Calls]<UL><LI><a href="#[de]">&gt;&gt;</a>&nbsp;&nbsp;&nbsp;i2c_write_byte
<LI><a href="#[e1]">&gt;&gt;</a>&nbsp;&nbsp;&nbsp;i2c_restart
<LI><a href="#[dd]">&gt;&gt;</a>&nbsp;&nbsp;&nbsp;i2c_start
<LI><a href="#[df]">&gt;&gt;</a>&nbsp;&nbsp;&nbsp;i2c_stop_tranfer
<LI><a href="#[e0]">&gt;&gt;</a>&nbsp;&nbsp;&nbsp;dma_SetAddr
<LI><a href="#[d9]">&gt;&gt;</a>&nbsp;&nbsp;&nbsp;dma_start
</UL>
<BR>[Called By]<UL><LI><a href="#[cb]">&gt;&gt;</a>&nbsp;&nbsp;&nbsp;bmi270_read_raw
</UL>

<P><STRONG><a name="[c7]"></a>i2c_burst_write</STRONG> (Thumb, 410 bytes, Stack size 32 bytes, i2c_master.o(.text.i2c_burst_write))
<BR><BR>[Stack]<UL><LI>Max Depth = 68<LI>Call Chain = i2c_burst_write &rArr; i2c_start &rArr; i2c_set_address
</UL>
<BR>[Calls]<UL><LI><a href="#[c1]">&gt;&gt;</a>&nbsp;&nbsp;&nbsp;delay_ms
<LI><a href="#[de]">&gt;&gt;</a>&nbsp;&nbsp;&nbsp;i2c_write_byte
<LI><a href="#[dd]">&gt;&gt;</a>&nbsp;&nbsp;&nbsp;i2c_start
<LI><a href="#[df]">&gt;&gt;</a>&nbsp;&nbsp;&nbsp;i2c_stop_tranfer
<LI><a href="#[e2]">&gt;&gt;</a>&nbsp;&nbsp;&nbsp;i2c_clear_flag_stop
</UL>
<BR>[Called By]<UL><LI><a href="#[c3]">&gt;&gt;</a>&nbsp;&nbsp;&nbsp;bmi270_init
</UL>

<P><STRONG><a name="[98]"></a>i2c_callback_handle</STRONG> (Thumb, 48 bytes, Stack size 24 bytes, i2c_master.o(.text.i2c_callback_handle))
<BR><BR>[Stack]<UL><LI>Max Depth = 44<LI>Call Chain = i2c_callback_handle &rArr; i2c_clear_flag_stop &rArr; delay_us
</UL>
<BR>[Calls]<UL><LI><a href="#[e2]">&gt;&gt;</a>&nbsp;&nbsp;&nbsp;i2c_clear_flag_stop
</UL>
<BR>[Address Reference Count : 1]<UL><LI> i2c_master.o(.text.i2c_dma_init)
</UL>
<P><STRONG><a name="[cd]"></a>i2c_check_read_burst</STRONG> (Thumb, 52 bytes, Stack size 4 bytes, i2c_master.o(.text.i2c_check_read_burst))
<BR><BR>[Stack]<UL><LI>Max Depth = 4<LI>Call Chain = i2c_check_read_burst
</UL>
<BR>[Called By]<UL><LI><a href="#[cb]">&gt;&gt;</a>&nbsp;&nbsp;&nbsp;bmi270_read_raw
</UL>

<P><STRONG><a name="[e2]"></a>i2c_clear_flag_stop</STRONG> (Thumb, 70 bytes, Stack size 16 bytes, i2c_master.o(.text.i2c_clear_flag_stop))
<BR><BR>[Stack]<UL><LI>Max Depth = 20<LI>Call Chain = i2c_clear_flag_stop &rArr; delay_us
</UL>
<BR>[Calls]<UL><LI><a href="#[e3]">&gt;&gt;</a>&nbsp;&nbsp;&nbsp;delay_us
</UL>
<BR>[Called By]<UL><LI><a href="#[c7]">&gt;&gt;</a>&nbsp;&nbsp;&nbsp;i2c_burst_write
<LI><a href="#[c5]">&gt;&gt;</a>&nbsp;&nbsp;&nbsp;i2c_read_reg
<LI><a href="#[c6]">&gt;&gt;</a>&nbsp;&nbsp;&nbsp;i2c_write_reg
<LI><a href="#[df]">&gt;&gt;</a>&nbsp;&nbsp;&nbsp;i2c_stop_tranfer
<LI><a href="#[98]">&gt;&gt;</a>&nbsp;&nbsp;&nbsp;i2c_callback_handle
</UL>

<P><STRONG><a name="[e4]"></a>i2c_dma_init</STRONG> (Thumb, 214 bytes, Stack size 56 bytes, i2c_master.o(.text.i2c_dma_init))
<BR><BR>[Stack]<UL><LI>Max Depth = 132<LI>Call Chain = i2c_dma_init &rArr; dma_init &rArr; __NVIC_EnableIRQ
</UL>
<BR>[Calls]<UL><LI><a href="#[e5]">&gt;&gt;</a>&nbsp;&nbsp;&nbsp;dma_add_callback
<LI><a href="#[ce]">&gt;&gt;</a>&nbsp;&nbsp;&nbsp;dma_init
</UL>
<BR>[Called By]<UL><LI><a href="#[c4]">&gt;&gt;</a>&nbsp;&nbsp;&nbsp;i2c_init
</UL>

<P><STRONG><a name="[e6]"></a>i2c_gpio_init</STRONG> (Thumb, 94 bytes, Stack size 24 bytes, i2c_master.o(.text.i2c_gpio_init))
<BR><BR>[Stack]<UL><LI>Max Depth = 48<LI>Call Chain = i2c_gpio_init &rArr; gpio_init
</UL>
<BR>[Calls]<UL><LI><a href="#[d2]">&gt;&gt;</a>&nbsp;&nbsp;&nbsp;gpio_init
</UL>
<BR>[Called By]<UL><LI><a href="#[c4]">&gt;&gt;</a>&nbsp;&nbsp;&nbsp;i2c_init
</UL>

<P><STRONG><a name="[c4]"></a>i2c_init</STRONG> (Thumb, 296 bytes, Stack size 56 bytes, i2c_master.o(.text.i2c_init))
<BR><BR>[Stack]<UL><LI>Max Depth = 188<LI>Call Chain = i2c_init &rArr; i2c_dma_init &rArr; dma_init &rArr; __NVIC_EnableIRQ
</UL>
<BR>[Calls]<UL><LI><a href="#[e4]">&gt;&gt;</a>&nbsp;&nbsp;&nbsp;i2c_dma_init
<LI><a href="#[e6]">&gt;&gt;</a>&nbsp;&nbsp;&nbsp;i2c_gpio_init
</UL>
<BR>[Called By]<UL><LI><a href="#[c3]">&gt;&gt;</a>&nbsp;&nbsp;&nbsp;bmi270_init
</UL>

<P><STRONG><a name="[e7]"></a>i2c_read_byte</STRONG> (Thumb, 126 bytes, Stack size 20 bytes, i2c_master.o(.text.i2c_read_byte))
<BR><BR>[Stack]<UL><LI>Max Depth = 20<LI>Call Chain = i2c_read_byte
</UL>
<BR>[Called By]<UL><LI><a href="#[c5]">&gt;&gt;</a>&nbsp;&nbsp;&nbsp;i2c_read_reg
</UL>

<P><STRONG><a name="[c5]"></a>i2c_read_reg</STRONG> (Thumb, 196 bytes, Stack size 24 bytes, i2c_master.o(.text.i2c_read_reg))
<BR><BR>[Stack]<UL><LI>Max Depth = 60<LI>Call Chain = i2c_read_reg &rArr; i2c_start &rArr; i2c_set_address
</UL>
<BR>[Calls]<UL><LI><a href="#[e7]">&gt;&gt;</a>&nbsp;&nbsp;&nbsp;i2c_read_byte
<LI><a href="#[de]">&gt;&gt;</a>&nbsp;&nbsp;&nbsp;i2c_write_byte
<LI><a href="#[e1]">&gt;&gt;</a>&nbsp;&nbsp;&nbsp;i2c_restart
<LI><a href="#[dd]">&gt;&gt;</a>&nbsp;&nbsp;&nbsp;i2c_start
<LI><a href="#[df]">&gt;&gt;</a>&nbsp;&nbsp;&nbsp;i2c_stop_tranfer
<LI><a href="#[e2]">&gt;&gt;</a>&nbsp;&nbsp;&nbsp;i2c_clear_flag_stop
</UL>
<BR>[Called By]<UL><LI><a href="#[c3]">&gt;&gt;</a>&nbsp;&nbsp;&nbsp;bmi270_init
</UL>

<P><STRONG><a name="[e1]"></a>i2c_restart</STRONG> (Thumb, 196 bytes, Stack size 16 bytes, i2c_master.o(.text.i2c_restart))
<BR><BR>[Stack]<UL><LI>Max Depth = 16<LI>Call Chain = i2c_restart
</UL>
<BR>[Called By]<UL><LI><a href="#[cc]">&gt;&gt;</a>&nbsp;&nbsp;&nbsp;i2c_burst_read
<LI><a href="#[c5]">&gt;&gt;</a>&nbsp;&nbsp;&nbsp;i2c_read_reg
</UL>

<P><STRONG><a name="[e8]"></a>i2c_set_address</STRONG> (Thumb, 86 bytes, Stack size 12 bytes, i2c_master.o(.text.i2c_set_address))
<BR><BR>[Stack]<UL><LI>Max Depth = 12<LI>Call Chain = i2c_set_address
</UL>
<BR>[Called By]<UL><LI><a href="#[dd]">&gt;&gt;</a>&nbsp;&nbsp;&nbsp;i2c_start
</UL>

<P><STRONG><a name="[dd]"></a>i2c_start</STRONG> (Thumb, 230 bytes, Stack size 24 bytes, i2c_master.o(.text.i2c_start))
<BR><BR>[Stack]<UL><LI>Max Depth = 36<LI>Call Chain = i2c_start &rArr; i2c_set_address
</UL>
<BR>[Calls]<UL><LI><a href="#[e8]">&gt;&gt;</a>&nbsp;&nbsp;&nbsp;i2c_set_address
</UL>
<BR>[Called By]<UL><LI><a href="#[c7]">&gt;&gt;</a>&nbsp;&nbsp;&nbsp;i2c_burst_write
<LI><a href="#[cc]">&gt;&gt;</a>&nbsp;&nbsp;&nbsp;i2c_burst_read
<LI><a href="#[c5]">&gt;&gt;</a>&nbsp;&nbsp;&nbsp;i2c_read_reg
<LI><a href="#[c6]">&gt;&gt;</a>&nbsp;&nbsp;&nbsp;i2c_write_reg
</UL>

<P><STRONG><a name="[df]"></a>i2c_stop_tranfer</STRONG> (Thumb, 46 bytes, Stack size 16 bytes, i2c_master.o(.text.i2c_stop_tranfer))
<BR><BR>[Stack]<UL><LI>Max Depth = 36<LI>Call Chain = i2c_stop_tranfer &rArr; i2c_clear_flag_stop &rArr; delay_us
</UL>
<BR>[Calls]<UL><LI><a href="#[e2]">&gt;&gt;</a>&nbsp;&nbsp;&nbsp;i2c_clear_flag_stop
</UL>
<BR>[Called By]<UL><LI><a href="#[c7]">&gt;&gt;</a>&nbsp;&nbsp;&nbsp;i2c_burst_write
<LI><a href="#[cc]">&gt;&gt;</a>&nbsp;&nbsp;&nbsp;i2c_burst_read
<LI><a href="#[c5]">&gt;&gt;</a>&nbsp;&nbsp;&nbsp;i2c_read_reg
<LI><a href="#[c6]">&gt;&gt;</a>&nbsp;&nbsp;&nbsp;i2c_write_reg
</UL>

<P><STRONG><a name="[de]"></a>i2c_write_byte</STRONG> (Thumb, 128 bytes, Stack size 16 bytes, i2c_master.o(.text.i2c_write_byte))
<BR><BR>[Stack]<UL><LI>Max Depth = 16<LI>Call Chain = i2c_write_byte
</UL>
<BR>[Called By]<UL><LI><a href="#[c7]">&gt;&gt;</a>&nbsp;&nbsp;&nbsp;i2c_burst_write
<LI><a href="#[cc]">&gt;&gt;</a>&nbsp;&nbsp;&nbsp;i2c_burst_read
<LI><a href="#[c5]">&gt;&gt;</a>&nbsp;&nbsp;&nbsp;i2c_read_reg
<LI><a href="#[c6]">&gt;&gt;</a>&nbsp;&nbsp;&nbsp;i2c_write_reg
</UL>

<P><STRONG><a name="[c6]"></a>i2c_write_reg</STRONG> (Thumb, 144 bytes, Stack size 24 bytes, i2c_master.o(.text.i2c_write_reg))
<BR><BR>[Stack]<UL><LI>Max Depth = 60<LI>Call Chain = i2c_write_reg &rArr; i2c_start &rArr; i2c_set_address
</UL>
<BR>[Calls]<UL><LI><a href="#[de]">&gt;&gt;</a>&nbsp;&nbsp;&nbsp;i2c_write_byte
<LI><a href="#[dd]">&gt;&gt;</a>&nbsp;&nbsp;&nbsp;i2c_start
<LI><a href="#[df]">&gt;&gt;</a>&nbsp;&nbsp;&nbsp;i2c_stop_tranfer
<LI><a href="#[e2]">&gt;&gt;</a>&nbsp;&nbsp;&nbsp;i2c_clear_flag_stop
</UL>
<BR>[Called By]<UL><LI><a href="#[ca]">&gt;&gt;</a>&nbsp;&nbsp;&nbsp;bmi270_mode_high_power
<LI><a href="#[c9]">&gt;&gt;</a>&nbsp;&nbsp;&nbsp;bmi270_mode_normal_power
<LI><a href="#[c8]">&gt;&gt;</a>&nbsp;&nbsp;&nbsp;bmi270_mode_low_power
<LI><a href="#[c3]">&gt;&gt;</a>&nbsp;&nbsp;&nbsp;bmi270_init
</UL>

<P><STRONG><a name="[a7]"></a>main</STRONG> (Thumb, 82 bytes, Stack size 24 bytes, main.o(.text.main))
<BR><BR>[Stack]<UL><LI>Max Depth = 356<LI>Call Chain = main &rArr; system_init &rArr; phase_2_init &rArr; rasp_com_init &rArr; usart_init &rArr; usart_dma_init &rArr; dma_init &rArr; __NVIC_EnableIRQ
</UL>
<BR>[Calls]<UL><LI><a href="#[db]">&gt;&gt;</a>&nbsp;&nbsp;&nbsp;dshot_write
<LI><a href="#[e9]">&gt;&gt;</a>&nbsp;&nbsp;&nbsp;system_init
<LI><a href="#[ea]">&gt;&gt;</a>&nbsp;&nbsp;&nbsp;test
</UL>
<BR>[Called By]<UL><LI><a href="#[a6]">&gt;&gt;</a>&nbsp;&nbsp;&nbsp;__rt_entry_main
</UL>

<P><STRONG><a name="[eb]"></a>phase_1_init</STRONG> (Thumb, 52 bytes, Stack size 16 bytes, init.o(.text.phase_1_init))
<BR><BR>[Stack]<UL><LI>Max Depth = 156<LI>Call Chain = phase_1_init &rArr; dshot_init &rArr; dshot_dma_init &rArr; dma_init &rArr; __NVIC_EnableIRQ
</UL>
<BR>[Calls]<UL><LI><a href="#[ed]">&gt;&gt;</a>&nbsp;&nbsp;&nbsp;timer_init
<LI><a href="#[d3]">&gt;&gt;</a>&nbsp;&nbsp;&nbsp;dshot_init
<LI><a href="#[ec]">&gt;&gt;</a>&nbsp;&nbsp;&nbsp;clock_init
</UL>
<BR>[Called By]<UL><LI><a href="#[e9]">&gt;&gt;</a>&nbsp;&nbsp;&nbsp;system_init
</UL>

<P><STRONG><a name="[ee]"></a>phase_2_init</STRONG> (Thumb, 38 bytes, Stack size 16 bytes, init.o(.text.phase_2_init))
<BR><BR>[Stack]<UL><LI>Max Depth = 324<LI>Call Chain = phase_2_init &rArr; rasp_com_init &rArr; usart_init &rArr; usart_dma_init &rArr; dma_init &rArr; __NVIC_EnableIRQ
</UL>
<BR>[Calls]<UL><LI><a href="#[ef]">&gt;&gt;</a>&nbsp;&nbsp;&nbsp;rasp_com_init
<LI><a href="#[c3]">&gt;&gt;</a>&nbsp;&nbsp;&nbsp;bmi270_init
<LI><a href="#[c1]">&gt;&gt;</a>&nbsp;&nbsp;&nbsp;delay_ms
</UL>
<BR>[Called By]<UL><LI><a href="#[e9]">&gt;&gt;</a>&nbsp;&nbsp;&nbsp;system_init
</UL>

<P><STRONG><a name="[ef]"></a>rasp_com_init</STRONG> (Thumb, 86 bytes, Stack size 56 bytes, rasp_com.o(.text.rasp_com_init))
<BR><BR>[Stack]<UL><LI>Max Depth = 308<LI>Call Chain = rasp_com_init &rArr; usart_init &rArr; usart_dma_init &rArr; dma_init &rArr; __NVIC_EnableIRQ
</UL>
<BR>[Calls]<UL><LI><a href="#[f0]">&gt;&gt;</a>&nbsp;&nbsp;&nbsp;usart_init
</UL>
<BR>[Called By]<UL><LI><a href="#[ee]">&gt;&gt;</a>&nbsp;&nbsp;&nbsp;phase_2_init
</UL>

<P><STRONG><a name="[e9]"></a>system_init</STRONG> (Thumb, 12 bytes, Stack size 8 bytes, init.o(.text.system_init))
<BR><BR>[Stack]<UL><LI>Max Depth = 332<LI>Call Chain = system_init &rArr; phase_2_init &rArr; rasp_com_init &rArr; usart_init &rArr; usart_dma_init &rArr; dma_init &rArr; __NVIC_EnableIRQ
</UL>
<BR>[Calls]<UL><LI><a href="#[ee]">&gt;&gt;</a>&nbsp;&nbsp;&nbsp;phase_2_init
<LI><a href="#[eb]">&gt;&gt;</a>&nbsp;&nbsp;&nbsp;phase_1_init
</UL>
<BR>[Called By]<UL><LI><a href="#[a7]">&gt;&gt;</a>&nbsp;&nbsp;&nbsp;main
</UL>

<P><STRONG><a name="[ea]"></a>test</STRONG> (Thumb, 8 bytes, Stack size 8 bytes, main.o(.text.test))
<BR><BR>[Stack]<UL><LI>Max Depth = 204<LI>Call Chain = test &rArr; test_bmi270 &rArr; bmi270_calib &rArr; bmi270_read &rArr; bmi270_read_raw &rArr; i2c_burst_read &rArr; i2c_start &rArr; i2c_set_address
</UL>
<BR>[Calls]<UL><LI><a href="#[f1]">&gt;&gt;</a>&nbsp;&nbsp;&nbsp;test_bmi270
</UL>
<BR>[Called By]<UL><LI><a href="#[a7]">&gt;&gt;</a>&nbsp;&nbsp;&nbsp;main
</UL>

<P><STRONG><a name="[f1]"></a>test_bmi270</STRONG> (Thumb, 132 bytes, Stack size 16 bytes, test_bmi270.o(.text.test_bmi270))
<BR><BR>[Stack]<UL><LI>Max Depth = 196<LI>Call Chain = test_bmi270 &rArr; bmi270_calib &rArr; bmi270_read &rArr; bmi270_read_raw &rArr; i2c_burst_read &rArr; i2c_start &rArr; i2c_set_address
</UL>
<BR>[Calls]<UL><LI><a href="#[c0]">&gt;&gt;</a>&nbsp;&nbsp;&nbsp;bmi270_calib
<LI><a href="#[c2]">&gt;&gt;</a>&nbsp;&nbsp;&nbsp;bmi270_read
<LI><a href="#[c1]">&gt;&gt;</a>&nbsp;&nbsp;&nbsp;delay_ms
</UL>
<BR>[Called By]<UL><LI><a href="#[ea]">&gt;&gt;</a>&nbsp;&nbsp;&nbsp;test
</UL>

<P><STRONG><a name="[ed]"></a>timer_init</STRONG> (Thumb, 82 bytes, Stack size 16 bytes, timer.o(.text.timer_init))
<BR><BR>[Stack]<UL><LI>Max Depth = 84<LI>Call Chain = timer_init &rArr; basic_init &rArr; SystemCoreClockUpdate
</UL>
<BR>[Calls]<UL><LI><a href="#[be]">&gt;&gt;</a>&nbsp;&nbsp;&nbsp;basic_init
</UL>
<BR>[Called By]<UL><LI><a href="#[eb]">&gt;&gt;</a>&nbsp;&nbsp;&nbsp;phase_1_init
</UL>

<P><STRONG><a name="[99]"></a>usart_callback_dma_rx</STRONG> (Thumb, 24 bytes, Stack size 12 bytes, usart.o(.text.usart_callback_dma_rx))
<BR><BR>[Stack]<UL><LI>Max Depth = 12<LI>Call Chain = usart_callback_dma_rx
</UL>
<BR>[Address Reference Count : 1]<UL><LI> usart.o(.text.usart_init)
</UL>
<P><STRONG><a name="[f2]"></a>usart_dma_init</STRONG> (Thumb, 292 bytes, Stack size 80 bytes, usart.o(.text.usart_dma_init))
<BR><BR>[Stack]<UL><LI>Max Depth = 156<LI>Call Chain = usart_dma_init &rArr; dma_init &rArr; __NVIC_EnableIRQ
</UL>
<BR>[Calls]<UL><LI><a href="#[ce]">&gt;&gt;</a>&nbsp;&nbsp;&nbsp;dma_init
</UL>
<BR>[Called By]<UL><LI><a href="#[f0]">&gt;&gt;</a>&nbsp;&nbsp;&nbsp;usart_init
</UL>

<P><STRONG><a name="[f3]"></a>usart_gpio_init</STRONG> (Thumb, 130 bytes, Stack size 24 bytes, usart.o(.text.usart_gpio_init))
<BR><BR>[Stack]<UL><LI>Max Depth = 48<LI>Call Chain = usart_gpio_init &rArr; gpio_init
</UL>
<BR>[Calls]<UL><LI><a href="#[d2]">&gt;&gt;</a>&nbsp;&nbsp;&nbsp;gpio_init
</UL>
<BR>[Called By]<UL><LI><a href="#[f0]">&gt;&gt;</a>&nbsp;&nbsp;&nbsp;usart_init
</UL>

<P><STRONG><a name="[f0]"></a>usart_init</STRONG> (Thumb, 864 bytes, Stack size 96 bytes, usart.o(.text.usart_init))
<BR><BR>[Stack]<UL><LI>Max Depth = 252<LI>Call Chain = usart_init &rArr; usart_dma_init &rArr; dma_init &rArr; __NVIC_EnableIRQ
</UL>
<BR>[Calls]<UL><LI><a href="#[ad]">&gt;&gt;</a>&nbsp;&nbsp;&nbsp;malloc
<LI><a href="#[f3]">&gt;&gt;</a>&nbsp;&nbsp;&nbsp;usart_gpio_init
<LI><a href="#[f2]">&gt;&gt;</a>&nbsp;&nbsp;&nbsp;usart_dma_init
<LI><a href="#[f4]">&gt;&gt;</a>&nbsp;&nbsp;&nbsp;__NVIC_EnableIRQ
<LI><a href="#[bf]">&gt;&gt;</a>&nbsp;&nbsp;&nbsp;SystemCoreClockUpdate
<LI><a href="#[e5]">&gt;&gt;</a>&nbsp;&nbsp;&nbsp;dma_add_callback
<LI><a href="#[e0]">&gt;&gt;</a>&nbsp;&nbsp;&nbsp;dma_SetAddr
<LI><a href="#[d9]">&gt;&gt;</a>&nbsp;&nbsp;&nbsp;dma_start
</UL>
<BR>[Called By]<UL><LI><a href="#[ef]">&gt;&gt;</a>&nbsp;&nbsp;&nbsp;rasp_com_init
</UL>

<P><STRONG><a name="[9f]"></a>_fp_init</STRONG> (Thumb, 26 bytes, Stack size 0 bytes, fpinit.o(x$fpl$fpinit))
<BR><BR>[Called By]<UL><LI><a href="#[9e]">&gt;&gt;</a>&nbsp;&nbsp;&nbsp;__rt_lib_init_fp_1
</UL>

<P><STRONG><a name="[126]"></a>__fplib_config_fpu_vfp</STRONG> (Thumb, 0 bytes, Stack size unknown bytes, fpinit.o(x$fpl$fpinit), UNUSED)

<P><STRONG><a name="[127]"></a>__fplib_config_pureend_doubles</STRONG> (Thumb, 0 bytes, Stack size unknown bytes, fpinit.o(x$fpl$fpinit), UNUSED)
<P>
<H3>
Local Symbols
</H3>
<P><STRONG><a name="[cf]"></a>__NVIC_EnableIRQ</STRONG> (Thumb, 48 bytes, Stack size 4 bytes, dma.o(.text.__NVIC_EnableIRQ))
<BR><BR>[Stack]<UL><LI>Max Depth = 4<LI>Call Chain = __NVIC_EnableIRQ
</UL>
<BR>[Called By]<UL><LI><a href="#[ce]">&gt;&gt;</a>&nbsp;&nbsp;&nbsp;dma_init
</UL>

<P><STRONG><a name="[f4]"></a>__NVIC_EnableIRQ</STRONG> (Thumb, 48 bytes, Stack size 4 bytes, usart.o(.text.__NVIC_EnableIRQ))
<BR><BR>[Stack]<UL><LI>Max Depth = 4<LI>Call Chain = __NVIC_EnableIRQ
</UL>
<BR>[Called By]<UL><LI><a href="#[f0]">&gt;&gt;</a>&nbsp;&nbsp;&nbsp;usart_init
</UL>
<P>
<H3>
Undefined Global Symbols
</H3><HR></body></html>
