Component: Arm Compiler for Embedded 6.19 Tool: armlink [5e73cb00]

==============================================================================

Section Cross References

    main.o(.text.test) refers to test_i2c.o(.text.test_i2c) for test_i2c
    main.o(.ARM.exidx.text.test) refers to main.o(.text.test) for [Anonymous Symbol]
    main.o(.text.main) refers to init.o(.text.system_init) for system_init
    main.o(.text.main) refers to main.o(.text.test) for test
    main.o(.text.main) refers to dshot.o(.text.dshot_write) for dshot_write
    main.o(.ARM.exidx.text.main) refers to main.o(.text.main) for [Anonymous Symbol]
    clock.o(.ARM.exidx.text.clock_init) refers to clock.o(.text.clock_init) for [Anonymous Symbol]
    delay.o(.text.delay_init) refers to system_stm32h7xx.o(.text.SystemCoreClockUpdate) for SystemCoreClockUpdate
    delay.o(.text.delay_init) refers to system_stm32h7xx.o(.data.SystemCoreClock) for SystemCoreClock
    delay.o(.ARM.exidx.text.delay_init) refers to delay.o(.text.delay_init) for [Anonymous Symbol]
    delay.o(.ARM.exidx.text.delay_us) refers to delay.o(.text.delay_us) for [Anonymous Symbol]
    delay.o(.ARM.exidx.text.delay_ms) refers to delay.o(.text.delay_ms) for [Anonymous Symbol]
    dma.o(.text.dma_irq_callback) refers to dma.o(.bss.arr_callback) for arr_callback
    dma.o(.ARM.exidx.text.dma_irq_callback) refers to dma.o(.text.dma_irq_callback) for [Anonymous Symbol]
    dma.o(.text.dma_init) refers to dma.o(.text.__NVIC_EnableIRQ) for __NVIC_EnableIRQ
    dma.o(.ARM.exidx.text.dma_init) refers to dma.o(.text.dma_init) for [Anonymous Symbol]
    dma.o(.ARM.exidx.text.__NVIC_EnableIRQ) refers to dma.o(.text.__NVIC_EnableIRQ) for [Anonymous Symbol]
    dma.o(.ARM.exidx.text.dma_start) refers to dma.o(.text.dma_start) for [Anonymous Symbol]
    dma.o(.ARM.exidx.text.dma_stop) refers to dma.o(.text.dma_stop) for [Anonymous Symbol]
    dma.o(.ARM.exidx.text.dma_busy_check) refers to dma.o(.text.dma_busy_check) for [Anonymous Symbol]
    dma.o(.ARM.exidx.text.dma_SetAddr) refers to dma.o(.text.dma_SetAddr) for [Anonymous Symbol]
    dma.o(.text.dma_add_callback) refers to dma.o(.bss.arr_callback) for arr_callback
    dma.o(.ARM.exidx.text.dma_add_callback) refers to dma.o(.text.dma_add_callback) for [Anonymous Symbol]
    dma.o(.ARM.exidx.text.dma_get_ndtr) refers to dma.o(.text.dma_get_ndtr) for [Anonymous Symbol]
    dma.o(.text.DMA1_Stream1_IRQHandler) refers to dma.o(.text.dma_irq_callback) for dma_irq_callback
    dma.o(.ARM.exidx.text.DMA1_Stream1_IRQHandler) refers to dma.o(.text.DMA1_Stream1_IRQHandler) for [Anonymous Symbol]
    dma.o(.text.DMA1_Stream2_IRQHandler) refers to dma.o(.text.dma_irq_callback) for dma_irq_callback
    dma.o(.ARM.exidx.text.DMA1_Stream2_IRQHandler) refers to dma.o(.text.DMA1_Stream2_IRQHandler) for [Anonymous Symbol]
    dma.o(.text.DMA1_Stream3_IRQHandler) refers to dma.o(.text.dma_irq_callback) for dma_irq_callback
    dma.o(.ARM.exidx.text.DMA1_Stream3_IRQHandler) refers to dma.o(.text.DMA1_Stream3_IRQHandler) for [Anonymous Symbol]
    dma.o(.text.DMA1_Stream4_IRQHandler) refers to dma.o(.text.dma_irq_callback) for dma_irq_callback
    dma.o(.ARM.exidx.text.DMA1_Stream4_IRQHandler) refers to dma.o(.text.DMA1_Stream4_IRQHandler) for [Anonymous Symbol]
    dma.o(.text.DMA1_Stream5_IRQHandler) refers to dma.o(.text.dma_irq_callback) for dma_irq_callback
    dma.o(.ARM.exidx.text.DMA1_Stream5_IRQHandler) refers to dma.o(.text.DMA1_Stream5_IRQHandler) for [Anonymous Symbol]
    dma.o(.text.DMA1_Stream6_IRQHandler) refers to dma.o(.text.dma_irq_callback) for dma_irq_callback
    dma.o(.ARM.exidx.text.DMA1_Stream6_IRQHandler) refers to dma.o(.text.DMA1_Stream6_IRQHandler) for [Anonymous Symbol]
    dma.o(.text.DMA1_Stream7_IRQHandler) refers to dma.o(.text.dma_irq_callback) for dma_irq_callback
    dma.o(.ARM.exidx.text.DMA1_Stream7_IRQHandler) refers to dma.o(.text.DMA1_Stream7_IRQHandler) for [Anonymous Symbol]
    dshot.o(.text.dshot_gpio_init) refers to gpio.o(.text.gpio_init) for gpio_init
    dshot.o(.ARM.exidx.text.dshot_gpio_init) refers to dshot.o(.text.dshot_gpio_init) for [Anonymous Symbol]
    dshot.o(.text.dshot_timer_init) refers to system_stm32h7xx.o(.text.SystemCoreClockUpdate) for SystemCoreClockUpdate
    dshot.o(.text.dshot_timer_init) refers to system_stm32h7xx.o(.data.SystemCoreClock) for SystemCoreClock
    dshot.o(.ARM.exidx.text.dshot_timer_init) refers to dshot.o(.text.dshot_timer_init) for [Anonymous Symbol]
    dshot.o(.text.dshot_SetAddress_dma) refers to dshot.o(.bss.DSHOT_GPIO) for DSHOT_GPIO
    dshot.o(.text.dshot_SetAddress_dma) refers to dshot.o(.bss.dshot_data) for dshot_data
    dshot.o(.ARM.exidx.text.dshot_SetAddress_dma) refers to dshot.o(.text.dshot_SetAddress_dma) for [Anonymous Symbol]
    dshot.o(.text.dshot_dma_init) refers to dma.o(.text.dma_init) for dma_init
    dshot.o(.ARM.exidx.text.dshot_dma_init) refers to dshot.o(.text.dshot_dma_init) for [Anonymous Symbol]
[...]
    __rtentry4.o(.ARM.Collect$$rtentry$$00000004) refers to sys_stackheap_outer.o(.text) for __user_setup_stackheap
    __rtentry4.o(.ARM.exidx) refers to __rtentry4.o(.ARM.Collect$$rtentry$$00000004) for .ARM.Collect$$rtentry$$00000004
    maybetermalloc2.o(.text) refers (Special) to term_alloc.o(.text) for _terminate_alloc
    h1_extend.o(.text) refers to h1_free.o(.text) for free
    h1_extend_threads.o(.text) refers to h1_free_threads.o(.text) for free_internal$concurrent
    defsig_rtmem_outer.o(.text) refers to defsig_rtmem_inner.o(.text) for __rt_SIGRTMEM_inner
    defsig_rtmem_outer.o(.text) refers to defsig_exit.o(.text) for __sig_exit
    defsig_rtmem_formal.o(.text) refers to rt_raise.o(.text) for __rt_raise
    heapauxa.o(.text) refers to heapauxa.o(.data) for .data
    argv_veneer.o(.emb_text) refers to no_argv.o(.text) for __ARM_get_argv
    sys_stackheap_outer.o(.text) refers to libspace.o(.text) for __user_perproc_libspace
    sys_stackheap_outer.o(.text) refers to startup_stm32h750xx.o(.text) for __user_initial_stackheap
    rt_raise.o(.text) refers to __raise.o(.text) for __raise
    rt_raise.o(.text) refers to sys_exit.o(.text) for _sys_exit
    term_alloc.o(.text) refers (Special) to libshutdown2.o(.ARM.Collect$$libshutdown$$0000000E) for __rt_lib_shutdown_heap_2
    term_alloc.o(.text) refers to rt_heap_descriptor_intlibspace.o(.text) for __rt_heap_descriptor
    term_alloc.o(.text) refers to h1_final.o(.text) for __Heap_Finalize
    exit.o(.text) refers to rtexit.o(.ARM.Collect$$rtexit$$00000000) for __rt_exit
    defsig_exit.o(.text) refers to sys_exit.o(.text) for _sys_exit
    defsig_rtmem_inner.o(.text) refers to defsig_general.o(.text) for __default_signal_display
    _get_argv_nomalloc.o(.text) refers (Special) to hrguard.o(.text) for __heap_region$guard
    _get_argv_nomalloc.o(.text) refers to defsig_rtmem_outer.o(.text) for __rt_SIGRTMEM
    _get_argv_nomalloc.o(.text) refers to sys_command.o(.text) for _sys_command_string
    libinit.o(.ARM.Collect$$libinit$$00000000) refers (Special) to libinit2.o(.ARM.Collect$$libinit$$00000030) for __rt_lib_init_alloca_1
    libinit.o(.ARM.Collect$$libinit$$00000000) refers (Special) to libinit2.o(.ARM.Collect$$libinit$$0000002E) for __rt_lib_init_argv_1
    libinit.o(.ARM.Collect$$libinit$$00000000) refers (Special) to libinit2.o(.ARM.Collect$$libinit$$0000001D) for __rt_lib_init_atexit_1
    libinit.o(.ARM.Collect$$libinit$$00000000) refers (Special) to libinit2.o(.ARM.Collect$$libinit$$00000023) for __rt_lib_init_clock_1
    libinit.o(.ARM.Collect$$libinit$$00000000) refers (Special) to libinit2.o(.ARM.Collect$$libinit$$00000034) for __rt_lib_init_cpp_1
    libinit.o(.ARM.Collect$$libinit$$00000000) refers (Special) to libinit2.o(.ARM.Collect$$libinit$$00000032) for __rt_lib_init_exceptions_1
    libinit.o(.ARM.Collect$$libinit$$00000000) refers (Special) to libinit2.o(.ARM.Collect$$libinit$$00000001) for __rt_lib_init_fp_1
    libinit.o(.ARM.Collect$$libinit$$00000000) refers (Special) to libinit2.o(.ARM.Collect$$libinit$$00000021) for __rt_lib_init_fp_trap_1
    libinit.o(.ARM.Collect$$libinit$$00000000) refers (Special) to libinit2.o(.ARM.Collect$$libinit$$00000025) for __rt_lib_init_getenv_1
    libinit.o(.ARM.Collect$$libinit$$00000000) refers (Special) to libinit2.o(.ARM.Collect$$libinit$$0000000C) for __rt_lib_init_heap_1
    libinit.o(.ARM.Collect$$libinit$$00000000) refers (Special) to libinit2.o(.ARM.Collect$$libinit$$00000013) for __rt_lib_init_lc_collate_1
    libinit.o(.ARM.Collect$$libinit$$00000000) refers (Special) to libinit2.o(.ARM.Collect$$libinit$$00000015) for __rt_lib_init_lc_ctype_1
    libinit.o(.ARM.Collect$$libinit$$00000000) refers (Special) to libinit2.o(.ARM.Collect$$libinit$$00000017) for __rt_lib_init_lc_monetary_1
    libinit.o(.ARM.Collect$$libinit$$00000000) refers (Special) to libinit2.o(.ARM.Collect$$libinit$$00000019) for __rt_lib_init_lc_numeric_1
    libinit.o(.ARM.Collect$$libinit$$00000000) refers (Special) to libinit2.o(.ARM.Collect$$libinit$$0000001B) for __rt_lib_init_lc_time_1
    libinit.o(.ARM.Collect$$libinit$$00000000) refers (Special) to libinit2.o(.ARM.Collect$$libinit$$00000006) for __rt_lib_init_preinit_1
    libinit.o(.ARM.Collect$$libinit$$00000000) refers (Special) to libinit2.o(.ARM.Collect$$libinit$$00000010) for __rt_lib_init_rand_1
    libinit.o(.ARM.Collect$$libinit$$00000000) refers (Special) to libinit2.o(.ARM.Collect$$libinit$$00000004) for __rt_lib_init_relocate_pie_1
    libinit.o(.ARM.Collect$$libinit$$00000000) refers (Special) to libinit2.o(.ARM.Collect$$libinit$$00000035) for __rt_lib_init_return
    libinit.o(.ARM.Collect$$libinit$$00000000) refers (Special) to libinit2.o(.ARM.Collect$$libinit$$0000001F) for __rt_lib_init_signal_1
    libinit.o(.ARM.Collect$$libinit$$00000000) refers (Special) to libinit2.o(.ARM.Collect$$libinit$$00000027) for __rt_lib_init_stdio_1
    libinit.o(.ARM.Collect$$libinit$$00000000) refers (Special) to libinit2.o(.ARM.Collect$$libinit$$0000000E) for __rt_lib_init_user_alloc_1
    sys_exit.o(.text) refers (Special) to use_no_semi.o(.text) for __I$use$semihosting
    sys_exit.o(.text) refers (Special) to indicate_semi.o(.text) for __semihosting_library_function
    sys_exit_hlt.o(.text) refers (Special) to use_no_semi.o(.text) for __I$use$semihosting
    sys_exit_hlt.o(.text) refers (Special) to indicate_semi.o(.text) for __semihosting_library_function
    rtexit.o(.ARM.Collect$$rtexit$$00000000) refers (Special) to rtexit2.o(.ARM.Collect$$rtexit$$00000004) for __rt_exit_exit
    rtexit.o(.ARM.Collect$$rtexit$$00000000) refers (Special) to rtexit2.o(.ARM.Collect$$rtexit$$00000003) for __rt_exit_ls
    rtexit.o(.ARM.Collect$$rtexit$$00000000) refers (Special) to rtexit2.o(.ARM.Collect$$rtexit$$00000002) for __rt_exit_prels_1
    rtexit.o(.ARM.exidx) refers (Special) to rtexit2.o(.ARM.Collect$$rtexit$$00000004) for __rt_exit_exit
    rtexit.o(.ARM.exidx) refers (Special) to rtexit2.o(.ARM.Collect$$rtexit$$00000003) for __rt_exit_ls
    rtexit.o(.ARM.exidx) refers (Special) to rtexit2.o(.ARM.Collect$$rtexit$$00000002) for __rt_exit_prels_1
    rtexit.o(.ARM.exidx) refers to rtexit.o(.ARM.Collect$$rtexit$$00000000) for .ARM.Collect$$rtexit$$00000000
    __raise.o(.text) refers to defsig.o(CL$$defsig) for __default_signal_handler
    defsig_general.o(.text) refers to sys_wrch.o(.text) for _ttywrch
    libshutdown2.o(.ARM.Collect$$libshutdown$$0000000D) refers (Weak) to term_alloc.o(.text) for _terminate_alloc
    sys_wrch.o(.text) refers (Special) to use_no_semi.o(.text) for __I$use$semihosting
    sys_wrch.o(.text) refers (Special) to indicate_semi.o(.text) for __semihosting_library_function
    sys_wrch_hlt.o(.text) refers (Special) to use_no_semi.o(.text) for __I$use$semihosting
    sys_wrch_hlt.o(.text) refers (Special) to indicate_semi.o(.text) for __semihosting_library_function
    rtexit2.o(.ARM.Collect$$rtexit$$00000003) refers to libshutdown.o(.ARM.Collect$$libshutdown$$00000000) for __rt_lib_shutdown
    rtexit2.o(.ARM.Collect$$rtexit$$00000004) refers to sys_exit.o(.text) for _sys_exit
    rtexit2.o(.ARM.exidx) refers to rtexit2.o(.ARM.Collect$$rtexit$$00000001) for .ARM.Collect$$rtexit$$00000001
    rtexit2.o(.ARM.exidx) refers to rtexit2.o(.ARM.Collect$$rtexit$$00000003) for .ARM.Collect$$rtexit$$00000003
    rtexit2.o(.ARM.exidx) refers to rtexit2.o(.ARM.Collect$$rtexit$$00000004) for .ARM.Collect$$rtexit$$00000004
    defsig.o(CL$$defsig) refers to defsig_rtmem_inner.o(.text) for __rt_SIGRTMEM_inner
    defsig_abrt_inner.o(.text) refers to defsig_general.o(.text) for __default_signal_display
    defsig_fpe_inner.o(.text) refers to defsig_general.o(.text) for __default_signal_display
    defsig_rtred_inner.o(.text) refers to defsig_general.o(.text) for __default_signal_display
    defsig_stak_inner.o(.text) refers to defsig_general.o(.text) for __default_signal_display
    defsig_pvfn_inner.o(.text) refers to defsig_general.o(.text) for __default_signal_display
    defsig_cppl_inner.o(.text) refers to defsig_general.o(.text) for __default_signal_display
    defsig_segv_inner.o(.text) refers to defsig_general.o(.text) for __default_signal_display
    defsig_other.o(.text) refers to defsig_general.o(.text) for __default_signal_display
    libshutdown.o(.ARM.Collect$$libshutdown$$00000000) refers (Special) to libshutdown2.o(.ARM.Collect$$libshutdown$$00000002) for __rt_lib_shutdown_cpp_1
    libshutdown.o(.ARM.Collect$$libshutdown$$00000000) refers (Special) to libshutdown2.o(.ARM.Collect$$libshutdown$$00000007) for __rt_lib_shutdown_fp_trap_1
    libshutdown.o(.ARM.Collect$$libshutdown$$00000000) refers (Special) to libshutdown2.o(.ARM.Collect$$libshutdown$$0000000F) for __rt_lib_shutdown_heap_1
    libshutdown.o(.ARM.Collect$$libshutdown$$00000000) refers (Special) to libshutdown2.o(.ARM.Collect$$libshutdown$$00000010) for __rt_lib_shutdown_return
    libshutdown.o(.ARM.Collect$$libshutdown$$00000000) refers (Special) to libshutdown2.o(.ARM.Collect$$libshutdown$$0000000A) for __rt_lib_shutdown_signal_1
    libshutdown.o(.ARM.Collect$$libshutdown$$00000000) refers (Special) to libshutdown2.o(.ARM.Collect$$libshutdown$$00000004) for __rt_lib_shutdown_stdio_1
    libshutdown.o(.ARM.Collect$$libshutdown$$00000000) refers (Special) to libshutdown2.o(.ARM.Collect$$libshutdown$$0000000C) for __rt_lib_shutdown_user_alloc_1


==============================================================================

Removing Unused input sections from the image.

    Removing main.o(.text), (0 bytes).
    Removing main.o(.ARM.exidx.text.test), (8 bytes).
    Removing main.o(.ARM.exidx.text.main), (8 bytes).
    Removing main.o(.ARM.use_no_argv), (4 bytes).
    Removing clock.o(.text), (0 bytes).
    Removing clock.o(.ARM.exidx.text.clock_init), (8 bytes).
    Removing delay.o(.text), (0 bytes).
    Removing delay.o(.ARM.exidx.text.delay_init), (8 bytes).
    Removing delay.o(.ARM.exidx.text.delay_us), (8 bytes).
    Removing delay.o(.ARM.exidx.text.delay_ms), (8 bytes).
    Removing dma.o(.text), (0 bytes).
    Removing dma.o(.ARM.exidx.text.dma_irq_callback), (8 bytes).
    Removing dma.o(.ARM.exidx.text.dma_init), (8 bytes).
    Removing dma.o(.ARM.exidx.text.__NVIC_EnableIRQ), (8 bytes).
    Removing dma.o(.ARM.exidx.text.dma_start), (8 bytes).
    Removing dma.o(.ARM.exidx.text.dma_stop), (8 bytes).
    Removing dma.o(.text.dma_busy_check), (40 bytes).
    Removing dma.o(.ARM.exidx.text.dma_busy_check), (8 bytes).
    Removing dma.o(.ARM.exidx.text.dma_SetAddr), (8 bytes).
    Removing dma.o(.ARM.exidx.text.dma_add_callback), (8 bytes).
    Removing dma.o(.text.dma_get_ndtr), (34 bytes).
    Removing dma.o(.ARM.exidx.text.dma_get_ndtr), (8 bytes).
    Removing dma.o(.ARM.exidx.text.DMA1_Stream1_IRQHandler), (8 bytes).
    Removing dma.o(.ARM.exidx.text.DMA1_Stream2_IRQHandler), (8 bytes).
    Removing dma.o(.ARM.exidx.text.DMA1_Stream3_IRQHandler), (8 bytes).
    Removing dma.o(.ARM.exidx.text.DMA1_Stream4_IRQHandler), (8 bytes).
    Removing dma.o(.ARM.exidx.text.DMA1_Stream5_IRQHandler), (8 bytes).
    Removing dma.o(.ARM.exidx.text.DMA1_Stream6_IRQHandler), (8 bytes).
    Removing dma.o(.ARM.exidx.text.DMA1_Stream7_IRQHandler), (8 bytes).
    Removing dshot.o(.text), (0 bytes).
    Removing dshot.o(.ARM.exidx.text.dshot_gpio_init), (8 bytes).
    Removing dshot.o(.ARM.exidx.text.dshot_timer_init), (8 bytes).
    Removing dshot.o(.ARM.exidx.text.dshot_SetAddress_dma), (8 bytes).
    Removing dshot.o(.ARM.exidx.text.dshot_dma_init), (8 bytes).
    Removing dshot.o(.ARM.exidx.text.dshot_stop), (8 bytes).
    Removing dshot.o(.ARM.exidx.text.dshot_start), (8 bytes).
    Removing dshot.o(.ARM.exidx.text.dshot_func_set), (8 bytes).
    Removing dshot.o(.ARM.exidx.text.dshot_package), (8 bytes).
    Removing dshot.o(.ARM.exidx.text.dshot_init), (8 bytes).
    Removing dshot.o(.ARM.exidx.text.check_err), (8 bytes).
    Removing dshot.o(.ARM.exidx.text.dshot_write), (8 bytes).
    Removing dshot.o(.ARM.exidx.text.DMA1_Stream0_IRQHandler), (8 bytes).
    Removing dshot.o(.rodata..L__const.dshot_dma_init.cfg), (13 bytes).
    Removing gpio.o(.text), (0 bytes).
    Removing gpio.o(.ARM.exidx.text.gpio_init), (8 bytes).
    Removing gpio.o(.text.gpio_write), (120 bytes).
    Removing gpio.o(.ARM.exidx.text.gpio_write), (8 bytes).
    Removing gpio.o(.text.gpio_read), (44 bytes).
    Removing gpio.o(.ARM.exidx.text.gpio_read), (8 bytes).
    Removing i2c_master.o(.text), (0 bytes).
    Removing i2c_master.o(.ARM.exidx.text.i2c_clear_flag_stop), (8 bytes).
    Removing i2c_master.o(.ARM.exidx.text.i2c_set_address), (8 bytes).
    Removing i2c_master.o(.ARM.exidx.text.i2c_callback_handle), (8 bytes).
    Removing i2c_master.o(.ARM.exidx.text.i2c_gpio_init), (8 bytes).
    Removing i2c_master.o(.ARM.exidx.text.i2c_dma_init), (8 bytes).
    Removing i2c_master.o(.ARM.exidx.text.i2c_init), (8 bytes).
    Removing i2c_master.o(.ARM.exidx.text.i2c_stop_tranfer), (8 bytes).
    Removing i2c_master.o(.ARM.exidx.text.i2c_start), (8 bytes).
    Removing i2c_master.o(.ARM.exidx.text.i2c_restart), (8 bytes).
    Removing i2c_master.o(.ARM.exidx.text.i2c_write_byte), (8 bytes).
    Removing i2c_master.o(.ARM.exidx.text.i2c_read_byte), (8 bytes).
    Removing i2c_master.o(.ARM.exidx.text.i2c_write_reg), (8 bytes).
    Removing i2c_master.o(.ARM.exidx.text.i2c_read_reg), (8 bytes).
    Removing i2c_master.o(.ARM.exidx.text.i2c_check_read_burst), (8 bytes).
    Removing i2c_master.o(.ARM.exidx.text.i2c_burst_read), (8 bytes).
    Removing i2c_master.o(.ARM.exidx.text.i2c_burst_write), (8 bytes).
    Removing usart.o(.text), (0 bytes).
    Removing usart.o(.text.usart_callback_dma_rx), (24 bytes).
    Removing usart.o(.ARM.exidx.text.usart_callback_dma_rx), (8 bytes).
    Removing usart.o(.text.usart_dma_init), (292 bytes).
    Removing usart.o(.ARM.exidx.text.usart_dma_init), (8 bytes).
    Removing usart.o(.text.usart_gpio_init), (130 bytes).
    Removing usart.o(.ARM.exidx.text.usart_gpio_init), (8 bytes).
    Removing usart.o(.text.usart_init), (864 bytes).
    Removing usart.o(.ARM.exidx.text.usart_init), (8 bytes).
    Removing usart.o(.text.__NVIC_EnableIRQ), (48 bytes).
    Removing usart.o(.ARM.exidx.text.__NVIC_EnableIRQ), (8 bytes).
    Removing usart.o(.text.get_size), (100 bytes).
    Removing usart.o(.ARM.exidx.text.get_size), (8 bytes).
    Removing usart.o(.text.usart_read), (400 bytes).
    Removing usart.o(.ARM.exidx.text.usart_read), (8 bytes).
    Removing usart.o(.text.usart_write), (120 bytes).
    Removing usart.o(.ARM.exidx.text.usart_write), (8 bytes).
    Removing usart.o(.rodata.usart_table), (16 bytes).
    Removing usart.o(.bss.usart_data_glb_rx), (16 bytes).
    Removing test_i2c.o(.text), (0 bytes).
    Removing test_i2c.o(.ARM.exidx.text.test_i2c), (8 bytes).
    Removing init.o(.text), (0 bytes).
    Removing init.o(.ARM.exidx.text.phase_1_init), (8 bytes).
    Removing init.o(.ARM.exidx.text.phase_2_init), (8 bytes).
    Removing init.o(.ARM.exidx.text.system_init), (8 bytes).
    Removing init.o(.rodata..L__const.phase_1_init.dshot), (3 bytes).
    Removing imu_bmi270.o(.text), (0 bytes).
    Removing imu_bmi270.o(.ARM.exidx.text.bmi270_mode_low_power), (8 bytes).
    Removing imu_bmi270.o(.ARM.exidx.text.bmi270_mode_normal_power), (8 bytes).
    Removing imu_bmi270.o(.ARM.exidx.text.bmi270_mode_high_power), (8 bytes).
    Removing imu_bmi270.o(.ARM.exidx.text.bmi270_init), (8 bytes).
    Removing imu_bmi270.o(.ARM.exidx.text.bmi270_read), (8 bytes).
    Removing imu_bmi270.o(.rodata..L__const.bmi270_init.cfg), (14 bytes).
    Removing system_stm32h7xx.o(.text), (0 bytes).
    Removing system_stm32h7xx.o(.ARM.exidx.text.SystemInit), (8 bytes).
    Removing system_stm32h7xx.o(.ARM.exidx.text.SystemCoreClockUpdate), (8 bytes).

102 unused section(s) (total 2858 bytes) removed from the image.

==============================================================================

Image Symbol Table

    Local Symbols

    Symbol Name                              Value     Ov Type        Size  Object(Section)

    ../clib/angel/boardlib.s                 0x00000000   Number         0  boardinit1.o ABSOLUTE
    ../clib/angel/boardlib.s                 0x00000000   Number         0  boardinit2.o ABSOLUTE
    ../clib/angel/boardlib.s                 0x00000000   Number         0  boardinit3.o ABSOLUTE
    ../clib/angel/boardlib.s                 0x00000000   Number         0  boardshut.o ABSOLUTE
    ../clib/angel/handlers.s                 0x00000000   Number         0  __scatter_copy.o ABSOLUTE
    ../clib/angel/handlers.s                 0x00000000   Number         0  __scatter_zi.o ABSOLUTE
    ../clib/angel/kernel.s                   0x00000000   Number         0  __rtentry.o ABSOLUTE
    ../clib/angel/kernel.s                   0x00000000   Number         0  __rtentry2.o ABSOLUTE
    ../clib/angel/kernel.s                   0x00000000   Number         0  __rtentry4.o ABSOLUTE
    ../clib/angel/kernel.s                   0x00000000   Number         0  rtexit.o ABSOLUTE
    ../clib/angel/kernel.s                   0x00000000   Number         0  rtexit2.o ABSOLUTE
    ../clib/angel/rt.s                       0x00000000   Number         0  rt_heap_descriptor.o ABSOLUTE
    ../clib/angel/rt.s                       0x00000000   Number         0  rt_heap_descriptor_intlibspace.o ABSOLUTE
    ../clib/angel/rt.s                       0x00000000   Number         0  rt_raise.o ABSOLUTE
    ../clib/angel/scatter.s                  0x00000000   Number         0  __scatter.o ABSOLUTE
    ../clib/angel/startup.s                  0x00000000   Number         0  __main.o ABSOLUTE
    ../clib/angel/sys.s                      0x00000000   Number         0  mutex_dummy.o ABSOLUTE
    ../clib/angel/sys.s                      0x00000000   Number         0  libspace.o ABSOLUTE
    ../clib/angel/sys.s                      0x00000000   Number         0  use_no_semi.o ABSOLUTE
    ../clib/angel/sys.s                      0x00000000   Number         0  indicate_semi.o ABSOLUTE
    ../clib/angel/sys.s                      0x00000000   Number         0  sys_stackheap_outer.o ABSOLUTE
    ../clib/angel/sysapp.c                   0x00000000   Number         0  sys_command.o ABSOLUTE
    ../clib/angel/sysapp.c                   0x00000000   Number         0  sys_command_hlt.o ABSOLUTE
    ../clib/angel/sysapp.c                   0x00000000   Number         0  sys_exit.o ABSOLUTE
    ../clib/angel/sysapp.c                   0x00000000   Number         0  sys_exit_hlt.o ABSOLUTE
    ../clib/angel/sysapp.c                   0x00000000   Number         0  sys_wrch.o ABSOLUTE
    ../clib/angel/sysapp.c                   0x00000000   Number         0  sys_wrch_hlt.o ABSOLUTE
    ../clib/armsys.c                         0x00000000   Number         0  _get_argv.o ABSOLUTE
    ../clib/armsys.c                         0x00000000   Number         0  argv_veneer.o ABSOLUTE
    ../clib/armsys.c                         0x00000000   Number         0  argv_veneer.o ABSOLUTE
    ../clib/armsys.c                         0x00000000   Number         0  _get_argv_nomalloc.o ABSOLUTE
    ../clib/armsys.c                         0x00000000   Number         0  no_argv.o ABSOLUTE
    ../clib/heap1.c                          0x00000000   Number         0  h1_alloc.o ABSOLUTE
    ../clib/heap1.c                          0x00000000   Number         0  h1_alloc_threads.o ABSOLUTE
    ../clib/heap1.c                          0x00000000   Number         0  h1_init.o ABSOLUTE
    ../clib/heap1.c                          0x00000000   Number         0  h1_free.o ABSOLUTE
    ../clib/heap1.c                          0x00000000   Number         0  h1_init_threads.o ABSOLUTE
    ../clib/heap1.c                          0x00000000   Number         0  h1_free_threads.o ABSOLUTE
    ../clib/heap1.c                          0x00000000   Number         0  h1_extend.o ABSOLUTE
    ../clib/heap1.c                          0x00000000   Number         0  h1_extend_threads.o ABSOLUTE
    ../clib/heap1.c                          0x00000000   Number         0  h1_final.o ABSOLUTE
    ../clib/heap1.c                          0x00000000   Number         0  h1_final_threads.o ABSOLUTE
    ../clib/heap2.c                          0x00000000   Number         0  heap2.o ABSOLUTE
    ../clib/heap2.c                          0x00000000   Number         0  heap2_threads.o ABSOLUTE
    ../clib/heap2.c                          0x00000000   Number         0  fdtree.o ABSOLUTE
    ../clib/heapalloc.c                      0x00000000   Number         0  malloc.o ABSOLUTE
    ../clib/heapalloc.c                      0x00000000   Number         0  hguard.o ABSOLUTE
    ../clib/heapalloc.c                      0x00000000   Number         0  init_alloc.o ABSOLUTE
    ../clib/heapalloc.c                      0x00000000   Number         0  free.o ABSOLUTE
    ../clib/heapalloc.c                      0x00000000   Number         0  heapstubs.o ABSOLUTE
    ../clib/heapalloc.c                      0x00000000   Number         0  hrguard.o ABSOLUTE
    ../clib/heapalloc.c                      0x00000000   Number         0  term_alloc.o ABSOLUTE
    ../clib/heapaux.c                        0x00000000   Number         0  heapauxi.o ABSOLUTE
    ../clib/heapaux.c                        0x00000000   Number         0  heapauxa.o ABSOLUTE
    ../clib/libinit.s                        0x00000000   Number         0  libinit2.o ABSOLUTE
    ../clib/libinit.s                        0x00000000   Number         0  libinit.o ABSOLUTE
    ../clib/libinit.s                        0x00000000   Number         0  libshutdown2.o ABSOLUTE
    ../clib/libinit.s                        0x00000000   Number         0  libshutdown.o ABSOLUTE
    ../clib/maybe.s                          0x00000000   Number         0  maybetermalloc1.o ABSOLUTE
    ../clib/maybe.s                          0x00000000   Number         0  maybetermalloc2.o ABSOLUTE
    ../clib/memcpset.s                       0x00000000   Number         0  rt_memcpy_w.o ABSOLUTE
    ../clib/signal.c                         0x00000000   Number         0  defsig_rtmem_outer.o ABSOLUTE
    ../clib/signal.c                         0x00000000   Number         0  defsig_rtmem_formal.o ABSOLUTE
    ../clib/signal.c                         0x00000000   Number         0  defsig_exit.o ABSOLUTE
    ../clib/signal.c                         0x00000000   Number         0  defsig_rtmem_inner.o ABSOLUTE
    ../clib/signal.c                         0x00000000   Number         0  __raise.o ABSOLUTE
    ../clib/signal.c                         0x00000000   Number         0  defsig_general.o ABSOLUTE
    ../clib/signal.c                         0x00000000   Number         0  defsig_abrt_inner.o ABSOLUTE
    ../clib/signal.c                         0x00000000   Number         0  defsig_fpe_inner.o ABSOLUTE
    ../clib/signal.c                         0x00000000   Number         0  defsig_rtred_inner.o ABSOLUTE
    ../clib/signal.c                         0x00000000   Number         0  defsig_stak_inner.o ABSOLUTE
    ../clib/signal.c                         0x00000000   Number         0  defsig_pvfn_inner.o ABSOLUTE
    ../clib/signal.c                         0x00000000   Number         0  defsig_cppl_inner.o ABSOLUTE
    ../clib/signal.c                         0x00000000   Number         0  defsig_segv_inner.o ABSOLUTE
    ../clib/signal.c                         0x00000000   Number         0  defsig_other.o ABSOLUTE
    ../clib/signal.s                         0x00000000   Number         0  defsig.o ABSOLUTE
    ../clib/stdlib.c                         0x00000000   Number         0  exit.o ABSOLUTE
    ../fplib/fpinit.s                        0x00000000   Number         0  fpinit.o ABSOLUTE
    RTE/Device/STM32H750VBTx/startup_stm32h750xx.s 0x00000000   Number         0  startup_stm32h750xx.o ABSOLUTE
    clock.c                                  0x00000000   Number         0  clock.o ABSOLUTE
    dc.s                                     0x00000000   Number         0  dc.o ABSOLUTE
    delay.c                                  0x00000000   Number         0  delay.o ABSOLUTE
    dma.c                                    0x00000000   Number         0  dma.o ABSOLUTE
    dshot.c                                  0x00000000   Number         0  dshot.o ABSOLUTE
    gpio.c                                   0x00000000   Number         0  gpio.o ABSOLUTE
    i2c_master.c                             0x00000000   Number         0  i2c_master.o ABSOLUTE
    imu_bmi270.c                             0x00000000   Number         0  imu_bmi270.o ABSOLUTE
    init.c                                   0x00000000   Number         0  init.o ABSOLUTE
    main.c                                   0x00000000   Number         0  main.o ABSOLUTE
    system_stm32h7xx.c                       0x00000000   Number         0  system_stm32h7xx.o ABSOLUTE
    test_i2c.c                               0x00000000   Number         0  test_i2c.o ABSOLUTE
    usart.c                                  0x00000000   Number         0  usart.o ABSOLUTE
    RESET                                    0x08000000   Section      664  startup_stm32h750xx.o(RESET)
    !!!main                                  0x08000298   Section        8  __main.o(!!!main)
    !!!scatter                               0x080002a0   Section       52  __scatter.o(!!!scatter)
    !!handler_copy                           0x080002d4   Section       26  __scatter_copy.o(!!handler_copy)
    !!handler_zi                             0x080002f0   Section       28  __scatter_zi.o(!!handler_zi)
    .ARM.Collect$$libinit$$00000000          0x0800030c   Section        2  libinit.o(.ARM.Collect$$libinit$$00000000)
    .ARM.Collect$$libinit$$00000001          0x0800030e   Section        4  libinit2.o(.ARM.Collect$$libinit$$00000001)
    .ARM.Collect$$libinit$$00000004          0x08000312   Section        0  libinit2.o(.ARM.Collect$$libinit$$00000004)
    .ARM.Collect$$libinit$$00000006          0x08000312   Section        0  libinit2.o(.ARM.Collect$$libinit$$00000006)
    .ARM.Collect$$libinit$$0000000C          0x08000312   Section        0  libinit2.o(.ARM.Collect$$libinit$$0000000C)
    .ARM.Collect$$libinit$$0000000E          0x08000312   Section        0  libinit2.o(.ARM.Collect$$libinit$$0000000E)
    .ARM.Collect$$libinit$$00000010          0x08000312   Section        0  libinit2.o(.ARM.Collect$$libinit$$00000010)
    .ARM.Collect$$libinit$$00000013          0x08000312   Section        0  libinit2.o(.ARM.Collect$$libinit$$00000013)
    .ARM.Collect$$libinit$$00000015          0x08000312   Section        0  libinit2.o(.ARM.Collect$$libinit$$00000015)
    .ARM.Collect$$libinit$$00000017          0x08000312   Section        0  libinit2.o(.ARM.Collect$$libinit$$00000017)
    .ARM.Collect$$libinit$$00000019          0x08000312   Section        0  libinit2.o(.ARM.Collect$$libinit$$00000019)
    .ARM.Collect$$libinit$$0000001B          0x08000312   Section        0  libinit2.o(.ARM.Collect$$libinit$$0000001B)
    .ARM.Collect$$libinit$$0000001D          0x08000312   Section        0  libinit2.o(.ARM.Collect$$libinit$$0000001D)
    .ARM.Collect$$libinit$$0000001F          0x08000312   Section        0  libinit2.o(.ARM.Collect$$libinit$$0000001F)
    .ARM.Collect$$libinit$$00000021          0x08000312   Section        0  libinit2.o(.ARM.Collect$$libinit$$00000021)
    .ARM.Collect$$libinit$$00000023          0x08000312   Section        0  libinit2.o(.ARM.Collect$$libinit$$00000023)
    .ARM.Collect$$libinit$$00000025          0x08000312   Section        0  libinit2.o(.ARM.Collect$$libinit$$00000025)
    .ARM.Collect$$libinit$$00000027          0x08000312   Section        0  libinit2.o(.ARM.Collect$$libinit$$00000027)
    .ARM.Collect$$libinit$$0000002E          0x08000312   Section        0  libinit2.o(.ARM.Collect$$libinit$$0000002E)
    .ARM.Collect$$libinit$$00000030          0x08000312   Section        0  libinit2.o(.ARM.Collect$$libinit$$00000030)
    .ARM.Collect$$libinit$$00000032          0x08000312   Section        0  libinit2.o(.ARM.Collect$$libinit$$00000032)
    .ARM.Collect$$libinit$$00000034          0x08000312   Section        0  libinit2.o(.ARM.Collect$$libinit$$00000034)
    .ARM.Collect$$libinit$$00000035          0x08000312   Section        2  libinit2.o(.ARM.Collect$$libinit$$00000035)
    .ARM.Collect$$libshutdown$$00000000      0x08000314   Section        2  libshutdown.o(.ARM.Collect$$libshutdown$$00000000)
    .ARM.Collect$$libshutdown$$00000002      0x08000316   Section        0  libshutdown2.o(.ARM.Collect$$libshutdown$$00000002)
    .ARM.Collect$$libshutdown$$00000004      0x08000316   Section        0  libshutdown2.o(.ARM.Collect$$libshutdown$$00000004)
    .ARM.Collect$$libshutdown$$00000007      0x08000316   Section        0  libshutdown2.o(.ARM.Collect$$libshutdown$$00000007)
    .ARM.Collect$$libshutdown$$0000000A      0x08000316   Section        0  libshutdown2.o(.ARM.Collect$$libshutdown$$0000000A)
    .ARM.Collect$$libshutdown$$0000000C      0x08000316   Section        0  libshutdown2.o(.ARM.Collect$$libshutdown$$0000000C)
    .ARM.Collect$$libshutdown$$0000000F      0x08000316   Section        0  libshutdown2.o(.ARM.Collect$$libshutdown$$0000000F)
    .ARM.Collect$$libshutdown$$00000010      0x08000316   Section        2  libshutdown2.o(.ARM.Collect$$libshutdown$$00000010)
    .ARM.Collect$$rtentry$$00000000          0x08000318   Section        0  __rtentry.o(.ARM.Collect$$rtentry$$00000000)
    .ARM.Collect$$rtentry$$00000002          0x08000318   Section        0  __rtentry2.o(.ARM.Collect$$rtentry$$00000002)
    .ARM.Collect$$rtentry$$00000004          0x08000318   Section        6  __rtentry4.o(.ARM.Collect$$rtentry$$00000004)
    .ARM.Collect$$rtentry$$00000009          0x0800031e   Section        0  __rtentry2.o(.ARM.Collect$$rtentry$$00000009)
    .ARM.Collect$$rtentry$$0000000A          0x0800031e   Section        4  __rtentry2.o(.ARM.Collect$$rtentry$$0000000A)
    .ARM.Collect$$rtentry$$0000000C          0x08000322   Section        0  __rtentry2.o(.ARM.Collect$$rtentry$$0000000C)
    .ARM.Collect$$rtentry$$0000000D          0x08000322   Section        8  __rtentry2.o(.ARM.Collect$$rtentry$$0000000D)
    .ARM.Collect$$rtexit$$00000000           0x0800032a   Section        2  rtexit.o(.ARM.Collect$$rtexit$$00000000)
    .ARM.Collect$$rtexit$$00000002           0x0800032c   Section        0  rtexit2.o(.ARM.Collect$$rtexit$$00000002)
    .ARM.Collect$$rtexit$$00000003           0x0800032c   Section        4  rtexit2.o(.ARM.Collect$$rtexit$$00000003)
    .ARM.Collect$$rtexit$$00000004           0x08000330   Section        6  rtexit2.o(.ARM.Collect$$rtexit$$00000004)
    $v0                                      0x08000338   Number         0  startup_stm32h750xx.o(.text)
    .text                                    0x08000338   Section       64  startup_stm32h750xx.o(.text)
    .text                                    0x08000378   Section        0  heapauxi.o(.text)
    .text                                    0x08000380   Section        8  libspace.o(.text)
    .text                                    0x08000388   Section        2  use_no_semi.o(.text)
    .text                                    0x0800038a   Section        0  indicate_semi.o(.text)
    .text                                    0x0800038a   Section       74  sys_stackheap_outer.o(.text)
    .text                                    0x080003d4   Section        0  exit.o(.text)
    .text                                    0x080003e8   Section        0  sys_exit.o(.text)
    [Anonymous Symbol]                       0x080003f8   Section        0  dshot.o(.text.DMA1_Stream0_IRQHandler)
    [Anonymous Symbol]                       0x08000420   Section        0  dma.o(.text.DMA1_Stream1_IRQHandler)
    [Anonymous Symbol]                       0x08000430   Section        0  dma.o(.text.DMA1_Stream2_IRQHandler)
    [Anonymous Symbol]                       0x08000440   Section        0  dma.o(.text.DMA1_Stream3_IRQHandler)
    [Anonymous Symbol]                       0x08000450   Section        0  dma.o(.text.DMA1_Stream4_IRQHandler)
    [Anonymous Symbol]                       0x08000460   Section        0  dma.o(.text.DMA1_Stream5_IRQHandler)
    [Anonymous Symbol]                       0x08000470   Section        0  dma.o(.text.DMA1_Stream6_IRQHandler)
    [Anonymous Symbol]                       0x08000480   Section        0  dma.o(.text.DMA1_Stream7_IRQHandler)
    [Anonymous Symbol]                       0x08000490   Section        0  system_stm32h7xx.o(.text.SystemCoreClockUpdate)
    [Anonymous Symbol]                       0x08000788   Section        0  system_stm32h7xx.o(.text.SystemInit)
    __NVIC_EnableIRQ                         0x080008e9   Thumb Code    48  dma.o(.text.__NVIC_EnableIRQ)
    [Anonymous Symbol]                       0x080008e8   Section        0  dma.o(.text.__NVIC_EnableIRQ)
    [Anonymous Symbol]                       0x08000918   Section        0  imu_bmi270.o(.text.bmi270_init)
    [Anonymous Symbol]                       0x08000a38   Section        0  imu_bmi270.o(.text.bmi270_mode_high_power)
    [Anonymous Symbol]                       0x08000ac0   Section        0  imu_bmi270.o(.text.bmi270_mode_low_power)
    [Anonymous Symbol]                       0x08000b30   Section        0  imu_bmi270.o(.text.bmi270_mode_normal_power)
    [Anonymous Symbol]                       0x08000bb8   Section        0  imu_bmi270.o(.text.bmi270_read)
    [Anonymous Symbol]                       0x08000c00   Section        0  dshot.o(.text.check_err)
    [Anonymous Symbol]                       0x08000c40   Section        0  clock.o(.text.clock_init)
    [Anonymous Symbol]                       0x08000ea8   Section        0  delay.o(.text.delay_init)
    [Anonymous Symbol]                       0x08000f18   Section        0  delay.o(.text.delay_ms)
    [Anonymous Symbol]                       0x08000f88   Section        0  delay.o(.text.delay_us)
    [Anonymous Symbol]                       0x08000fe0   Section        0  dma.o(.text.dma_SetAddr)
    [Anonymous Symbol]                       0x08001058   Section        0  dma.o(.text.dma_add_callback)
    [Anonymous Symbol]                       0x08001090   Section        0  dma.o(.text.dma_init)
    [Anonymous Symbol]                       0x08001260   Section        0  dma.o(.text.dma_irq_callback)
    [Anonymous Symbol]                       0x080013a8   Section        0  dma.o(.text.dma_start)
    [Anonymous Symbol]                       0x080013d0   Section        0  dma.o(.text.dma_stop)
    [Anonymous Symbol]                       0x080014a0   Section        0  dshot.o(.text.dshot_SetAddress_dma)
    [Anonymous Symbol]                       0x080014d0   Section        0  dshot.o(.text.dshot_dma_init)
    [Anonymous Symbol]                       0x08001520   Section        0  dshot.o(.text.dshot_func_set)
    [Anonymous Symbol]                       0x08001618   Section        0  dshot.o(.text.dshot_gpio_init)
    [Anonymous Symbol]                       0x080016d0   Section        0  dshot.o(.text.dshot_init)
    [Anonymous Symbol]                       0x08001760   Section        0  dshot.o(.text.dshot_package)
    [Anonymous Symbol]                       0x08001a48   Section        0  dshot.o(.text.dshot_start)
    [Anonymous Symbol]                       0x08001a68   Section        0  dshot.o(.text.dshot_stop)
    [Anonymous Symbol]                       0x08001a90   Section        0  dshot.o(.text.dshot_timer_init)
    [Anonymous Symbol]                       0x08001b80   Section        0  dshot.o(.text.dshot_write)
    [Anonymous Symbol]                       0x08001c00   Section        0  gpio.o(.text.gpio_init)
    [Anonymous Symbol]                       0x08001ea8   Section        0  i2c_master.o(.text.i2c_burst_read)
    [Anonymous Symbol]                       0x08001f78   Section        0  i2c_master.o(.text.i2c_burst_write)
    [Anonymous Symbol]                       0x08002118   Section        0  i2c_master.o(.text.i2c_callback_handle)
    [Anonymous Symbol]                       0x08002148   Section        0  i2c_master.o(.text.i2c_check_read_burst)
    [Anonymous Symbol]                       0x08002180   Section        0  i2c_master.o(.text.i2c_clear_flag_stop)
    [Anonymous Symbol]                       0x080021c8   Section        0  i2c_master.o(.text.i2c_dma_init)
    [Anonymous Symbol]                       0x080022a0   Section        0  i2c_master.o(.text.i2c_gpio_init)
    [Anonymous Symbol]                       0x08002300   Section        0  i2c_master.o(.text.i2c_init)
    [Anonymous Symbol]                       0x08002428   Section        0  i2c_master.o(.text.i2c_read_byte)
    [Anonymous Symbol]                       0x080024a8   Section        0  i2c_master.o(.text.i2c_read_reg)
    [Anonymous Symbol]                       0x08002570   Section        0  i2c_master.o(.text.i2c_restart)
    [Anonymous Symbol]                       0x08002638   Section        0  i2c_master.o(.text.i2c_set_address)
    [Anonymous Symbol]                       0x08002690   Section        0  i2c_master.o(.text.i2c_start)
    [Anonymous Symbol]                       0x08002778   Section        0  i2c_master.o(.text.i2c_stop_tranfer)
    [Anonymous Symbol]                       0x080027a8   Section        0  i2c_master.o(.text.i2c_write_byte)
    [Anonymous Symbol]                       0x08002828   Section        0  i2c_master.o(.text.i2c_write_reg)
    [Anonymous Symbol]                       0x080028b8   Section        0  main.o(.text.main)
    [Anonymous Symbol]                       0x08002910   Section        0  init.o(.text.phase_1_init)
    [Anonymous Symbol]                       0x08002948   Section        0  init.o(.text.phase_2_init)
    [Anonymous Symbol]                       0x08002958   Section        0  init.o(.text.system_init)
    [Anonymous Symbol]                       0x08002968   Section        0  main.o(.text.test)
    [Anonymous Symbol]                       0x08002970   Section        0  test_i2c.o(.text.test_i2c)
    $v0                                      0x08002982   Number         0  fpinit.o(x$fpl$fpinit)
    x$fpl$fpinit                             0x08002982   Section       26  fpinit.o(x$fpl$fpinit)
    i2c_table                                0x080049ac   Data          12  i2c_master.o(.rodata.i2c_table)
    [Anonymous Symbol]                       0x080049ac   Section        0  i2c_master.o(.rodata.i2c_table)
    .bss                                     0x24000010   Section       96  libspace.o(.bss)
    arr_callback                             0x24000078   Data          96  dma.o(.bss.arr_callback)
    [Anonymous Symbol]                       0x24000078   Section        0  dma.o(.bss.arr_callback)
    Heap_Mem                                 0x240001c0   Data         512  startup_stm32h750xx.o(HEAP)
    HEAP                                     0x240001c0   Section      512  startup_stm32h750xx.o(HEAP)
    Stack_Mem                                0x240003c0   Data        1024  startup_stm32h750xx.o(STACK)
    STACK                                    0x240003c0   Section     1024  startup_stm32h750xx.o(STACK)
    __initial_sp                             0x240007c0   Data           0  startup_stm32h750xx.o(STACK)

    Global Symbols

    Symbol Name                              Value     Ov Type        Size  Object(Section)

    BuildAttributes$$THM_ISAv4$E$P$D$K$B$S$7EM$VFPv5_D16$PE$PLD8$A:L22UL41UL21$X:L11$S22US41US21$IEEE1$IW$~IW$USESV6$~STKCKD$USESV7$~SHL$OTIME$ROPI$EBA8$UX$STANDARDLIB$REQ8$PRES8$EABIv2 0x00000000   Number         0  anon$$obj.o ABSOLUTE
    __ARM_exceptions_init                     - Undefined Weak Reference
    __alloca_initialize                       - Undefined Weak Reference
    __arm_preinit_                            - Undefined Weak Reference
    __arm_relocate_pie_                       - Undefined Weak Reference
    __cpp_initialize__aeabi_                  - Undefined Weak Reference
    __cxa_finalize                            - Undefined Weak Reference
    __rt_locale                               - Undefined Weak Reference
    __sigvec_lookup                           - Undefined Weak Reference
    __user_heap_extent                        - Undefined Weak Reference
    _atexit_init                              - Undefined Weak Reference
    _call_atexit_fns                          - Undefined Weak Reference
    _clock_init                               - Undefined Weak Reference
    _fp_trap_init                             - Undefined Weak Reference
    _fp_trap_shutdown                         - Undefined Weak Reference
    _get_lc_collate                           - Undefined Weak Reference
    _get_lc_ctype                             - Undefined Weak Reference
    _get_lc_monetary                          - Undefined Weak Reference
    _get_lc_numeric                           - Undefined Weak Reference
    _get_lc_time                              - Undefined Weak Reference
    _getenv_init                              - Undefined Weak Reference
    _handle_redirection                       - Undefined Weak Reference
    _initio                                   - Undefined Weak Reference
    _mutex_acquire                            - Undefined Weak Reference
    _mutex_free                               - Undefined Weak Reference
    _mutex_release                            - Undefined Weak Reference
    _rand_init                                - Undefined Weak Reference
    _signal_finish                            - Undefined Weak Reference
    _signal_init                              - Undefined Weak Reference
    _terminateio                              - Undefined Weak Reference
    __Vectors_Size                           0x00000298   Number         0  startup_stm32h750xx.o ABSOLUTE
    __Vectors                                0x08000000   Data           4  startup_stm32h750xx.o(RESET)
    __Vectors_End                            0x08000298   Data           0  startup_stm32h750xx.o(RESET)
    __main                                   0x08000299   Thumb Code     8  __main.o(!!!main)
    __scatterload                            0x080002a1   Thumb Code     0  __scatter.o(!!!scatter)
    __scatterload_rt2                        0x080002a1   Thumb Code    44  __scatter.o(!!!scatter)
    __scatterload_rt2_thumb_only             0x080002a1   Thumb Code     0  __scatter.o(!!!scatter)
    __scatterload_null                       0x080002af   Thumb Code     0  __scatter.o(!!!scatter)
    __scatterload_copy                       0x080002d5   Thumb Code    26  __scatter_copy.o(!!handler_copy)
    __scatterload_zeroinit                   0x080002f1   Thumb Code    28  __scatter_zi.o(!!handler_zi)
    __rt_lib_init                            0x0800030d   Thumb Code     0  libinit.o(.ARM.Collect$$libinit$$00000000)
    __rt_lib_init_fp_1                       0x0800030f   Thumb Code     0  libinit2.o(.ARM.Collect$$libinit$$00000001)
    __rt_lib_init_alloca_1                   0x08000313   Thumb Code     0  libinit2.o(.ARM.Collect$$libinit$$00000030)
    __rt_lib_init_argv_1                     0x08000313   Thumb Code     0  libinit2.o(.ARM.Collect$$libinit$$0000002E)
    __rt_lib_init_atexit_1                   0x08000313   Thumb Code     0  libinit2.o(.ARM.Collect$$libinit$$0000001D)
    __rt_lib_init_clock_1                    0x08000313   Thumb Code     0  libinit2.o(.ARM.Collect$$libinit$$00000023)
    __rt_lib_init_cpp_1                      0x08000313   Thumb Code     0  libinit2.o(.ARM.Collect$$libinit$$00000034)
    __rt_lib_init_exceptions_1               0x08000313   Thumb Code     0  libinit2.o(.ARM.Collect$$libinit$$00000032)
    __rt_lib_init_fp_trap_1                  0x08000313   Thumb Code     0  libinit2.o(.ARM.Collect$$libinit$$00000021)
    __rt_lib_init_getenv_1                   0x08000313   Thumb Code     0  libinit2.o(.ARM.Collect$$libinit$$00000025)
    __rt_lib_init_heap_1                     0x08000313   Thumb Code     0  libinit2.o(.ARM.Collect$$libinit$$0000000C)
    __rt_lib_init_lc_collate_1               0x08000313   Thumb Code     0  libinit2.o(.ARM.Collect$$libinit$$00000013)
    __rt_lib_init_lc_ctype_1                 0x08000313   Thumb Code     0  libinit2.o(.ARM.Collect$$libinit$$00000015)
    __rt_lib_init_lc_monetary_1              0x08000313   Thumb Code     0  libinit2.o(.ARM.Collect$$libinit$$00000017)
    __rt_lib_init_lc_numeric_1               0x08000313   Thumb Code     0  libinit2.o(.ARM.Collect$$libinit$$00000019)
    __rt_lib_init_lc_time_1                  0x08000313   Thumb Code     0  libinit2.o(.ARM.Collect$$libinit$$0000001B)
    __rt_lib_init_preinit_1                  0x08000313   Thumb Code     0  libinit2.o(.ARM.Collect$$libinit$$00000006)
    __rt_lib_init_rand_1                     0x08000313   Thumb Code     0  libinit2.o(.ARM.Collect$$libinit$$00000010)
    __rt_lib_init_relocate_pie_1             0x08000313   Thumb Code     0  libinit2.o(.ARM.Collect$$libinit$$00000004)
    __rt_lib_init_return                     0x08000313   Thumb Code     0  libinit2.o(.ARM.Collect$$libinit$$00000035)
    __rt_lib_init_signal_1                   0x08000313   Thumb Code     0  libinit2.o(.ARM.Collect$$libinit$$0000001F)
    __rt_lib_init_stdio_1                    0x08000313   Thumb Code     0  libinit2.o(.ARM.Collect$$libinit$$00000027)
    __rt_lib_init_user_alloc_1               0x08000313   Thumb Code     0  libinit2.o(.ARM.Collect$$libinit$$0000000E)
    __rt_lib_shutdown                        0x08000315   Thumb Code     0  libshutdown.o(.ARM.Collect$$libshutdown$$00000000)
    __rt_lib_shutdown_cpp_1                  0x08000317   Thumb Code     0  libshutdown2.o(.ARM.Collect$$libshutdown$$00000002)
    __rt_lib_shutdown_fp_trap_1              0x08000317   Thumb Code     0  libshutdown2.o(.ARM.Collect$$libshutdown$$00000007)
    __rt_lib_shutdown_heap_1                 0x08000317   Thumb Code     0  libshutdown2.o(.ARM.Collect$$libshutdown$$0000000F)
    __rt_lib_shutdown_return                 0x08000317   Thumb Code     0  libshutdown2.o(.ARM.Collect$$libshutdown$$00000010)
    __rt_lib_shutdown_signal_1               0x08000317   Thumb Code     0  libshutdown2.o(.ARM.Collect$$libshutdown$$0000000A)
    __rt_lib_shutdown_stdio_1                0x08000317   Thumb Code     0  libshutdown2.o(.ARM.Collect$$libshutdown$$00000004)
    __rt_lib_shutdown_user_alloc_1           0x08000317   Thumb Code     0  libshutdown2.o(.ARM.Collect$$libshutdown$$0000000C)
    __rt_entry                               0x08000319   Thumb Code     0  __rtentry.o(.ARM.Collect$$rtentry$$00000000)
    __rt_entry_presh_1                       0x08000319   Thumb Code     0  __rtentry2.o(.ARM.Collect$$rtentry$$00000002)
    __rt_entry_sh                            0x08000319   Thumb Code     0  __rtentry4.o(.ARM.Collect$$rtentry$$00000004)
    __rt_entry_li                            0x0800031f   Thumb Code     0  __rtentry2.o(.ARM.Collect$$rtentry$$0000000A)
    __rt_entry_postsh_1                      0x0800031f   Thumb Code     0  __rtentry2.o(.ARM.Collect$$rtentry$$00000009)
    __rt_entry_main                          0x08000323   Thumb Code     0  __rtentry2.o(.ARM.Collect$$rtentry$$0000000D)
    __rt_entry_postli_1                      0x08000323   Thumb Code     0  __rtentry2.o(.ARM.Collect$$rtentry$$0000000C)
    __rt_exit                                0x0800032b   Thumb Code     0  rtexit.o(.ARM.Collect$$rtexit$$00000000)
    __rt_exit_ls                             0x0800032d   Thumb Code     0  rtexit2.o(.ARM.Collect$$rtexit$$00000003)
    __rt_exit_prels_1                        0x0800032d   Thumb Code     0  rtexit2.o(.ARM.Collect$$rtexit$$00000002)
    __rt_exit_exit                           0x08000331   Thumb Code     0  rtexit2.o(.ARM.Collect$$rtexit$$00000004)
    Reset_Handler                            0x08000339   Thumb Code     8  startup_stm32h750xx.o(.text)
    NMI_Handler                              0x08000341   Thumb Code     2  startup_stm32h750xx.o(.text)
    HardFault_Handler                        0x08000343   Thumb Code     2  startup_stm32h750xx.o(.text)
    MemManage_Handler                        0x08000345   Thumb Code     2  startup_stm32h750xx.o(.text)
    BusFault_Handler                         0x08000347   Thumb Code     2  startup_stm32h750xx.o(.text)
    UsageFault_Handler                       0x08000349   Thumb Code     2  startup_stm32h750xx.o(.text)
    SVC_Handler                              0x0800034b   Thumb Code     2  startup_stm32h750xx.o(.text)
    DebugMon_Handler                         0x0800034d   Thumb Code     2  startup_stm32h750xx.o(.text)
    PendSV_Handler                           0x0800034f   Thumb Code     2  startup_stm32h750xx.o(.text)
    SysTick_Handler                          0x08000351   Thumb Code     2  startup_stm32h750xx.o(.text)
    ADC3_IRQHandler                          0x08000353   Thumb Code     0  startup_stm32h750xx.o(.text)
    ADC_IRQHandler                           0x08000353   Thumb Code     0  startup_stm32h750xx.o(.text)
    BDMA_Channel0_IRQHandler                 0x08000353   Thumb Code     0  startup_stm32h750xx.o(.text)
    BDMA_Channel1_IRQHandler                 0x08000353   Thumb Code     0  startup_stm32h750xx.o(.text)
    BDMA_Channel2_IRQHandler                 0x08000353   Thumb Code     0  startup_stm32h750xx.o(.text)
    BDMA_Channel3_IRQHandler                 0x08000353   Thumb Code     0  startup_stm32h750xx.o(.text)
    BDMA_Channel4_IRQHandler                 0x08000353   Thumb Code     0  startup_stm32h750xx.o(.text)
    BDMA_Channel5_IRQHandler                 0x08000353   Thumb Code     0  startup_stm32h750xx.o(.text)
    BDMA_Channel6_IRQHandler                 0x08000353   Thumb Code     0  startup_stm32h750xx.o(.text)
    BDMA_Channel7_IRQHandler                 0x08000353   Thumb Code     0  startup_stm32h750xx.o(.text)
    CEC_IRQHandler                           0x08000353   Thumb Code     0  startup_stm32h750xx.o(.text)
    COMP1_IRQHandler                         0x08000353   Thumb Code     0  startup_stm32h750xx.o(.text)
    CRS_IRQHandler                           0x08000353   Thumb Code     0  startup_stm32h750xx.o(.text)
    CRYP_IRQHandler                          0x08000353   Thumb Code     0  startup_stm32h750xx.o(.text)
    DCMI_IRQHandler                          0x08000353   Thumb Code     0  startup_stm32h750xx.o(.text)
    DFSDM1_FLT0_IRQHandler                   0x08000353   Thumb Code     0  startup_stm32h750xx.o(.text)
    DFSDM1_FLT1_IRQHandler                   0x08000353   Thumb Code     0  startup_stm32h750xx.o(.text)
    DFSDM1_FLT2_IRQHandler                   0x08000353   Thumb Code     0  startup_stm32h750xx.o(.text)
    DFSDM1_FLT3_IRQHandler                   0x08000353   Thumb Code     0  startup_stm32h750xx.o(.text)
    DMA2D_IRQHandler                         0x08000353   Thumb Code     0  startup_stm32h750xx.o(.text)
    DMA2_Stream0_IRQHandler                  0x08000353   Thumb Code     0  startup_stm32h750xx.o(.text)
    DMA2_Stream1_IRQHandler                  0x08000353   Thumb Code     0  startup_stm32h750xx.o(.text)
    DMA2_Stream2_IRQHandler                  0x08000353   Thumb Code     0  startup_stm32h750xx.o(.text)
    DMA2_Stream3_IRQHandler                  0x08000353   Thumb Code     0  startup_stm32h750xx.o(.text)
    DMA2_Stream4_IRQHandler                  0x08000353   Thumb Code     0  startup_stm32h750xx.o(.text)
    DMA2_Stream5_IRQHandler                  0x08000353   Thumb Code     0  startup_stm32h750xx.o(.text)
    DMA2_Stream6_IRQHandler                  0x08000353   Thumb Code     0  startup_stm32h750xx.o(.text)
    DMA2_Stream7_IRQHandler                  0x08000353   Thumb Code     0  startup_stm32h750xx.o(.text)
    DMAMUX1_OVR_IRQHandler                   0x08000353   Thumb Code     0  startup_stm32h750xx.o(.text)
    DMAMUX2_OVR_IRQHandler                   0x08000353   Thumb Code     0  startup_stm32h750xx.o(.text)
    ECC_IRQHandler                           0x08000353   Thumb Code     0  startup_stm32h750xx.o(.text)
    ETH_IRQHandler                           0x08000353   Thumb Code     0  startup_stm32h750xx.o(.text)
    ETH_WKUP_IRQHandler                      0x08000353   Thumb Code     0  startup_stm32h750xx.o(.text)
    EXTI0_IRQHandler                         0x08000353   Thumb Code     0  startup_stm32h750xx.o(.text)
    EXTI15_10_IRQHandler                     0x08000353   Thumb Code     0  startup_stm32h750xx.o(.text)
    EXTI1_IRQHandler                         0x08000353   Thumb Code     0  startup_stm32h750xx.o(.text)
    EXTI2_IRQHandler                         0x08000353   Thumb Code     0  startup_stm32h750xx.o(.text)
    EXTI3_IRQHandler                         0x08000353   Thumb Code     0  startup_stm32h750xx.o(.text)
    EXTI4_IRQHandler                         0x08000353   Thumb Code     0  startup_stm32h750xx.o(.text)
    EXTI9_5_IRQHandler                       0x08000353   Thumb Code     0  startup_stm32h750xx.o(.text)
    FDCAN1_IT0_IRQHandler                    0x08000353   Thumb Code     0  startup_stm32h750xx.o(.text)
    FDCAN1_IT1_IRQHandler                    0x08000353   Thumb Code     0  startup_stm32h750xx.o(.text)
    FDCAN2_IT0_IRQHandler                    0x08000353   Thumb Code     0  startup_stm32h750xx.o(.text)
    FDCAN2_IT1_IRQHandler                    0x08000353   Thumb Code     0  startup_stm32h750xx.o(.text)
    FDCAN_CAL_IRQHandler                     0x08000353   Thumb Code     0  startup_stm32h750xx.o(.text)
    FLASH_IRQHandler                         0x08000353   Thumb Code     0  startup_stm32h750xx.o(.text)
    FMC_IRQHandler                           0x08000353   Thumb Code     0  startup_stm32h750xx.o(.text)
    FPU_IRQHandler                           0x08000353   Thumb Code     0  startup_stm32h750xx.o(.text)
    HASH_RNG_IRQHandler                      0x08000353   Thumb Code     0  startup_stm32h750xx.o(.text)
    HRTIM1_FLT_IRQHandler                    0x08000353   Thumb Code     0  startup_stm32h750xx.o(.text)
    HRTIM1_Master_IRQHandler                 0x08000353   Thumb Code     0  startup_stm32h750xx.o(.text)
    HRTIM1_TIMA_IRQHandler                   0x08000353   Thumb Code     0  startup_stm32h750xx.o(.text)
    HRTIM1_TIMB_IRQHandler                   0x08000353   Thumb Code     0  startup_stm32h750xx.o(.text)
    HRTIM1_TIMC_IRQHandler                   0x08000353   Thumb Code     0  startup_stm32h750xx.o(.text)
    HRTIM1_TIMD_IRQHandler                   0x08000353   Thumb Code     0  startup_stm32h750xx.o(.text)
    HRTIM1_TIME_IRQHandler                   0x08000353   Thumb Code     0  startup_stm32h750xx.o(.text)
    HSEM1_IRQHandler                         0x08000353   Thumb Code     0  startup_stm32h750xx.o(.text)
    I2C1_ER_IRQHandler                       0x08000353   Thumb Code     0  startup_stm32h750xx.o(.text)
    I2C1_EV_IRQHandler                       0x08000353   Thumb Code     0  startup_stm32h750xx.o(.text)
    I2C2_ER_IRQHandler                       0x08000353   Thumb Code     0  startup_stm32h750xx.o(.text)
    I2C2_EV_IRQHandler                       0x08000353   Thumb Code     0  startup_stm32h750xx.o(.text)
    I2C3_ER_IRQHandler                       0x08000353   Thumb Code     0  startup_stm32h750xx.o(.text)
    I2C3_EV_IRQHandler                       0x08000353   Thumb Code     0  startup_stm32h750xx.o(.text)
    I2C4_ER_IRQHandler                       0x08000353   Thumb Code     0  startup_stm32h750xx.o(.text)
    I2C4_EV_IRQHandler                       0x08000353   Thumb Code     0  startup_stm32h750xx.o(.text)
    JPEG_IRQHandler                          0x08000353   Thumb Code     0  startup_stm32h750xx.o(.text)
    LPTIM1_IRQHandler                        0x08000353   Thumb Code     0  startup_stm32h750xx.o(.text)
    LPTIM2_IRQHandler                        0x08000353   Thumb Code     0  startup_stm32h750xx.o(.text)
    LPTIM3_IRQHandler                        0x08000353   Thumb Code     0  startup_stm32h750xx.o(.text)
    LPTIM4_IRQHandler                        0x08000353   Thumb Code     0  startup_stm32h750xx.o(.text)
    LPTIM5_IRQHandler                        0x08000353   Thumb Code     0  startup_stm32h750xx.o(.text)
    LPUART1_IRQHandler                       0x08000353   Thumb Code     0  startup_stm32h750xx.o(.text)
    LTDC_ER_IRQHandler                       0x08000353   Thumb Code     0  startup_stm32h750xx.o(.text)
    LTDC_IRQHandler                          0x08000353   Thumb Code     0  startup_stm32h750xx.o(.text)
    MDIOS_IRQHandler                         0x08000353   Thumb Code     0  startup_stm32h750xx.o(.text)
    MDIOS_WKUP_IRQHandler                    0x08000353   Thumb Code     0  startup_stm32h750xx.o(.text)
    MDMA_IRQHandler                          0x08000353   Thumb Code     0  startup_stm32h750xx.o(.text)
    OTG_FS_EP1_IN_IRQHandler                 0x08000353   Thumb Code     0  startup_stm32h750xx.o(.text)
    OTG_FS_EP1_OUT_IRQHandler                0x08000353   Thumb Code     0  startup_stm32h750xx.o(.text)
    OTG_FS_IRQHandler                        0x08000353   Thumb Code     0  startup_stm32h750xx.o(.text)
    OTG_FS_WKUP_IRQHandler                   0x08000353   Thumb Code     0  startup_stm32h750xx.o(.text)
    OTG_HS_EP1_IN_IRQHandler                 0x08000353   Thumb Code     0  startup_stm32h750xx.o(.text)
    OTG_HS_EP1_OUT_IRQHandler                0x08000353   Thumb Code     0  startup_stm32h750xx.o(.text)
    OTG_HS_IRQHandler                        0x08000353   Thumb Code     0  startup_stm32h750xx.o(.text)
    OTG_HS_WKUP_IRQHandler                   0x08000353   Thumb Code     0  startup_stm32h750xx.o(.text)
    PVD_AVD_IRQHandler                       0x08000353   Thumb Code     0  startup_stm32h750xx.o(.text)
    QUADSPI_IRQHandler                       0x08000353   Thumb Code     0  startup_stm32h750xx.o(.text)
    RCC_IRQHandler                           0x08000353   Thumb Code     0  startup_stm32h750xx.o(.text)
    RTC_Alarm_IRQHandler                     0x08000353   Thumb Code     0  startup_stm32h750xx.o(.text)
    RTC_WKUP_IRQHandler                      0x08000353   Thumb Code     0  startup_stm32h750xx.o(.text)
    SAI1_IRQHandler                          0x08000353   Thumb Code     0  startup_stm32h750xx.o(.text)
    SAI2_IRQHandler                          0x08000353   Thumb Code     0  startup_stm32h750xx.o(.text)
    SAI3_IRQHandler                          0x08000353   Thumb Code     0  startup_stm32h750xx.o(.text)
    SAI4_IRQHandler                          0x08000353   Thumb Code     0  startup_stm32h750xx.o(.text)
    SDMMC1_IRQHandler                        0x08000353   Thumb Code     0  startup_stm32h750xx.o(.text)
    SDMMC2_IRQHandler                        0x08000353   Thumb Code     0  startup_stm32h750xx.o(.text)
    SPDIF_RX_IRQHandler                      0x08000353   Thumb Code     0  startup_stm32h750xx.o(.text)
    SPI1_IRQHandler                          0x08000353   Thumb Code     0  startup_stm32h750xx.o(.text)
    SPI2_IRQHandler                          0x08000353   Thumb Code     0  startup_stm32h750xx.o(.text)
    SPI3_IRQHandler                          0x08000353   Thumb Code     0  startup_stm32h750xx.o(.text)
    SPI4_IRQHandler                          0x08000353   Thumb Code     0  startup_stm32h750xx.o(.text)
    SPI5_IRQHandler                          0x08000353   Thumb Code     0  startup_stm32h750xx.o(.text)
    SPI6_IRQHandler                          0x08000353   Thumb Code     0  startup_stm32h750xx.o(.text)
    SWPMI1_IRQHandler                        0x08000353   Thumb Code     0  startup_stm32h750xx.o(.text)
    TAMP_STAMP_IRQHandler                    0x08000353   Thumb Code     0  startup_stm32h750xx.o(.text)
    TIM15_IRQHandler                         0x08000353   Thumb Code     0  startup_stm32h750xx.o(.text)
    TIM16_IRQHandler                         0x08000353   Thumb Code     0  startup_stm32h750xx.o(.text)
    TIM17_IRQHandler                         0x08000353   Thumb Code     0  startup_stm32h750xx.o(.text)
    TIM1_BRK_IRQHandler                      0x08000353   Thumb Code     0  startup_stm32h750xx.o(.text)
    TIM1_CC_IRQHandler                       0x08000353   Thumb Code     0  startup_stm32h750xx.o(.text)
    TIM1_TRG_COM_IRQHandler                  0x08000353   Thumb Code     0  startup_stm32h750xx.o(.text)
    TIM1_UP_IRQHandler                       0x08000353   Thumb Code     0  startup_stm32h750xx.o(.text)
    TIM2_IRQHandler                          0x08000353   Thumb Code     0  startup_stm32h750xx.o(.text)
    TIM3_IRQHandler                          0x08000353   Thumb Code     0  startup_stm32h750xx.o(.text)
    TIM4_IRQHandler                          0x08000353   Thumb Code     0  startup_stm32h750xx.o(.text)
    TIM5_IRQHandler                          0x08000353   Thumb Code     0  startup_stm32h750xx.o(.text)
    TIM6_DAC_IRQHandler                      0x08000353   Thumb Code     0  startup_stm32h750xx.o(.text)
    TIM7_IRQHandler                          0x08000353   Thumb Code     0  startup_stm32h750xx.o(.text)
    TIM8_BRK_TIM12_IRQHandler                0x08000353   Thumb Code     0  startup_stm32h750xx.o(.text)
    TIM8_CC_IRQHandler                       0x08000353   Thumb Code     0  startup_stm32h750xx.o(.text)
    TIM8_TRG_COM_TIM14_IRQHandler            0x08000353   Thumb Code     0  startup_stm32h750xx.o(.text)
    TIM8_UP_TIM13_IRQHandler                 0x08000353   Thumb Code     0  startup_stm32h750xx.o(.text)
    UART4_IRQHandler                         0x08000353   Thumb Code     0  startup_stm32h750xx.o(.text)
    UART5_IRQHandler                         0x08000353   Thumb Code     0  startup_stm32h750xx.o(.text)
    UART7_IRQHandler                         0x08000353   Thumb Code     0  startup_stm32h750xx.o(.text)
    UART8_IRQHandler                         0x08000353   Thumb Code     0  startup_stm32h750xx.o(.text)
    USART1_IRQHandler                        0x08000353   Thumb Code     0  startup_stm32h750xx.o(.text)
    USART2_IRQHandler                        0x08000353   Thumb Code     0  startup_stm32h750xx.o(.text)
    USART3_IRQHandler                        0x08000353   Thumb Code     0  startup_stm32h750xx.o(.text)
    USART6_IRQHandler                        0x08000353   Thumb Code     0  startup_stm32h750xx.o(.text)
    WAKEUP_PIN_IRQHandler                    0x08000353   Thumb Code     0  startup_stm32h750xx.o(.text)
    WWDG_IRQHandler                          0x08000353   Thumb Code     0  startup_stm32h750xx.o(.text)
    __user_initial_stackheap                 0x08000355   Thumb Code     0  startup_stm32h750xx.o(.text)
    __use_two_region_memory                  0x08000379   Thumb Code     2  heapauxi.o(.text)
    __rt_heap_escrow                         0x0800037b   Thumb Code     2  heapauxi.o(.text)
    __rt_heap_expand                         0x0800037d   Thumb Code     2  heapauxi.o(.text)
    __user_libspace                          0x08000381   Thumb Code     8  libspace.o(.text)
    __user_perproc_libspace                  0x08000381   Thumb Code     0  libspace.o(.text)
    __user_perthread_libspace                0x08000381   Thumb Code     0  libspace.o(.text)
    __I$use$semihosting                      0x08000389   Thumb Code     0  use_no_semi.o(.text)
    __use_no_semihosting_swi                 0x08000389   Thumb Code     2  use_no_semi.o(.text)
    __semihosting_library_function           0x0800038b   Thumb Code     0  indicate_semi.o(.text)
    __user_setup_stackheap                   0x0800038b   Thumb Code    74  sys_stackheap_outer.o(.text)
    exit                                     0x080003d5   Thumb Code    18  exit.o(.text)
    _sys_exit                                0x080003e9   Thumb Code     8  sys_exit.o(.text)
    DMA1_Stream0_IRQHandler                  0x080003f9   Thumb Code    40  dshot.o(.text.DMA1_Stream0_IRQHandler)
    DMA1_Stream1_IRQHandler                  0x08000421   Thumb Code    10  dma.o(.text.DMA1_Stream1_IRQHandler)
    DMA1_Stream2_IRQHandler                  0x08000431   Thumb Code    10  dma.o(.text.DMA1_Stream2_IRQHandler)
    DMA1_Stream3_IRQHandler                  0x08000441   Thumb Code    10  dma.o(.text.DMA1_Stream3_IRQHandler)
    DMA1_Stream4_IRQHandler                  0x08000451   Thumb Code    10  dma.o(.text.DMA1_Stream4_IRQHandler)
    DMA1_Stream5_IRQHandler                  0x08000461   Thumb Code    10  dma.o(.text.DMA1_Stream5_IRQHandler)
    DMA1_Stream6_IRQHandler                  0x08000471   Thumb Code    10  dma.o(.text.DMA1_Stream6_IRQHandler)
    DMA1_Stream7_IRQHandler                  0x08000481   Thumb Code    10  dma.o(.text.DMA1_Stream7_IRQHandler)
    SystemCoreClockUpdate                    0x08000491   Thumb Code   756  system_stm32h7xx.o(.text.SystemCoreClockUpdate)
    SystemInit                               0x08000789   Thumb Code   352  system_stm32h7xx.o(.text.SystemInit)
    bmi270_init                              0x08000919   Thumb Code   286  imu_bmi270.o(.text.bmi270_init)
    bmi270_mode_high_power                   0x08000a39   Thumb Code   132  imu_bmi270.o(.text.bmi270_mode_high_power)
    bmi270_mode_low_power                    0x08000ac1   Thumb Code   106  imu_bmi270.o(.text.bmi270_mode_low_power)
    bmi270_mode_normal_power                 0x08000b31   Thumb Code   132  imu_bmi270.o(.text.bmi270_mode_normal_power)
    bmi270_read                              0x08000bb9   Thumb Code    72  imu_bmi270.o(.text.bmi270_read)
    check_err                                0x08000c01   Thumb Code    64  dshot.o(.text.check_err)
    clock_init                               0x08000c41   Thumb Code   612  clock.o(.text.clock_init)
    delay_init                               0x08000ea9   Thumb Code   112  delay.o(.text.delay_init)
    delay_ms                                 0x08000f19   Thumb Code   106  delay.o(.text.delay_ms)
    delay_us                                 0x08000f89   Thumb Code    88  delay.o(.text.delay_us)
    dma_SetAddr                              0x08000fe1   Thumb Code   114  dma.o(.text.dma_SetAddr)
    dma_add_callback                         0x08001059   Thumb Code    52  dma.o(.text.dma_add_callback)
    dma_init                                 0x08001091   Thumb Code   464  dma.o(.text.dma_init)
    dma_irq_callback                         0x08001261   Thumb Code   328  dma.o(.text.dma_irq_callback)
    dma_start                                0x080013a9   Thumb Code    40  dma.o(.text.dma_start)
    dma_stop                                 0x080013d1   Thumb Code   204  dma.o(.text.dma_stop)
    dshot_SetAddress_dma                     0x080014a1   Thumb Code    48  dshot.o(.text.dshot_SetAddress_dma)
    dshot_dma_init                           0x080014d1   Thumb Code    76  dshot.o(.text.dshot_dma_init)
    dshot_func_set                           0x08001521   Thumb Code   248  dshot.o(.text.dshot_func_set)
    dshot_gpio_init                          0x08001619   Thumb Code   178  dshot.o(.text.dshot_gpio_init)
    dshot_init                               0x080016d1   Thumb Code   138  dshot.o(.text.dshot_init)
    dshot_package                            0x08001761   Thumb Code   744  dshot.o(.text.dshot_package)
    dshot_start                              0x08001a49   Thumb Code    28  dshot.o(.text.dshot_start)
    dshot_stop                               0x08001a69   Thumb Code    36  dshot.o(.text.dshot_stop)
    dshot_timer_init                         0x08001a91   Thumb Code   240  dshot.o(.text.dshot_timer_init)
    dshot_write                              0x08001b81   Thumb Code   126  dshot.o(.text.dshot_write)
    gpio_init                                0x08001c01   Thumb Code   680  gpio.o(.text.gpio_init)
    i2c_burst_read                           0x08001ea9   Thumb Code   204  i2c_master.o(.text.i2c_burst_read)
    i2c_burst_write                          0x08001f79   Thumb Code   410  i2c_master.o(.text.i2c_burst_write)
    i2c_callback_handle                      0x08002119   Thumb Code    48  i2c_master.o(.text.i2c_callback_handle)
    i2c_check_read_burst                     0x08002149   Thumb Code    52  i2c_master.o(.text.i2c_check_read_burst)
    i2c_clear_flag_stop                      0x08002181   Thumb Code    70  i2c_master.o(.text.i2c_clear_flag_stop)
    i2c_dma_init                             0x080021c9   Thumb Code   214  i2c_master.o(.text.i2c_dma_init)
    i2c_gpio_init                            0x080022a1   Thumb Code    94  i2c_master.o(.text.i2c_gpio_init)
    i2c_init                                 0x08002301   Thumb Code   296  i2c_master.o(.text.i2c_init)
    i2c_read_byte                            0x08002429   Thumb Code   126  i2c_master.o(.text.i2c_read_byte)
    i2c_read_reg                             0x080024a9   Thumb Code   196  i2c_master.o(.text.i2c_read_reg)
    i2c_restart                              0x08002571   Thumb Code   196  i2c_master.o(.text.i2c_restart)
    i2c_set_address                          0x08002639   Thumb Code    86  i2c_master.o(.text.i2c_set_address)
    i2c_start                                0x08002691   Thumb Code   230  i2c_master.o(.text.i2c_start)
    i2c_stop_tranfer                         0x08002779   Thumb Code    46  i2c_master.o(.text.i2c_stop_tranfer)
    i2c_write_byte                           0x080027a9   Thumb Code   128  i2c_master.o(.text.i2c_write_byte)
    i2c_write_reg                            0x08002829   Thumb Code   144  i2c_master.o(.text.i2c_write_reg)
    main                                     0x080028b9   Thumb Code    82  main.o(.text.main)
    phase_1_init                             0x08002911   Thumb Code    52  init.o(.text.phase_1_init)
    phase_2_init                             0x08002949   Thumb Code    10  init.o(.text.phase_2_init)
    system_init                              0x08002959   Thumb Code    12  init.o(.text.system_init)
    test                                     0x08002969   Thumb Code     8  main.o(.text.test)
    test_i2c                                 0x08002971   Thumb Code    18  test_i2c.o(.text.test_i2c)
    _fp_init                                 0x08002983   Thumb Code    26  fpinit.o(x$fpl$fpinit)
    __fplib_config_fpu_vfp                   0x0800299b   Thumb Code     0  fpinit.o(x$fpl$fpinit)
    __fplib_config_pureend_doubles           0x0800299b   Thumb Code     0  fpinit.o(x$fpl$fpinit)
    D1CorePrescTable                         0x0800299c   Data          16  system_stm32h7xx.o(.rodata.D1CorePrescTable)
    bmi270_config_file                       0x080029ac   Data        8192  imu_bmi270.o(.rodata.bmi270_config_file)
    Region$$Table$$Base                      0x080049b8   Number         0  anon$$obj.o(Region$$Table)
    Region$$Table$$Limit                     0x080049d8   Number         0  anon$$obj.o(Region$$Table)
    FLAG_COMPLETE                            0x24000000   Data           1  dshot.o(.data.FLAG_COMPLETE)
    SystemCoreClock                          0x24000004   Data           4  system_stm32h7xx.o(.data.SystemCoreClock)
    SystemD2Clock                            0x24000008   Data           4  system_stm32h7xx.o(.data.SystemD2Clock)
    __libspace_start                         0x24000010   Data          96  libspace.o(.bss)
    DSHOT_GPIO                               0x24000070   Data           4  dshot.o(.bss.DSHOT_GPIO)
    __temporary_stack_top$libspace           0x24000070   Data           0  libspace.o(.bss)
    DSHOT_PIN                                0x24000074   Data           1  dshot.o(.bss.DSHOT_PIN)
    FLAG_BURST_READ_DONE                     0x24000075   Data           1  i2c_master.o(.bss.FLAG_BURST_READ_DONE)
    bmi270_size_read                         0x240000d8   Data           1  imu_bmi270.o(.bss.bmi270_size_read)
    dshot_data                               0x240000dc   Data         208  dshot.o(.bss.dshot_data)
    i2c_rx                                   0x240001ac   Data          20  test_i2c.o(.bss.i2c_rx)



==============================================================================

Memory Map of the image

  Image Entry point : 0x08000299

  Load Region LR_IROM1 (Base: 0x08000000, Size: 0x000049e8, Max: 0x00020000, ABSOLUTE)

    Execution Region ER_IROM1 (Exec base: 0x08000000, Load base: 0x08000000, Size: 0x000049d8, Max: 0x00020000, ABSOLUTE)

    Exec Addr    Load Addr    Size         Type   Attr      Idx    E Section Name        Object

    0x08000000   0x08000000   0x00000298   Data   RO          234    RESET               startup_stm32h750xx.o
    0x08000298   0x08000298   0x00000008   Code   RO          315  * !!!main             c_w.l(__main.o)
    0x080002a0   0x080002a0   0x00000034   Code   RO          530    !!!scatter          c_w.l(__scatter.o)
    0x080002d4   0x080002d4   0x0000001a   Code   RO          532    !!handler_copy      c_w.l(__scatter_copy.o)
    0x080002ee   0x080002ee   0x00000002   PAD
    0x080002f0   0x080002f0   0x0000001c   Code   RO          534    !!handler_zi        c_w.l(__scatter_zi.o)
    0x0800030c   0x0800030c   0x00000002   Code   RO          465    .ARM.Collect$$libinit$$00000000  c_w.l(libinit.o)
    0x0800030e   0x0800030e   0x00000004   Code   RO          353    .ARM.Collect$$libinit$$00000001  c_w.l(libinit2.o)
    0x08000312   0x08000312   0x00000000   Code   RO          356    .ARM.Collect$$libinit$$00000004  c_w.l(libinit2.o)
    0x08000312   0x08000312   0x00000000   Code   RO          358    .ARM.Collect$$libinit$$00000006  c_w.l(libinit2.o)
    0x08000312   0x08000312   0x00000000   Code   RO          361    .ARM.Collect$$libinit$$0000000C  c_w.l(libinit2.o)
    0x08000312   0x08000312   0x00000000   Code   RO          363    .ARM.Collect$$libinit$$0000000E  c_w.l(libinit2.o)
    0x08000312   0x08000312   0x00000000   Code   RO          365    .ARM.Collect$$libinit$$00000010  c_w.l(libinit2.o)
    0x08000312   0x08000312   0x00000000   Code   RO          368    .ARM.Collect$$libinit$$00000013  c_w.l(libinit2.o)
    0x08000312   0x08000312   0x00000000   Code   RO          370    .ARM.Collect$$libinit$$00000015  c_w.l(libinit2.o)
    0x08000312   0x08000312   0x00000000   Code   RO          372    .ARM.Collect$$libinit$$00000017  c_w.l(libinit2.o)
    0x08000312   0x08000312   0x00000000   Code   RO          374    .ARM.Collect$$libinit$$00000019  c_w.l(libinit2.o)
    0x08000312   0x08000312   0x00000000   Code   RO          376    .ARM.Collect$$libinit$$0000001B  c_w.l(libinit2.o)
    0x08000312   0x08000312   0x00000000   Code   RO          378    .ARM.Collect$$libinit$$0000001D  c_w.l(libinit2.o)
    0x08000312   0x08000312   0x00000000   Code   RO          380    .ARM.Collect$$libinit$$0000001F  c_w.l(libinit2.o)
    0x08000312   0x08000312   0x00000000   Code   RO          382    .ARM.Collect$$libinit$$00000021  c_w.l(libinit2.o)
    0x08000312   0x08000312   0x00000000   Code   RO          384    .ARM.Collect$$libinit$$00000023  c_w.l(libinit2.o)
    0x08000312   0x08000312   0x00000000   Code   RO          386    .ARM.Collect$$libinit$$00000025  c_w.l(libinit2.o)
    0x08000312   0x08000312   0x00000000   Code   RO          388    .ARM.Collect$$libinit$$00000027  c_w.l(libinit2.o)
    0x08000312   0x08000312   0x00000000   Code   RO          392    .ARM.Collect$$libinit$$0000002E  c_w.l(libinit2.o)
    0x08000312   0x08000312   0x00000000   Code   RO          394    .ARM.Collect$$libinit$$00000030  c_w.l(libinit2.o)
    0x08000312   0x08000312   0x00000000   Code   RO          396    .ARM.Collect$$libinit$$00000032  c_w.l(libinit2.o)
    0x08000312   0x08000312   0x00000000   Code   RO          398    .ARM.Collect$$libinit$$00000034  c_w.l(libinit2.o)
    0x08000312   0x08000312   0x00000002   Code   RO          399    .ARM.Collect$$libinit$$00000035  c_w.l(libinit2.o)
    0x08000314   0x08000314   0x00000002   Code   RO          527    .ARM.Collect$$libshutdown$$00000000  c_w.l(libshutdown.o)
    0x08000316   0x08000316   0x00000000   Code   RO          481    .ARM.Collect$$libshutdown$$00000002  c_w.l(libshutdown2.o)
    0x08000316   0x08000316   0x00000000   Code   RO          483    .ARM.Collect$$libshutdown$$00000004  c_w.l(libshutdown2.o)
    0x08000316   0x08000316   0x00000000   Code   RO          486    .ARM.Collect$$libshutdown$$00000007  c_w.l(libshutdown2.o)
    0x08000316   0x08000316   0x00000000   Code   RO          489    .ARM.Collect$$libshutdown$$0000000A  c_w.l(libshutdown2.o)
    0x08000316   0x08000316   0x00000000   Code   RO          491    .ARM.Collect$$libshutdown$$0000000C  c_w.l(libshutdown2.o)
    0x08000316   0x08000316   0x00000000   Code   RO          494    .ARM.Collect$$libshutdown$$0000000F  c_w.l(libshutdown2.o)
    0x08000316   0x08000316   0x00000002   Code   RO          495    .ARM.Collect$$libshutdown$$00000010  c_w.l(libshutdown2.o)
    0x08000318   0x08000318   0x00000000   Code   RO          319    .ARM.Collect$$rtentry$$00000000  c_w.l(__rtentry.o)
    0x08000318   0x08000318   0x00000000   Code   RO          408    .ARM.Collect$$rtentry$$00000002  c_w.l(__rtentry2.o)
    0x08000318   0x08000318   0x00000006   Code   RO          420    .ARM.Collect$$rtentry$$00000004  c_w.l(__rtentry4.o)
    0x0800031e   0x0800031e   0x00000000   Code   RO          410    .ARM.Collect$$rtentry$$00000009  c_w.l(__rtentry2.o)
    0x0800031e   0x0800031e   0x00000004   Code   RO          411    .ARM.Collect$$rtentry$$0000000A  c_w.l(__rtentry2.o)
    0x08000322   0x08000322   0x00000000   Code   RO          413    .ARM.Collect$$rtentry$$0000000C  c_w.l(__rtentry2.o)
    0x08000322   0x08000322   0x00000008   Code   RO          414    .ARM.Collect$$rtentry$$0000000D  c_w.l(__rtentry2.o)
    0x0800032a   0x0800032a   0x00000002   Code   RO          470    .ARM.Collect$$rtexit$$00000000  c_w.l(rtexit.o)
    0x0800032c   0x0800032c   0x00000000   Code   RO          501    .ARM.Collect$$rtexit$$00000002  c_w.l(rtexit2.o)
    0x0800032c   0x0800032c   0x00000004   Code   RO          502    .ARM.Collect$$rtexit$$00000003  c_w.l(rtexit2.o)
    0x08000330   0x08000330   0x00000006   Code   RO          503    .ARM.Collect$$rtexit$$00000004  c_w.l(rtexit2.o)
    0x08000336   0x08000336   0x00000002   PAD
    0x08000338   0x08000338   0x00000040   Code   RO          235    .text               startup_stm32h750xx.o
    0x08000378   0x08000378   0x00000006   Code   RO          313    .text               c_w.l(heapauxi.o)
    0x0800037e   0x0800037e   0x00000002   PAD
    0x08000380   0x08000380   0x00000008   Code   RO          404    .text               c_w.l(libspace.o)
    0x08000388   0x08000388   0x00000002   Code   RO          441    .text               c_w.l(use_no_semi.o)
    0x0800038a   0x0800038a   0x00000000   Code   RO          443    .text               c_w.l(indicate_semi.o)
    0x0800038a   0x0800038a   0x0000004a   Code   RO          444    .text               c_w.l(sys_stackheap_outer.o)
    0x080003d4   0x080003d4   0x00000012   Code   RO          450    .text               c_w.l(exit.o)
    0x080003e6   0x080003e6   0x00000002   PAD
    0x080003e8   0x080003e8   0x0000000c   Code   RO          466    .text               c_w.l(sys_exit.o)
    0x080003f4   0x080003f4   0x00000004   PAD
    0x080003f8   0x080003f8   0x00000028   Code   RO           97    .text.DMA1_Stream0_IRQHandler  dshot.o
    0x08000420   0x08000420   0x0000000a   Code   RO           53    .text.DMA1_Stream1_IRQHandler  dma.o
    0x0800042a   0x0800042a   0x00000006   PAD
    0x08000430   0x08000430   0x0000000a   Code   RO           55    .text.DMA1_Stream2_IRQHandler  dma.o
    0x0800043a   0x0800043a   0x00000006   PAD
    0x08000440   0x08000440   0x0000000a   Code   RO           57    .text.DMA1_Stream3_IRQHandler  dma.o
    0x0800044a   0x0800044a   0x00000006   PAD
    0x08000450   0x08000450   0x0000000a   Code   RO           59    .text.DMA1_Stream4_IRQHandler  dma.o
    0x0800045a   0x0800045a   0x00000006   PAD
    0x08000460   0x08000460   0x0000000a   Code   RO           61    .text.DMA1_Stream5_IRQHandler  dma.o
    0x0800046a   0x0800046a   0x00000006   PAD
    0x08000470   0x08000470   0x0000000a   Code   RO           63    .text.DMA1_Stream6_IRQHandler  dma.o
    0x0800047a   0x0800047a   0x00000006   PAD
    0x08000480   0x08000480   0x0000000a   Code   RO           65    .text.DMA1_Stream7_IRQHandler  dma.o
    0x0800048a   0x0800048a   0x00000006   PAD
    0x08000490   0x08000490   0x000002f4   Code   RO          244    .text.SystemCoreClockUpdate  system_stm32h7xx.o
    0x08000784   0x08000784   0x00000004   PAD
    0x08000788   0x08000788   0x00000160   Code   RO          242    .text.SystemInit    system_stm32h7xx.o
    0x080008e8   0x080008e8   0x00000030   Code   RO           39    .text.__NVIC_EnableIRQ  dma.o
    0x08000918   0x08000918   0x0000011e   Code   RO          219    .text.bmi270_init   imu_bmi270.o
    0x08000a36   0x08000a36   0x00000002   PAD
    0x08000a38   0x08000a38   0x00000084   Code   RO          217    .text.bmi270_mode_high_power  imu_bmi270.o
    0x08000abc   0x08000abc   0x00000004   PAD
    0x08000ac0   0x08000ac0   0x0000006a   Code   RO          213    .text.bmi270_mode_low_power  imu_bmi270.o
    0x08000b2a   0x08000b2a   0x00000006   PAD
    0x08000b30   0x08000b30   0x00000084   Code   RO          215    .text.bmi270_mode_normal_power  imu_bmi270.o
    0x08000bb4   0x08000bb4   0x00000004   PAD
    0x08000bb8   0x08000bb8   0x00000048   Code   RO          221    .text.bmi270_read   imu_bmi270.o
    0x08000c00   0x08000c00   0x00000040   Code   RO           93    .text.check_err     dshot.o
    0x08000c40   0x08000c40   0x00000264   Code   RO           14    .text.clock_init    clock.o
    0x08000ea4   0x08000ea4   0x00000004   PAD
    0x08000ea8   0x08000ea8   0x00000070   Code   RO           22    .text.delay_init    delay.o
    0x08000f18   0x08000f18   0x0000006a   Code   RO           26    .text.delay_ms      delay.o
    0x08000f82   0x08000f82   0x00000006   PAD
    0x08000f88   0x08000f88   0x00000058   Code   RO           24    .text.delay_us      delay.o
    0x08000fe0   0x08000fe0   0x00000072   Code   RO           47    .text.dma_SetAddr   dma.o
    0x08001052   0x08001052   0x00000006   PAD
    0x08001058   0x08001058   0x00000034   Code   RO           49    .text.dma_add_callback  dma.o
    0x0800108c   0x0800108c   0x00000004   PAD
    0x08001090   0x08001090   0x000001d0   Code   RO           37    .text.dma_init      dma.o
    0x08001260   0x08001260   0x00000148   Code   RO           35    .text.dma_irq_callback  dma.o
    0x080013a8   0x080013a8   0x00000028   Code   RO           41    .text.dma_start     dma.o
    0x080013d0   0x080013d0   0x000000cc   Code   RO           43    .text.dma_stop      dma.o
    0x0800149c   0x0800149c   0x00000004   PAD
    0x080014a0   0x080014a0   0x00000030   Code   RO           79    .text.dshot_SetAddress_dma  dshot.o
    0x080014d0   0x080014d0   0x0000004c   Code   RO           81    .text.dshot_dma_init  dshot.o
    0x0800151c   0x0800151c   0x00000004   PAD
    0x08001520   0x08001520   0x000000f8   Code   RO           87    .text.dshot_func_set  dshot.o
    0x08001618   0x08001618   0x000000b2   Code   RO           75    .text.dshot_gpio_init  dshot.o
    0x080016ca   0x080016ca   0x00000006   PAD
    0x080016d0   0x080016d0   0x0000008a   Code   RO           91    .text.dshot_init    dshot.o
    0x0800175a   0x0800175a   0x00000006   PAD
    0x08001760   0x08001760   0x000002e8   Code   RO           89    .text.dshot_package  dshot.o
    0x08001a48   0x08001a48   0x0000001c   Code   RO           85    .text.dshot_start   dshot.o
    0x08001a64   0x08001a64   0x00000004   PAD
    0x08001a68   0x08001a68   0x00000024   Code   RO           83    .text.dshot_stop    dshot.o
    0x08001a8c   0x08001a8c   0x00000004   PAD
    0x08001a90   0x08001a90   0x000000f0   Code   RO           77    .text.dshot_timer_init  dshot.o
    0x08001b80   0x08001b80   0x0000007e   Code   RO           95    .text.dshot_write   dshot.o
    0x08001bfe   0x08001bfe   0x00000002   PAD
    0x08001c00   0x08001c00   0x000002a8   Code   RO          111    .text.gpio_init     gpio.o
    0x08001ea8   0x08001ea8   0x000000cc   Code   RO          152    .text.i2c_burst_read  i2c_master.o
    0x08001f74   0x08001f74   0x00000004   PAD
    0x08001f78   0x08001f78   0x0000019a   Code   RO          154    .text.i2c_burst_write  i2c_master.o
    0x08002112   0x08002112   0x00000006   PAD
    0x08002118   0x08002118   0x00000030   Code   RO          128    .text.i2c_callback_handle  i2c_master.o
    0x08002148   0x08002148   0x00000034   Code   RO          150    .text.i2c_check_read_burst  i2c_master.o
    0x0800217c   0x0800217c   0x00000004   PAD
    0x08002180   0x08002180   0x00000046   Code   RO          124    .text.i2c_clear_flag_stop  i2c_master.o
    0x080021c6   0x080021c6   0x00000002   PAD
    0x080021c8   0x080021c8   0x000000d6   Code   RO          132    .text.i2c_dma_init  i2c_master.o
    0x0800229e   0x0800229e   0x00000002   PAD
    0x080022a0   0x080022a0   0x0000005e   Code   RO          130    .text.i2c_gpio_init  i2c_master.o
    0x080022fe   0x080022fe   0x00000002   PAD
    0x08002300   0x08002300   0x00000128   Code   RO          134    .text.i2c_init      i2c_master.o
    0x08002428   0x08002428   0x0000007e   Code   RO          144    .text.i2c_read_byte  i2c_master.o
    0x080024a6   0x080024a6   0x00000002   PAD
    0x080024a8   0x080024a8   0x000000c4   Code   RO          148    .text.i2c_read_reg  i2c_master.o
    0x0800256c   0x0800256c   0x00000004   PAD
    0x08002570   0x08002570   0x000000c4   Code   RO          140    .text.i2c_restart   i2c_master.o
    0x08002634   0x08002634   0x00000004   PAD
    0x08002638   0x08002638   0x00000056   Code   RO          126    .text.i2c_set_address  i2c_master.o
    0x0800268e   0x0800268e   0x00000002   PAD
    0x08002690   0x08002690   0x000000e6   Code   RO          138    .text.i2c_start     i2c_master.o
    0x08002776   0x08002776   0x00000002   PAD
    0x08002778   0x08002778   0x0000002e   Code   RO          136    .text.i2c_stop_tranfer  i2c_master.o
    0x080027a6   0x080027a6   0x00000002   PAD
    0x080027a8   0x080027a8   0x00000080   Code   RO          142    .text.i2c_write_byte  i2c_master.o
    0x08002828   0x08002828   0x00000090   Code   RO          146    .text.i2c_write_reg  i2c_master.o
    0x080028b8   0x080028b8   0x00000052   Code   RO            4    .text.main          main.o
    0x0800290a   0x0800290a   0x00000006   PAD
    0x08002910   0x08002910   0x00000034   Code   RO          199    .text.phase_1_init  init.o
    0x08002944   0x08002944   0x00000004   PAD
    0x08002948   0x08002948   0x0000000a   Code   RO          201    .text.phase_2_init  init.o
    0x08002952   0x08002952   0x00000006   PAD
    0x08002958   0x08002958   0x0000000c   Code   RO          203    .text.system_init   init.o
    0x08002964   0x08002964   0x00000004   PAD
    0x08002968   0x08002968   0x00000008   Code   RO            2    .text.test          main.o
    0x08002970   0x08002970   0x00000012   Code   RO          190    .text.test_i2c      test_i2c.o
    0x08002982   0x08002982   0x0000001a   Code   RO          439    x$fpl$fpinit        fz_wv.l(fpinit.o)
    0x0800299c   0x0800299c   0x00000010   Data   RO          248    .rodata.D1CorePrescTable  system_stm32h7xx.o
    0x080029ac   0x080029ac   0x00002000   Data   RO          223    .rodata.bmi270_config_file  imu_bmi270.o
    0x080049ac   0x080049ac   0x0000000c   Data   RO          157    .rodata.i2c_table   i2c_master.o
    0x080049b8   0x080049b8   0x00000020   Data   RO          529    Region$$Table       anon$$obj.o


    Execution Region RW_IRAM1 (Exec base: 0x20000000, Load base: 0x080049d8, Size: 0x00000000, Max: 0x00020000, ABSOLUTE)

    **** No section assigned to this execution region ****


    Execution Region RW_IRAM2 (Exec base: 0x24000000, Load base: 0x080049d8, Size: 0x000007c0, Max: 0x00080000, ABSOLUTE)

    Exec Addr    Load Addr    Size         Type   Attr      Idx    E Section Name        Object

    0x24000000   0x080049d8   0x00000001   Data   RW           99    .data.FLAG_COMPLETE  dshot.o
    0x24000001   0x080049d9   0x00000003   PAD
    0x24000004   0x080049dc   0x00000004   Data   RW          246    .data.SystemCoreClock  system_stm32h7xx.o
    0x24000008   0x080049e0   0x00000004   Data   RW          247    .data.SystemD2Clock  system_stm32h7xx.o
    0x2400000c   0x080049e4   0x00000004   PAD
    0x24000010        -       0x00000060   Zero   RW          405    .bss                c_w.l(libspace.o)
    0x24000070        -       0x00000004   Zero   RW          100    .bss.DSHOT_GPIO     dshot.o
    0x24000074        -       0x00000001   Zero   RW          103    .bss.DSHOT_PIN      dshot.o
    0x24000075        -       0x00000001   Zero   RW          156    .bss.FLAG_BURST_READ_DONE  i2c_master.o
    0x24000076   0x080049e4   0x00000002   PAD
    0x24000078        -       0x00000060   Zero   RW           67    .bss.arr_callback   dma.o
    0x240000d8        -       0x00000001   Zero   RW          224    .bss.bmi270_size_read  imu_bmi270.o
    0x240000d9   0x080049e4   0x00000003   PAD
    0x240000dc        -       0x000000d0   Zero   RW          101    .bss.dshot_data     dshot.o
    0x240001ac        -       0x00000014   Zero   RW          192    .bss.i2c_rx         test_i2c.o
    0x240001c0        -       0x00000200   Zero   RW          233    HEAP                startup_stm32h750xx.o
    0x240003c0        -       0x00000400   Zero   RW          232    STACK               startup_stm32h750xx.o


==============================================================================

Image component sizes


      Code (inc. data)   RO Data    RW Data    ZI Data      Debug   Object Name

       612          0          0          0          0       3868   clock.o
       306          0          0          0          0       2935   delay.o
      1320          0          0          0         96      12621   dma.o
      1966          0          0          1        213      10662   dshot.o
       680          0          0          0          0       4498   gpio.o
      2540          0         12          0          1      11659   i2c_master.o
       728          0       8192          0          1       3111   imu_bmi270.o
        74          0          0          0          0       1637   init.o
        90          0          0          0          0        675   main.o
        64         26        664          0       1536        884   startup_stm32h750xx.o
      1108         62         16          8          0       5901   system_stm32h7xx.o
        18          0          0          0         20        567   test_i2c.o

    ----------------------------------------------------------------------
      9674         92       8916         12       1876      59018   Object Totals
         0          0         32          0          0          0   (incl. Generated)
       168          4          0          3          9          0   (incl. Padding)

    ----------------------------------------------------------------------

      Code (inc. data)   RO Data    RW Data    ZI Data      Debug   Library Member Name

         8          0          0          0          0         68   __main.o
         0          0          0          0          0          0   __rtentry.o
        12          0          0          0          0          0   __rtentry2.o
         6          0          0          0          0          0   __rtentry4.o
        52          8          0          0          0          0   __scatter.o
        26          0          0          0          0          0   __scatter_copy.o
        28          0          0          0          0          0   __scatter_zi.o
        18          0          0          0          0         80   exit.o
         6          0          0          0          0        152   heapauxi.o
         0          0          0          0          0          0   indicate_semi.o
         2          0          0          0          0          0   libinit.o
         6          0          0          0          0          0   libinit2.o
         2          0          0          0          0          0   libshutdown.o
         2          0          0          0          0          0   libshutdown2.o
         8          4          0          0         96         68   libspace.o
         2          0          0          0          0          0   rtexit.o
        10          0          0          0          0          0   rtexit2.o
        12          4          0          0          0         68   sys_exit.o
        74          0          0          0          0         80   sys_stackheap_outer.o
         2          0          0          0          0         68   use_no_semi.o
        26          0          0          0          0        116   fpinit.o

    ----------------------------------------------------------------------
       314         20          0          0         96        700   Library Totals
        12          4          0          0          0          0   (incl. Padding)

    ----------------------------------------------------------------------

      Code (inc. data)   RO Data    RW Data    ZI Data      Debug   Library Name

       276         16          0          0         96        584   c_w.l
        26          0          0          0          0        116   fz_wv.l

    ----------------------------------------------------------------------
       314         20          0          0         96        700   Library Totals

    ----------------------------------------------------------------------

==============================================================================


      Code (inc. data)   RO Data    RW Data    ZI Data      Debug   

      9988        112       8916         12       1972      59362   Grand Totals
      9988        112       8916         12       1972      59362   ELF Image Totals
      9988        112       8916         12          0          0   ROM Totals

==============================================================================

    Total RO  Size (Code + RO Data)                18904 (  18.46kB)
    Total RW  Size (RW Data + ZI Data)              1984 (   1.94kB)
    Total ROM Size (Code + RO Data + RW Data)      18916 (  18.47kB)

==============================================================================

