Component: Arm Compiler for Embedded 6.19 Tool: armlink [5e73cb00]

==============================================================================

Section Cross References

    main.o(.text.test) refers to test_spi.o(.text.test_spi) for test_spi
    main.o(.ARM.exidx.text.test) refers to main.o(.text.test) for [Anonymous Symbol]
    main.o(.text.main) refers to init.o(.text.system_init) for system_init
    main.o(.text.main) refers to main.o(.text.test) for test
    main.o(.ARM.exidx.text.main) refers to main.o(.text.main) for [Anonymous Symbol]
    clock.o(.text.clock_init) refers to system_stm32h7xx.o(.text.SystemCoreClockUpdate) for SystemCoreClockUpdate
    clock.o(.ARM.exidx.text.clock_init) refers to clock.o(.text.clock_init) for [Anonymous Symbol]
    dma.o(.text.dma_init) refers to dma.o(.text.__NVIC_EnableIRQ) for __NVIC_EnableIRQ
    dma.o(.ARM.exidx.text.dma_init) refers to dma.o(.text.dma_init) for [Anonymous Symbol]
    dma.o(.ARM.exidx.text.__NVIC_EnableIRQ) refers to dma.o(.text.__NVIC_EnableIRQ) for [Anonymous Symbol]
    dma.o(.ARM.exidx.text.dma_start) refers to dma.o(.text.dma_start) for [Anonymous Symbol]
    dma.o(.ARM.exidx.text.dma_stop) refers to dma.o(.text.dma_stop) for [Anonymous Symbol]
    dma.o(.ARM.exidx.text.dma_busy_check) refers to dma.o(.text.dma_busy_check) for [Anonymous Symbol]
    dma.o(.ARM.exidx.text.dma_SetAddr) refers to dma.o(.text.dma_SetAddr) for [Anonymous Symbol]
    dma.o(.text.dma_add_callback) refers to dma.o(.bss.arr_callback) for arr_callback
    dma.o(.ARM.exidx.text.dma_add_callback) refers to dma.o(.text.dma_add_callback) for [Anonymous Symbol]
    dma.o(.ARM.exidx.text.dma_get_ndtr) refers to dma.o(.text.dma_get_ndtr) for [Anonymous Symbol]
    dma.o(.text.DMA1_Stream1_IRQHandler) refers to dma.o(.text.dma_irq_callback) for dma_irq_callback
    dma.o(.ARM.exidx.text.DMA1_Stream1_IRQHandler) refers to dma.o(.text.DMA1_Stream1_IRQHandler) for [Anonymous Symbol]
    dma.o(.text.dma_irq_callback) refers to dma.o(.bss.arr_callback) for arr_callback
    dma.o(.ARM.exidx.text.dma_irq_callback) refers to dma.o(.text.dma_irq_callback) for [Anonymous Symbol]
    dma.o(.text.DMA1_Stream2_IRQHandler) refers to dma.o(.text.dma_irq_callback) for dma_irq_callback
    dma.o(.ARM.exidx.text.DMA1_Stream2_IRQHandler) refers to dma.o(.text.DMA1_Stream2_IRQHandler) for [Anonymous Symbol]
    dma.o(.text.DMA1_Stream3_IRQHandler) refers to dma.o(.text.dma_irq_callback) for dma_irq_callback
    dma.o(.ARM.exidx.text.DMA1_Stream3_IRQHandler) refers to dma.o(.text.DMA1_Stream3_IRQHandler) for [Anonymous Symbol]
    dma.o(.text.DMA1_Stream4_IRQHandler) refers to dma.o(.text.dma_irq_callback) for dma_irq_callback
    dma.o(.ARM.exidx.text.DMA1_Stream4_IRQHandler) refers to dma.o(.text.DMA1_Stream4_IRQHandler) for [Anonymous Symbol]
    dma.o(.text.DMA1_Stream5_IRQHandler) refers to dma.o(.text.dma_irq_callback) for dma_irq_callback
    dma.o(.ARM.exidx.text.DMA1_Stream5_IRQHandler) refers to dma.o(.text.DMA1_Stream5_IRQHandler) for [Anonymous Symbol]
    dma.o(.text.DMA1_Stream6_IRQHandler) refers to dma.o(.text.dma_irq_callback) for dma_irq_callback
    dma.o(.ARM.exidx.text.DMA1_Stream6_IRQHandler) refers to dma.o(.text.DMA1_Stream6_IRQHandler) for [Anonymous Symbol]
    dma.o(.text.DMA1_Stream7_IRQHandler) refers to dma.o(.text.dma_irq_callback) for dma_irq_callback
    dma.o(.ARM.exidx.text.DMA1_Stream7_IRQHandler) refers to dma.o(.text.DMA1_Stream7_IRQHandler) for [Anonymous Symbol]
    dma.o(.text.DMA2_Stream0_IRQHandler) refers to dma.o(.text.dma_irq_callback) for dma_irq_callback
    dma.o(.ARM.exidx.text.DMA2_Stream0_IRQHandler) refers to dma.o(.text.DMA2_Stream0_IRQHandler) for [Anonymous Symbol]
    dma.o(.text.DMA2_Stream1_IRQHandler) refers to dma.o(.text.dma_irq_callback) for dma_irq_callback
    dma.o(.ARM.exidx.text.DMA2_Stream1_IRQHandler) refers to dma.o(.text.DMA2_Stream1_IRQHandler) for [Anonymous Symbol]
    dma.o(.text.DMA2_Stream2_IRQHandler) refers to dma.o(.text.dma_irq_callback) for dma_irq_callback
    dma.o(.ARM.exidx.text.DMA2_Stream2_IRQHandler) refers to dma.o(.text.DMA2_Stream2_IRQHandler) for [Anonymous Symbol]
    dma.o(.text.DMA2_Stream3_IRQHandler) refers to dma.o(.text.dma_irq_callback) for dma_irq_callback
    dma.o(.ARM.exidx.text.DMA2_Stream3_IRQHandler) refers to dma.o(.text.DMA2_Stream3_IRQHandler) for [Anonymous Symbol]
    dma.o(.text.DMA2_Stream4_IRQHandler) refers to dma.o(.text.dma_irq_callback) for dma_irq_callback
    dma.o(.ARM.exidx.text.DMA2_Stream4_IRQHandler) refers to dma.o(.text.DMA2_Stream4_IRQHandler) for [Anonymous Symbol]
    dma.o(.text.DMA2_Stream5_IRQHandler) refers to dma.o(.text.dma_irq_callback) for dma_irq_callback
    dma.o(.ARM.exidx.text.DMA2_Stream5_IRQHandler) refers to dma.o(.text.DMA2_Stream5_IRQHandler) for [Anonymous Symbol]
    dma.o(.text.DMA2_Stream6_IRQHandler) refers to dma.o(.text.dma_irq_callback) for dma_irq_callback
[...]
    Removing i2c_master.o(.text.i2c_error_recovery), (86 bytes).
    Removing i2c_master.o(.ARM.exidx.text.i2c_error_recovery), (8 bytes).
    Removing i2c_master.o(.text.i2c_read_reg), (246 bytes).
    Removing i2c_master.o(.ARM.exidx.text.i2c_read_reg), (8 bytes).
    Removing i2c_master.o(.text.i2c_check_read_burst), (64 bytes).
    Removing i2c_master.o(.ARM.exidx.text.i2c_check_read_burst), (8 bytes).
    Removing i2c_master.o(.text.i2c_burst_read), (216 bytes).
    Removing i2c_master.o(.ARM.exidx.text.i2c_burst_read), (8 bytes).
    Removing i2c_master.o(.text.i2c_burst_write), (402 bytes).
    Removing i2c_master.o(.ARM.exidx.text.i2c_burst_write), (8 bytes).
    Removing i2c_master.o(.bss.FLAG_BURST_READ_DONE), (3 bytes).
    Removing i2c_master.o(.rodata.i2c_table), (12 bytes).
    Removing usart.o(.text), (0 bytes).
    Removing usart.o(.text.usart_callback_dma_rx), (24 bytes).
    Removing usart.o(.ARM.exidx.text.usart_callback_dma_rx), (8 bytes).
    Removing usart.o(.text.usart_dma_init), (292 bytes).
    Removing usart.o(.ARM.exidx.text.usart_dma_init), (8 bytes).
    Removing usart.o(.text.usart_gpio_init), (140 bytes).
    Removing usart.o(.ARM.exidx.text.usart_gpio_init), (8 bytes).
    Removing usart.o(.text.usart_init), (866 bytes).
    Removing usart.o(.ARM.exidx.text.usart_init), (8 bytes).
    Removing usart.o(.text.__NVIC_EnableIRQ), (48 bytes).
    Removing usart.o(.ARM.exidx.text.__NVIC_EnableIRQ), (8 bytes).
    Removing usart.o(.text.get_size), (66 bytes).
    Removing usart.o(.ARM.exidx.text.get_size), (8 bytes).
    Removing usart.o(.text.usart_read), (410 bytes).
    Removing usart.o(.ARM.exidx.text.usart_read), (8 bytes).
    Removing usart.o(.text.usart_write), (120 bytes).
    Removing usart.o(.ARM.exidx.text.usart_write), (8 bytes).
    Removing usart.o(.text.usart_set_cursor), (208 bytes).
    Removing usart.o(.ARM.exidx.text.usart_set_cursor), (8 bytes).
    Removing usart.o(.rodata.usart_table), (16 bytes).
    Removing usart.o(.bss.usart_data_glb_rx), (16 bytes).
    Removing timer.o(.text), (0 bytes).
    Removing timer.o(.ARM.exidx.text.basic_init), (8 bytes).
    Removing timer.o(.ARM.exidx.text.timer_init), (8 bytes).
    Removing timer.o(.ARM.exidx.text.delay_us), (8 bytes).
    Removing timer.o(.ARM.exidx.text.delay_ms), (8 bytes).
    Removing timer.o(.text.GET_CURRENT_US), (12 bytes).
    Removing timer.o(.ARM.exidx.text.GET_CURRENT_US), (8 bytes).
    Removing timer.o(.text.START_SYSTEM_TIMER), (18 bytes).
    Removing timer.o(.ARM.exidx.text.START_SYSTEM_TIMER), (8 bytes).
    Removing timer.o(.text.STOP_SYSTEM_TIMER), (18 bytes).
    Removing timer.o(.ARM.exidx.text.STOP_SYSTEM_TIMER), (8 bytes).
    Removing timer.o(.text.RESET_SYSTEM_TIMER), (14 bytes).
    Removing timer.o(.ARM.exidx.text.RESET_SYSTEM_TIMER), (8 bytes).
    Removing spi_master.o(.text), (0 bytes).
    Removing spi_master.o(.ARM.exidx.text.spi_error_recovery), (8 bytes).
    Removing spi_master.o(.ARM.exidx.text.spi_callback_handle), (8 bytes).
    Removing spi_master.o(.ARM.exidx.text.spi_close_transfer), (8 bytes).
    Removing spi_master.o(.ARM.exidx.text.spi_dma_init), (8 bytes).
    Removing spi_master.o(.ARM.exidx.text.spi_gpio_init), (8 bytes).
    Removing spi_master.o(.ARM.exidx.text.spi_master_init), (8 bytes).
    Removing spi_master.o(.ARM.exidx.text.__NVIC_EnableIRQ), (8 bytes).
    Removing spi_master.o(.text.spi_add_calback), (44 bytes).
    Removing spi_master.o(.ARM.exidx.text.spi_add_calback), (8 bytes).
    Removing spi_master.o(.ARM.exidx.text.spi_half_write), (8 bytes).
    Removing spi_master.o(.ARM.exidx.text.wait_tranfer_txp), (8 bytes).
    Removing spi_master.o(.ARM.exidx.text.wait_tranfer_eot), (8 bytes).
    Removing spi_master.o(.ARM.exidx.text.wait_tranfer_txc), (8 bytes).
    Removing spi_master.o(.text.spi_half_read), (194 bytes).
    Removing spi_master.o(.ARM.exidx.text.spi_half_read), (8 bytes).
    Removing spi_master.o(.text.spi_half_check_read), (24 bytes).
    Removing spi_master.o(.ARM.exidx.text.spi_half_check_read), (8 bytes).
    Removing spi_master.o(.ARM.exidx.text.SPI1_IRQHandler), (8 bytes).
    Removing spi_master.o(.ARM.exidx.text.spi_irq_callback), (8 bytes).
    Removing spi_master.o(.ARM.exidx.text.SPI2_IRQHandler), (8 bytes).
    Removing spi_master.o(.ARM.exidx.text.SPI3_IRQHandler), (8 bytes).
    Removing spi_master.o(.ARM.exidx.text.SPI4_IRQHandler), (8 bytes).
    Removing test_i2c.o(.text), (0 bytes).
    Removing test_i2c.o(.text.test_i2c), (18 bytes).
    Removing test_i2c.o(.ARM.exidx.text.test_i2c), (8 bytes).
    Removing test_i2c.o(.bss.i2c_rx), (20 bytes).
    Removing test_bmi270.o(.text), (0 bytes).
    Removing test_bmi270.o(.text.test_bmi270), (128 bytes).
    Removing test_bmi270.o(.ARM.exidx.text.test_bmi270), (8 bytes).
    Removing test_bmi270.o(.bss.data_read), (24 bytes).
    Removing test_bmi270.o(.bss.gryo_x), (4 bytes).
    Removing test_bmi270.o(.bss.acc_x), (4 bytes).
    Removing test_bmi270.o(.bss.acc_y), (4 bytes).
    Removing test_bmi270.o(.bss.acc_z), (4 bytes).
    Removing test_bmi270.o(.bss.gryo_y), (4 bytes).
    Removing test_bmi270.o(.bss.gryo_z), (4 bytes).
    Removing test_bmi270.o(.bss.acc_conf), (1 bytes).
    Removing test_bmi270.o(.bss.acc_range), (1 bytes).
    Removing test_bmi270.o(.bss.gyr_conf), (1 bytes).
    Removing test_bmi270.o(.bss.gyr_range), (1 bytes).
    Removing test_task.o(.text), (0 bytes).
    Removing test_task.o(.text.test_task), (100 bytes).
    Removing test_task.o(.ARM.exidx.text.test_task), (8 bytes).
    Removing test_task.o(.bss.test_time), (4 bytes).
    Removing test_spi.o(.text), (0 bytes).
    Removing test_spi.o(.ARM.exidx.text.test_spi), (8 bytes).
    Removing test_spi.o(.rodata..L__const.test_spi.test), (2 bytes).
    Removing test_spi.o(.rodata..L__const.test_spi.test2), (2 bytes).
    Removing test_spi.o(.bss.data_b_t), (4 bytes).
    Removing init.o(.text), (0 bytes).
    Removing init.o(.ARM.exidx.text.phase_1_init), (8 bytes).
    Removing init.o(.text.phase_2_init), (20 bytes).
    Removing init.o(.ARM.exidx.text.phase_2_init), (8 bytes).
    Removing init.o(.text.phase_3_init), (692 bytes).
    Removing init.o(.ARM.exidx.text.phase_3_init), (8 bytes).
    Removing init.o(.ARM.exidx.text.system_init), (8 bytes).
    Removing init.o(.rodata..L__const.phase_1_init.dshot), (3 bytes).
    Removing imu_bmi270.o(.text), (0 bytes).
    Removing imu_bmi270.o(.text.bmi270_mode_low_power), (78 bytes).
    Removing imu_bmi270.o(.ARM.exidx.text.bmi270_mode_low_power), (8 bytes).
    Removing imu_bmi270.o(.text.bmi270_mode_normal_power), (94 bytes).
    Removing imu_bmi270.o(.ARM.exidx.text.bmi270_mode_normal_power), (8 bytes).
    Removing imu_bmi270.o(.text.bmi270_mode_high_power), (94 bytes).
    Removing imu_bmi270.o(.ARM.exidx.text.bmi270_mode_high_power), (8 bytes).
    Removing imu_bmi270.o(.text.bmi270_init), (284 bytes).
    Removing imu_bmi270.o(.ARM.exidx.text.bmi270_init), (8 bytes).
    Removing imu_bmi270.o(.text.bmi270_calib), (200 bytes).
    Removing imu_bmi270.o(.ARM.exidx.text.bmi270_calib), (8 bytes).
    Removing imu_bmi270.o(.text.bmi270_read), (250 bytes).
    Removing imu_bmi270.o(.ARM.exidx.text.bmi270_read), (8 bytes).
    Removing imu_bmi270.o(.text.bmi270_read_raw), (92 bytes).
    Removing imu_bmi270.o(.ARM.exidx.text.bmi270_read_raw), (8 bytes).
    Removing imu_bmi270.o(.rodata.bmi270_config_file), (8192 bytes).
    Removing imu_bmi270.o(.bss..L_MergedGlobals), (48 bytes).
    Removing rasp_com.o(.text), (0 bytes).
    Removing rasp_com.o(.text.rasp_com_init), (54 bytes).
    Removing rasp_com.o(.ARM.exidx.text.rasp_com_init), (8 bytes).
    Removing rasp_com.o(.text.rasp_2_stm32), (8 bytes).
    Removing rasp_com.o(.ARM.exidx.text.rasp_2_stm32), (8 bytes).
    Removing rasp_com.o(.text.stm32_2_rasp), (8 bytes).
    Removing rasp_com.o(.ARM.exidx.text.stm32_2_rasp), (8 bytes).
    Removing rasp_com.o(.bss.rasp_data_ram), (60 bytes).
    Removing gps_be880.o(.text), (0 bytes).
    Removing gps_be880.o(.text.gps_be880_init), (116 bytes).
    Removing gps_be880.o(.ARM.exidx.text.gps_be880_init), (8 bytes).
    Removing gps_be880.o(.text.be880_send_cmd_read_compass), (80 bytes).
    Removing gps_be880.o(.ARM.exidx.text.be880_send_cmd_read_compass), (8 bytes).
    Removing gps_be880.o(.text.be880_read_compass_2_yaw), (320 bytes).
    Removing gps_be880.o(.ARM.exidx.text.be880_read_compass_2_yaw), (8 bytes).
    Removing gps_be880.o(.text.be880_init_yaw_compas), (208 bytes).
    Removing gps_be880.o(.ARM.exidx.text.be880_init_yaw_compas), (8 bytes).
    Removing gps_be880.o(.bss.be880_data_ram), (1000 bytes).
    Removing gps_be880.o(.bss..L_MergedGlobals), (14 bytes).
    Removing esekf.o(.text), (0 bytes).
    Removing esekf.o(.text.convert_2_quaternion), (324 bytes).
    Removing esekf.o(.ARM.exidx.text.convert_2_quaternion), (8 bytes).
    Removing esekf.o(.text.convert_2_velocity), (240 bytes).
    Removing esekf.o(.ARM.exidx.text.convert_2_velocity), (8 bytes).
    Removing esekf.o(.text.convert_2_position), (124 bytes).
    Removing esekf.o(.ARM.exidx.text.convert_2_position), (8 bytes).
    Removing esekf.o(.text.esekf_imu_covariance), (4736 bytes).
    Removing esekf.o(.ARM.exidx.text.esekf_imu_covariance), (8 bytes).
    Removing esekf.o(.text.quaternion_2_euler), (172 bytes).
    Removing esekf.o(.ARM.exidx.text.quaternion_2_euler), (8 bytes).
    Removing esekf.o(.text.esekf_update_with_barometer), (1340 bytes).
    Removing esekf.o(.ARM.exidx.text.esekf_update_with_barometer), (8 bytes).
    Removing esekf.o(.text.esekf_update_with_compass), (1388 bytes).
    Removing esekf.o(.ARM.exidx.text.esekf_update_with_compass), (8 bytes).
    Removing esekf.o(.bss.drone_attitute), (12 bytes).
    Removing esekf.o(.data.drone_quaternion), (16 bytes).
    Removing esekf.o(.bss..L_MergedGlobals), (36 bytes).
    Removing pid.o(.text), (0 bytes).
    Removing pid.o(.text.pid_init), (54 bytes).
    Removing pid.o(.ARM.exidx.text.pid_init), (8 bytes).
    Removing pid.o(.text.pid_calculate), (130 bytes).
    Removing pid.o(.ARM.exidx.text.pid_calculate), (8 bytes).
    Removing pid.o(.bss.controller_drone_x), (44 bytes).
    Removing pid.o(.bss.controller_drone_y), (44 bytes).
    Removing pid.o(.bss.controller_drone_z), (44 bytes).
    Removing pid.o(.bss.controller_drone_roll), (44 bytes).
    Removing pid.o(.bss.controller_drone_pitch), (44 bytes).
    Removing pid.o(.bss.controller_drone_yaw), (44 bytes).
    Removing pid.o(.bss.controller_drone_velocity_x), (44 bytes).
    Removing pid.o(.bss.controller_drone_velocity_y), (44 bytes).
    Removing pid.o(.bss.controller_drone_rate_yaw), (44 bytes).
    Removing smc.o(.text), (0 bytes).
    Removing smc.o(.text.smc_init), (22 bytes).
    Removing smc.o(.ARM.exidx.text.smc_init), (8 bytes).
    Removing smc.o(.text.smc_calculate), (292 bytes).
    Removing smc.o(.ARM.exidx.text.smc_calculate), (8 bytes).
    Removing smc.o(.bss.controller_drone_rate_roll), (28 bytes).
    Removing smc.o(.bss.controller_drone_rate_pitch), (28 bytes).
    Removing smc.o(.bss.controller_drone_velocity_z), (28 bytes).
    Removing drone_1.o(.text), (0 bytes).
    Removing task.o(.text), (0 bytes).
    Removing task.o(.text.task_handle_imu), (268 bytes).
    Removing task.o(.ARM.exidx.text.task_handle_imu), (8 bytes).
    Removing task.o(.text.task_handle_rate), (240 bytes).
    Removing task.o(.ARM.exidx.text.task_handle_rate), (8 bytes).
    Removing task.o(.text.task_handle_attitude), (316 bytes).
    Removing task.o(.ARM.exidx.text.task_handle_attitude), (8 bytes).
    Removing task.o(.text.task_handle_velocity), (240 bytes).
    Removing task.o(.ARM.exidx.text.task_handle_velocity), (8 bytes).
    Removing task.o(.text.task_handle_position), (136 bytes).
    Removing task.o(.ARM.exidx.text.task_handle_position), (8 bytes).
    Removing task.o(.text.task_handle_compass), (72 bytes).
    Removing task.o(.ARM.exidx.text.task_handle_compass), (8 bytes).
    Removing task.o(.text.task_handle_barometer), (12 bytes).
    Removing task.o(.ARM.exidx.text.task_handle_barometer), (8 bytes).
    Removing task.o(.rodata.str1.1), (103 bytes).
    Removing task.o(.data.TASK_DRONE), (336 bytes).
    Removing task.o(.bss.P), (900 bytes).
    Removing task.o(.bss..L_MergedGlobals), (96 bytes).
    Removing mixer.o(.text), (0 bytes).
    Removing mixer.o(.text.write_motor), (20 bytes).
    Removing mixer.o(.ARM.exidx.text.write_motor), (8 bytes).
    Removing mixer.o(.text.limit_speed_motor), (28 bytes).
    Removing mixer.o(.ARM.exidx.text.limit_speed_motor), (8 bytes).
    Removing mixer.o(.text.mixer_calculate), (364 bytes).
    Removing mixer.o(.ARM.exidx.text.mixer_calculate), (8 bytes).
    Removing mixer.o(.bss.glb_arr_motor), (8 bytes).
    Removing drone_scheduler.o(.text), (0 bytes).
    Removing drone_scheduler.o(.text.init_task), (28 bytes).
    Removing drone_scheduler.o(.ARM.exidx.text.init_task), (8 bytes).
    Removing drone_scheduler.o(.text.general_run), (76 bytes).
    Removing drone_scheduler.o(.ARM.exidx.text.general_run), (8 bytes).
    Removing drone_scheduler.o(.text.handle_important_task), (84 bytes).
    Removing drone_scheduler.o(.ARM.exidx.text.handle_important_task), (8 bytes).
    Removing drone_scheduler.o(.text.FLIGHT_SYSTEM), (132 bytes).
    Removing drone_scheduler.o(.ARM.exidx.text.FLIGHT_SYSTEM), (8 bytes).
    Removing simulate.o(.text), (0 bytes).
    Removing simulate.o(.text.simulation_init), (86 bytes).
    Removing simulate.o(.ARM.exidx.text.simulation_init), (8 bytes).
    Removing simulate.o(.text.simulate_getData), (84 bytes).
    Removing simulate.o(.ARM.exidx.text.simulate_getData), (8 bytes).
    Removing simulate.o(.text.test_simulation), (92 bytes).
    Removing simulate.o(.ARM.exidx.text.test_simulation), (8 bytes).
    Removing simulate.o(.bss.simulate_data_ram), (29 bytes).
    Removing simulate.o(.rodata..L__const.simulation_init.usart_cfg), (28 bytes).
    Removing simulate.o(.rodata.str1.1), (3 bytes).
    Removing simulate.o(.bss.data), (29 bytes).
    Removing simulate.o(.bss.test_yaw), (4 bytes).
    Removing simulate.o(.bss.temp_compass_i2c), (6 bytes).
    Removing simulate.o(.bss.temp_sim), (10 bytes).
    Removing simulate.o(.bss.send), (8 bytes).
    Removing system_stm32h7xx.o(.text), (0 bytes).
    Removing system_stm32h7xx.o(.ARM.exidx.text.SystemInit), (8 bytes).
    Removing system_stm32h7xx.o(.ARM.exidx.text.SystemCoreClockUpdate), (8 bytes).

321 unused section(s) (total 33867 bytes) removed from the image.

==============================================================================

Image Symbol Table

    Local Symbols

    Symbol Name                              Value     Ov Type        Size  Object(Section)

    ../clib/angel/boardlib.s                 0x00000000   Number         0  boardinit1.o ABSOLUTE
    ../clib/angel/boardlib.s                 0x00000000   Number         0  boardinit2.o ABSOLUTE
    ../clib/angel/boardlib.s                 0x00000000   Number         0  boardinit3.o ABSOLUTE
    ../clib/angel/boardlib.s                 0x00000000   Number         0  boardshut.o ABSOLUTE
    ../clib/angel/handlers.s                 0x00000000   Number         0  __scatter_copy.o ABSOLUTE
    ../clib/angel/handlers.s                 0x00000000   Number         0  __scatter_zi.o ABSOLUTE
    ../clib/angel/kernel.s                   0x00000000   Number         0  __rtentry.o ABSOLUTE
    ../clib/angel/kernel.s                   0x00000000   Number         0  __rtentry2.o ABSOLUTE
    ../clib/angel/kernel.s                   0x00000000   Number         0  __rtentry4.o ABSOLUTE
    ../clib/angel/kernel.s                   0x00000000   Number         0  rtexit.o ABSOLUTE
    ../clib/angel/kernel.s                   0x00000000   Number         0  rtexit2.o ABSOLUTE
    ../clib/angel/rt.s                       0x00000000   Number         0  rt_heap_descriptor.o ABSOLUTE
    ../clib/angel/rt.s                       0x00000000   Number         0  rt_heap_descriptor_intlibspace.o ABSOLUTE
    ../clib/angel/rt.s                       0x00000000   Number         0  rt_errno_addr.o ABSOLUTE
    ../clib/angel/rt.s                       0x00000000   Number         0  rt_errno_addr_intlibspace.o ABSOLUTE
    ../clib/angel/rt.s                       0x00000000   Number         0  rt_raise.o ABSOLUTE
    ../clib/angel/scatter.s                  0x00000000   Number         0  __scatter.o ABSOLUTE
    ../clib/angel/startup.s                  0x00000000   Number         0  __main.o ABSOLUTE
    ../clib/angel/sys.s                      0x00000000   Number         0  mutex_dummy.o ABSOLUTE
    ../clib/angel/sys.s                      0x00000000   Number         0  libspace.o ABSOLUTE
    ../clib/angel/sys.s                      0x00000000   Number         0  use_no_semi.o ABSOLUTE
    ../clib/angel/sys.s                      0x00000000   Number         0  indicate_semi.o ABSOLUTE
    ../clib/angel/sys.s                      0x00000000   Number         0  sys_stackheap_outer.o ABSOLUTE
    ../clib/angel/sysapp.c                   0x00000000   Number         0  sys_command.o ABSOLUTE
    ../clib/angel/sysapp.c                   0x00000000   Number         0  sys_command_hlt.o ABSOLUTE
    ../clib/angel/sysapp.c                   0x00000000   Number         0  sys_exit.o ABSOLUTE
    ../clib/angel/sysapp.c                   0x00000000   Number         0  sys_exit_hlt.o ABSOLUTE
    ../clib/angel/sysapp.c                   0x00000000   Number         0  sys_wrch.o ABSOLUTE
    ../clib/angel/sysapp.c                   0x00000000   Number         0  sys_wrch_hlt.o ABSOLUTE
    ../clib/armsys.c                         0x00000000   Number         0  _get_argv.o ABSOLUTE
    ../clib/armsys.c                         0x00000000   Number         0  argv_veneer.o ABSOLUTE
    ../clib/armsys.c                         0x00000000   Number         0  argv_veneer.o ABSOLUTE
    ../clib/armsys.c                         0x00000000   Number         0  _get_argv_nomalloc.o ABSOLUTE
    ../clib/armsys.c                         0x00000000   Number         0  no_argv.o ABSOLUTE
    ../clib/fenv.c                           0x00000000   Number         0  _rserrno.o ABSOLUTE
    ../clib/heap1.c                          0x00000000   Number         0  h1_alloc.o ABSOLUTE
    ../clib/heap1.c                          0x00000000   Number         0  h1_alloc_threads.o ABSOLUTE
    ../clib/heap1.c                          0x00000000   Number         0  h1_init.o ABSOLUTE
    ../clib/heap1.c                          0x00000000   Number         0  h1_free.o ABSOLUTE
    ../clib/heap1.c                          0x00000000   Number         0  h1_init_threads.o ABSOLUTE
    ../clib/heap1.c                          0x00000000   Number         0  h1_free_threads.o ABSOLUTE
    ../clib/heap1.c                          0x00000000   Number         0  h1_extend.o ABSOLUTE
    ../clib/heap1.c                          0x00000000   Number         0  h1_extend_threads.o ABSOLUTE
    ../clib/heap1.c                          0x00000000   Number         0  h1_final.o ABSOLUTE
    ../clib/heap1.c                          0x00000000   Number         0  h1_final_threads.o ABSOLUTE
    ../clib/heap2.c                          0x00000000   Number         0  heap2.o ABSOLUTE
    ../clib/heap2.c                          0x00000000   Number         0  heap2_threads.o ABSOLUTE
    ../clib/heap2.c                          0x00000000   Number         0  fdtree.o ABSOLUTE
    ../clib/heapalloc.c                      0x00000000   Number         0  malloc.o ABSOLUTE
    ../clib/heapalloc.c                      0x00000000   Number         0  hguard.o ABSOLUTE
    ../clib/heapalloc.c                      0x00000000   Number         0  init_alloc.o ABSOLUTE
    ../clib/heapalloc.c                      0x00000000   Number         0  free.o ABSOLUTE
    ../clib/heapalloc.c                      0x00000000   Number         0  heapstubs.o ABSOLUTE
    ../clib/heapalloc.c                      0x00000000   Number         0  hrguard.o ABSOLUTE
    ../clib/heapalloc.c                      0x00000000   Number         0  term_alloc.o ABSOLUTE
    ../clib/heapaux.c                        0x00000000   Number         0  heapauxi.o ABSOLUTE
    ../clib/heapaux.c                        0x00000000   Number         0  heapauxa.o ABSOLUTE
    ../clib/libinit.s                        0x00000000   Number         0  libinit2.o ABSOLUTE
    ../clib/libinit.s                        0x00000000   Number         0  libinit.o ABSOLUTE
    ../clib/libinit.s                        0x00000000   Number         0  libshutdown2.o ABSOLUTE
    ../clib/libinit.s                        0x00000000   Number         0  libshutdown.o ABSOLUTE
    ../clib/maybe.s                          0x00000000   Number         0  maybetermalloc1.o ABSOLUTE
    ../clib/maybe.s                          0x00000000   Number         0  maybetermalloc2.o ABSOLUTE
    ../clib/memcpset.s                       0x00000000   Number         0  rt_memcpy_v6.o ABSOLUTE
    ../clib/memcpset.s                       0x00000000   Number         0  rt_memcpy_w.o ABSOLUTE
    ../clib/memcpset.s                       0x00000000   Number         0  rt_memclr_w.o ABSOLUTE
    ../clib/signal.c                         0x00000000   Number         0  defsig_rtmem_outer.o ABSOLUTE
    ../clib/signal.c                         0x00000000   Number         0  defsig_rtmem_formal.o ABSOLUTE
    ../clib/signal.c                         0x00000000   Number         0  defsig_exit.o ABSOLUTE
    ../clib/signal.c                         0x00000000   Number         0  defsig_rtmem_inner.o ABSOLUTE
    ../clib/signal.c                         0x00000000   Number         0  __raise.o ABSOLUTE
    ../clib/signal.c                         0x00000000   Number         0  defsig_general.o ABSOLUTE
    ../clib/signal.c                         0x00000000   Number         0  defsig_abrt_inner.o ABSOLUTE
    ../clib/signal.c                         0x00000000   Number         0  defsig_fpe_inner.o ABSOLUTE
    ../clib/signal.c                         0x00000000   Number         0  defsig_rtred_inner.o ABSOLUTE
    ../clib/signal.c                         0x00000000   Number         0  defsig_stak_inner.o ABSOLUTE
    ../clib/signal.c                         0x00000000   Number         0  defsig_pvfn_inner.o ABSOLUTE
    ../clib/signal.c                         0x00000000   Number         0  defsig_cppl_inner.o ABSOLUTE
    ../clib/signal.c                         0x00000000   Number         0  defsig_segv_inner.o ABSOLUTE
    ../clib/signal.c                         0x00000000   Number         0  defsig_other.o ABSOLUTE
    ../clib/signal.s                         0x00000000   Number         0  defsig.o ABSOLUTE
    ../clib/stdlib.c                         0x00000000   Number         0  exit.o ABSOLUTE
    ../fplib/fpinit.s                        0x00000000   Number         0  fpinit.o ABSOLUTE
    ../fplib/usenofp.s                       0x00000000   Number         0  usenofp.o ABSOLUTE
    ../mathlib/asinf.c                       0x00000000   Number         0  asinf.o ABSOLUTE
    ../mathlib/atan2f.c                      0x00000000   Number         0  atan2f.o ABSOLUTE
    ../mathlib/atanf.c                       0x00000000   Number         0  atanf.o ABSOLUTE
    ../mathlib/cosf.c                        0x00000000   Number         0  cosf.o ABSOLUTE
    ../mathlib/fpclassifyf.c                 0x00000000   Number         0  fpclassifyf.o ABSOLUTE
    ../mathlib/funder.c                      0x00000000   Number         0  funder.o ABSOLUTE
    ../mathlib/rredf.c                       0x00000000   Number         0  rredf.o ABSOLUTE
    ../mathlib/sinf.c                        0x00000000   Number         0  sinf.o ABSOLUTE
    ../mathlib/sqrtf.c                       0x00000000   Number         0  sqrtf.o ABSOLUTE
    RTE/Device/STM32H750VBTx/startup_stm32h750xx.s 0x00000000   Number         0  startup_stm32h750xx.o ABSOLUTE
    clock.c                                  0x00000000   Number         0  clock.o ABSOLUTE
    dc.s                                     0x00000000   Number         0  dc.o ABSOLUTE
    dma.c                                    0x00000000   Number         0  dma.o ABSOLUTE
    drone.c                                  0x00000000   Number         0  drone_1.o ABSOLUTE
    drone_scheduler.c                        0x00000000   Number         0  drone_scheduler.o ABSOLUTE
    dshot.c                                  0x00000000   Number         0  dshot.o ABSOLUTE
    esekf.c                                  0x00000000   Number         0  esekf.o ABSOLUTE
    gpio.c                                   0x00000000   Number         0  gpio.o ABSOLUTE
    gps_be880.c                              0x00000000   Number         0  gps_be880.o ABSOLUTE
    i2c_master.c                             0x00000000   Number         0  i2c_master.o ABSOLUTE
    imu_bmi270.c                             0x00000000   Number         0  imu_bmi270.o ABSOLUTE
    init.c                                   0x00000000   Number         0  init.o ABSOLUTE
    main.c                                   0x00000000   Number         0  main.o ABSOLUTE
    mixer.c                                  0x00000000   Number         0  mixer.o ABSOLUTE
    pid.c                                    0x00000000   Number         0  pid.o ABSOLUTE
    rasp_com.c                               0x00000000   Number         0  rasp_com.o ABSOLUTE
    simulate.c                               0x00000000   Number         0  simulate.o ABSOLUTE
    smc.c                                    0x00000000   Number         0  smc.o ABSOLUTE
    spi_master.c                             0x00000000   Number         0  spi_master.o ABSOLUTE
    system_stm32h7xx.c                       0x00000000   Number         0  system_stm32h7xx.o ABSOLUTE
    task.c                                   0x00000000   Number         0  task.o ABSOLUTE
    test_bmi270.c                            0x00000000   Number         0  test_bmi270.o ABSOLUTE
    test_i2c.c                               0x00000000   Number         0  test_i2c.o ABSOLUTE
    test_spi.c                               0x00000000   Number         0  test_spi.o ABSOLUTE
    test_task.c                              0x00000000   Number         0  test_task.o ABSOLUTE
    timer.c                                  0x00000000   Number         0  timer.o ABSOLUTE
    usart.c                                  0x00000000   Number         0  usart.o ABSOLUTE
    RESET                                    0x08000000   Section      664  startup_stm32h750xx.o(RESET)
    !!!main                                  0x08000298   Section        8  __main.o(!!!main)
    !!!scatter                               0x080002a0   Section       52  __scatter.o(!!!scatter)
    !!handler_copy                           0x080002d4   Section       26  __scatter_copy.o(!!handler_copy)
    !!handler_zi                             0x080002f0   Section       28  __scatter_zi.o(!!handler_zi)
    .ARM.Collect$$libinit$$00000000          0x0800030c   Section        2  libinit.o(.ARM.Collect$$libinit$$00000000)
    .ARM.Collect$$libinit$$00000001          0x0800030e   Section        4  libinit2.o(.ARM.Collect$$libinit$$00000001)
    .ARM.Collect$$libinit$$00000004          0x08000312   Section        0  libinit2.o(.ARM.Collect$$libinit$$00000004)
    .ARM.Collect$$libinit$$00000006          0x08000312   Section        0  libinit2.o(.ARM.Collect$$libinit$$00000006)
    .ARM.Collect$$libinit$$0000000C          0x08000312   Section        0  libinit2.o(.ARM.Collect$$libinit$$0000000C)
    .ARM.Collect$$libinit$$0000000E          0x08000312   Section        0  libinit2.o(.ARM.Collect$$libinit$$0000000E)
    .ARM.Collect$$libinit$$00000010          0x08000312   Section        0  libinit2.o(.ARM.Collect$$libinit$$00000010)
    .ARM.Collect$$libinit$$00000013          0x08000312   Section        0  libinit2.o(.ARM.Collect$$libinit$$00000013)
    .ARM.Collect$$libinit$$00000015          0x08000312   Section        0  libinit2.o(.ARM.Collect$$libinit$$00000015)
    .ARM.Collect$$libinit$$00000017          0x08000312   Section        0  libinit2.o(.ARM.Collect$$libinit$$00000017)
    .ARM.Collect$$libinit$$00000019          0x08000312   Section        0  libinit2.o(.ARM.Collect$$libinit$$00000019)
    .ARM.Collect$$libinit$$0000001B          0x08000312   Section        0  libinit2.o(.ARM.Collect$$libinit$$0000001B)
    .ARM.Collect$$libinit$$0000001D          0x08000312   Section        0  libinit2.o(.ARM.Collect$$libinit$$0000001D)
    .ARM.Collect$$libinit$$0000001F          0x08000312   Section        0  libinit2.o(.ARM.Collect$$libinit$$0000001F)
    .ARM.Collect$$libinit$$00000021          0x08000312   Section        0  libinit2.o(.ARM.Collect$$libinit$$00000021)
    .ARM.Collect$$libinit$$00000023          0x08000312   Section        0  libinit2.o(.ARM.Collect$$libinit$$00000023)
    .ARM.Collect$$libinit$$00000025          0x08000312   Section        0  libinit2.o(.ARM.Collect$$libinit$$00000025)
    .ARM.Collect$$libinit$$00000027          0x08000312   Section        0  libinit2.o(.ARM.Collect$$libinit$$00000027)
    .ARM.Collect$$libinit$$0000002E          0x08000312   Section        0  libinit2.o(.ARM.Collect$$libinit$$0000002E)
    .ARM.Collect$$libinit$$00000030          0x08000312   Section        0  libinit2.o(.ARM.Collect$$libinit$$00000030)
    .ARM.Collect$$libinit$$00000032          0x08000312   Section        0  libinit2.o(.ARM.Collect$$libinit$$00000032)
    .ARM.Collect$$libinit$$00000034          0x08000312   Section        0  libinit2.o(.ARM.Collect$$libinit$$00000034)
    .ARM.Collect$$libinit$$00000035          0x08000312   Section        2  libinit2.o(.ARM.Collect$$libinit$$00000035)
    .ARM.Collect$$libshutdown$$00000000      0x08000314   Section        2  libshutdown.o(.ARM.Collect$$libshutdown$$00000000)
    .ARM.Collect$$libshutdown$$00000002      0x08000316   Section        0  libshutdown2.o(.ARM.Collect$$libshutdown$$00000002)
    .ARM.Collect$$libshutdown$$00000004      0x08000316   Section        0  libshutdown2.o(.ARM.Collect$$libshutdown$$00000004)
    .ARM.Collect$$libshutdown$$00000007      0x08000316   Section        0  libshutdown2.o(.ARM.Collect$$libshutdown$$00000007)
    .ARM.Collect$$libshutdown$$0000000A      0x08000316   Section        0  libshutdown2.o(.ARM.Collect$$libshutdown$$0000000A)
    .ARM.Collect$$libshutdown$$0000000C      0x08000316   Section        0  libshutdown2.o(.ARM.Collect$$libshutdown$$0000000C)
    .ARM.Collect$$libshutdown$$0000000F      0x08000316   Section        0  libshutdown2.o(.ARM.Collect$$libshutdown$$0000000F)
    .ARM.Collect$$libshutdown$$00000010      0x08000316   Section        2  libshutdown2.o(.ARM.Collect$$libshutdown$$00000010)
    .ARM.Collect$$rtentry$$00000000          0x08000318   Section        0  __rtentry.o(.ARM.Collect$$rtentry$$00000000)
    .ARM.Collect$$rtentry$$00000002          0x08000318   Section        0  __rtentry2.o(.ARM.Collect$$rtentry$$00000002)
    .ARM.Collect$$rtentry$$00000004          0x08000318   Section        6  __rtentry4.o(.ARM.Collect$$rtentry$$00000004)
    .ARM.Collect$$rtentry$$00000009          0x0800031e   Section        0  __rtentry2.o(.ARM.Collect$$rtentry$$00000009)
    .ARM.Collect$$rtentry$$0000000A          0x0800031e   Section        4  __rtentry2.o(.ARM.Collect$$rtentry$$0000000A)
    .ARM.Collect$$rtentry$$0000000C          0x08000322   Section        0  __rtentry2.o(.ARM.Collect$$rtentry$$0000000C)
    .ARM.Collect$$rtentry$$0000000D          0x08000322   Section        8  __rtentry2.o(.ARM.Collect$$rtentry$$0000000D)
    .ARM.Collect$$rtexit$$00000000           0x0800032a   Section        2  rtexit.o(.ARM.Collect$$rtexit$$00000000)
    .ARM.Collect$$rtexit$$00000002           0x0800032c   Section        0  rtexit2.o(.ARM.Collect$$rtexit$$00000002)
    .ARM.Collect$$rtexit$$00000003           0x0800032c   Section        4  rtexit2.o(.ARM.Collect$$rtexit$$00000003)
    .ARM.Collect$$rtexit$$00000004           0x08000330   Section        6  rtexit2.o(.ARM.Collect$$rtexit$$00000004)
    $v0                                      0x08000338   Number         0  startup_stm32h750xx.o(.text)
    .text                                    0x08000338   Section       64  startup_stm32h750xx.o(.text)
    .text                                    0x08000378   Section      138  rt_memcpy_v6.o(.text)
    .text                                    0x08000402   Section      100  rt_memcpy_w.o(.text)
    .text                                    0x08000466   Section        0  heapauxi.o(.text)
    .text                                    0x0800046c   Section        8  libspace.o(.text)
    .text                                    0x08000474   Section        2  use_no_semi.o(.text)
    .text                                    0x08000476   Section        0  indicate_semi.o(.text)
    .text                                    0x08000476   Section       74  sys_stackheap_outer.o(.text)
    .text                                    0x080004c0   Section        0  exit.o(.text)
    .text                                    0x080004d4   Section        0  sys_exit.o(.text)
    [Anonymous Symbol]                       0x080004e0   Section        0  dshot.o(.text.DMA1_Stream0_IRQHandler)
    [Anonymous Symbol]                       0x08000508   Section        0  dma.o(.text.DMA1_Stream1_IRQHandler)
    [Anonymous Symbol]                       0x08000518   Section        0  dma.o(.text.DMA1_Stream2_IRQHandler)
    [Anonymous Symbol]                       0x08000528   Section        0  dma.o(.text.DMA1_Stream3_IRQHandler)
    [Anonymous Symbol]                       0x08000538   Section        0  dma.o(.text.DMA1_Stream4_IRQHandler)
    [Anonymous Symbol]                       0x08000548   Section        0  dma.o(.text.DMA1_Stream5_IRQHandler)
    [Anonymous Symbol]                       0x08000558   Section        0  dma.o(.text.DMA1_Stream6_IRQHandler)
    [Anonymous Symbol]                       0x08000568   Section        0  dma.o(.text.DMA1_Stream7_IRQHandler)
    [Anonymous Symbol]                       0x08000578   Section        0  dma.o(.text.DMA2_Stream0_IRQHandler)
    [Anonymous Symbol]                       0x08000590   Section        0  dma.o(.text.DMA2_Stream1_IRQHandler)
    [Anonymous Symbol]                       0x080005a8   Section        0  dma.o(.text.DMA2_Stream2_IRQHandler)
    [Anonymous Symbol]                       0x080005c0   Section        0  dma.o(.text.DMA2_Stream3_IRQHandler)
    [Anonymous Symbol]                       0x080005d8   Section        0  dma.o(.text.DMA2_Stream4_IRQHandler)
    [Anonymous Symbol]                       0x080005f0   Section        0  dma.o(.text.DMA2_Stream5_IRQHandler)
    [Anonymous Symbol]                       0x08000608   Section        0  dma.o(.text.DMA2_Stream6_IRQHandler)
    [Anonymous Symbol]                       0x08000620   Section        0  dma.o(.text.DMA2_Stream7_IRQHandler)
    [Anonymous Symbol]                       0x08000638   Section        0  spi_master.o(.text.SPI1_IRQHandler)
    [Anonymous Symbol]                       0x08000648   Section        0  spi_master.o(.text.SPI2_IRQHandler)
    [Anonymous Symbol]                       0x08000658   Section        0  spi_master.o(.text.SPI3_IRQHandler)
    [Anonymous Symbol]                       0x08000668   Section        0  spi_master.o(.text.SPI4_IRQHandler)
    [Anonymous Symbol]                       0x08000678   Section        0  system_stm32h7xx.o(.text.SystemCoreClockUpdate)
    [Anonymous Symbol]                       0x08000970   Section        0  system_stm32h7xx.o(.text.SystemInit)
    __NVIC_EnableIRQ                         0x08000ad1   Thumb Code    48  dma.o(.text.__NVIC_EnableIRQ)
    [Anonymous Symbol]                       0x08000ad0   Section        0  dma.o(.text.__NVIC_EnableIRQ)
    __NVIC_EnableIRQ                         0x08000b01   Thumb Code    48  spi_master.o(.text.__NVIC_EnableIRQ)
    [Anonymous Symbol]                       0x08000b00   Section        0  spi_master.o(.text.__NVIC_EnableIRQ)
    [Anonymous Symbol]                       0x08000b30   Section        0  timer.o(.text.basic_init)
    [Anonymous Symbol]                       0x08000bb8   Section        0  clock.o(.text.clock_init)
    [Anonymous Symbol]                       0x08000ee0   Section        0  timer.o(.text.delay_ms)
    [Anonymous Symbol]                       0x08000f50   Section        0  timer.o(.text.delay_us)
    [Anonymous Symbol]                       0x08000fa8   Section        0  dma.o(.text.dma_add_callback)
    [Anonymous Symbol]                       0x08000fe0   Section        0  dma.o(.text.dma_init)
    dma_irq_callback                         0x08001211   Thumb Code   400  dma.o(.text.dma_irq_callback)
    [Anonymous Symbol]                       0x08001210   Section        0  dma.o(.text.dma_irq_callback)
    [Anonymous Symbol]                       0x080013a0   Section        0  dma.o(.text.dma_stop)
    [Anonymous Symbol]                       0x08001500   Section        0  dshot.o(.text.dshot_dma_init)
    [Anonymous Symbol]                       0x08001550   Section        0  dshot.o(.text.dshot_gpio_init)
    [Anonymous Symbol]                       0x08001618   Section        0  dshot.o(.text.dshot_init)
    [Anonymous Symbol]                       0x080016a8   Section        0  dshot.o(.text.dshot_stop)
    [Anonymous Symbol]                       0x080016d0   Section        0  dshot.o(.text.dshot_timer_init)
    [Anonymous Symbol]                       0x080017c0   Section        0  gpio.o(.text.gpio_init)
    [Anonymous Symbol]                       0x08001aa8   Section        0  gpio.o(.text.gpio_write)
    [Anonymous Symbol]                       0x08001b20   Section        0  main.o(.text.main)
    [Anonymous Symbol]                       0x08001b58   Section        0  init.o(.text.phase_1_init)
    [Anonymous Symbol]                       0x08001b98   Section        0  spi_master.o(.text.spi_callback_handle)
    spi_close_transfer                       0x08001c21   Thumb Code    64  spi_master.o(.text.spi_close_transfer)
    [Anonymous Symbol]                       0x08001c20   Section        0  spi_master.o(.text.spi_close_transfer)
    [Anonymous Symbol]                       0x08001c60   Section        0  spi_master.o(.text.spi_dma_init)
    [Anonymous Symbol]                       0x08001d78   Section        0  spi_master.o(.text.spi_error_recovery)
    [Anonymous Symbol]                       0x08001db8   Section        0  spi_master.o(.text.spi_gpio_init)
    [Anonymous Symbol]                       0x08001ed0   Section        0  spi_master.o(.text.spi_half_write)
    spi_irq_callback                         0x08001fd1   Thumb Code   172  spi_master.o(.text.spi_irq_callback)
    [Anonymous Symbol]                       0x08001fd0   Section        0  spi_master.o(.text.spi_irq_callback)
    [Anonymous Symbol]                       0x08002080   Section        0  spi_master.o(.text.spi_master_init)
    [Anonymous Symbol]                       0x080022f0   Section        0  init.o(.text.system_init)
    [Anonymous Symbol]                       0x080022f8   Section        0  main.o(.text.test)
    [Anonymous Symbol]                       0x08002300   Section        0  test_spi.o(.text.test_spi)
    [Anonymous Symbol]                       0x080023c0   Section        0  timer.o(.text.timer_init)
    wait_tranfer_eot                         0x08002409   Thumb Code   100  spi_master.o(.text.wait_tranfer_eot)
    [Anonymous Symbol]                       0x08002408   Section        0  spi_master.o(.text.wait_tranfer_eot)
    wait_tranfer_txc                         0x08002471   Thumb Code   100  spi_master.o(.text.wait_tranfer_txc)
    [Anonymous Symbol]                       0x08002470   Section        0  spi_master.o(.text.wait_tranfer_txc)
    wait_tranfer_txp                         0x080024d9   Thumb Code   100  spi_master.o(.text.wait_tranfer_txp)
    [Anonymous Symbol]                       0x080024d8   Section        0  spi_master.o(.text.wait_tranfer_txp)
    $v0                                      0x0800253c   Number         0  fpinit.o(x$fpl$fpinit)
    x$fpl$fpinit                             0x0800253c   Section       26  fpinit.o(x$fpl$fpinit)
    .L__const.test_spi.cfg                   0x08002556   Data          17  test_spi.o(.rodata..L__const.test_spi.cfg)
    .bss                                     0x24000020   Section       96  libspace.o(.bss)
    arr_callback                             0x2400008c   Data         192  dma.o(.bss.arr_callback)
    [Anonymous Symbol]                       0x2400008c   Section        0  dma.o(.bss.arr_callback)
    Heap_Mem                                 0x24000170   Data         512  startup_stm32h750xx.o(HEAP)
    HEAP                                     0x24000170   Section      512  startup_stm32h750xx.o(HEAP)
    Stack_Mem                                0x24000370   Data        4096  startup_stm32h750xx.o(STACK)
    STACK                                    0x24000370   Section     4096  startup_stm32h750xx.o(STACK)
    __initial_sp                             0x24001370   Data           0  startup_stm32h750xx.o(STACK)

    Global Symbols

    Symbol Name                              Value     Ov Type        Size  Object(Section)

    BuildAttributes$$THM_ISAv4$E$P$D$K$B$S$7EM$VFPv5_D16$PE$PLD8$A:L22UL41UL21$X:L11$S22US41US21$IEEE1$IW$~IW$USESV6$~STKCKD$USESV7$~SHL$OTIME$ROPI$IEEEX$EBA8$UX$STANDARDLIB$REQ8$PRES8$EABIv2 0x00000000   Number         0  anon$$obj.o ABSOLUTE
    __ARM_exceptions_init                     - Undefined Weak Reference
    __alloca_initialize                       - Undefined Weak Reference
    __arm_preinit_                            - Undefined Weak Reference
    __arm_relocate_pie_                       - Undefined Weak Reference
    __cpp_initialize__aeabi_                  - Undefined Weak Reference
    __cxa_finalize                            - Undefined Weak Reference
    __rt_locale                               - Undefined Weak Reference
    __sigvec_lookup                           - Undefined Weak Reference
    __user_heap_extent                        - Undefined Weak Reference
    _atexit_init                              - Undefined Weak Reference
    _call_atexit_fns                          - Undefined Weak Reference
    _clock_init                               - Undefined Weak Reference
    _fp_trap_init                             - Undefined Weak Reference
    _fp_trap_shutdown                         - Undefined Weak Reference
    _get_lc_collate                           - Undefined Weak Reference
    _get_lc_ctype                             - Undefined Weak Reference
    _get_lc_monetary                          - Undefined Weak Reference
    _get_lc_numeric                           - Undefined Weak Reference
    _get_lc_time                              - Undefined Weak Reference
    _getenv_init                              - Undefined Weak Reference
    _handle_redirection                       - Undefined Weak Reference
    _initio                                   - Undefined Weak Reference
    _mutex_acquire                            - Undefined Weak Reference
    _mutex_free                               - Undefined Weak Reference
    _mutex_release                            - Undefined Weak Reference
    _rand_init                                - Undefined Weak Reference
    _signal_finish                            - Undefined Weak Reference
    _signal_init                              - Undefined Weak Reference
    _terminateio                              - Undefined Weak Reference
    __Vectors_Size                           0x00000298   Number         0  startup_stm32h750xx.o ABSOLUTE
    __Vectors                                0x08000000   Data           4  startup_stm32h750xx.o(RESET)
    __Vectors_End                            0x08000298   Data           0  startup_stm32h750xx.o(RESET)
    __main                                   0x08000299   Thumb Code     8  __main.o(!!!main)
    __scatterload                            0x080002a1   Thumb Code     0  __scatter.o(!!!scatter)
    __scatterload_rt2                        0x080002a1   Thumb Code    44  __scatter.o(!!!scatter)
    __scatterload_rt2_thumb_only             0x080002a1   Thumb Code     0  __scatter.o(!!!scatter)
    __scatterload_null                       0x080002af   Thumb Code     0  __scatter.o(!!!scatter)
    __scatterload_copy                       0x080002d5   Thumb Code    26  __scatter_copy.o(!!handler_copy)
    __scatterload_zeroinit                   0x080002f1   Thumb Code    28  __scatter_zi.o(!!handler_zi)
    __rt_lib_init                            0x0800030d   Thumb Code     0  libinit.o(.ARM.Collect$$libinit$$00000000)
    __rt_lib_init_fp_1                       0x0800030f   Thumb Code     0  libinit2.o(.ARM.Collect$$libinit$$00000001)
    __rt_lib_init_alloca_1                   0x08000313   Thumb Code     0  libinit2.o(.ARM.Collect$$libinit$$00000030)
    __rt_lib_init_argv_1                     0x08000313   Thumb Code     0  libinit2.o(.ARM.Collect$$libinit$$0000002E)
    __rt_lib_init_atexit_1                   0x08000313   Thumb Code     0  libinit2.o(.ARM.Collect$$libinit$$0000001D)
    __rt_lib_init_clock_1                    0x08000313   Thumb Code     0  libinit2.o(.ARM.Collect$$libinit$$00000023)
    __rt_lib_init_cpp_1                      0x08000313   Thumb Code     0  libinit2.o(.ARM.Collect$$libinit$$00000034)
    __rt_lib_init_exceptions_1               0x08000313   Thumb Code     0  libinit2.o(.ARM.Collect$$libinit$$00000032)
    __rt_lib_init_fp_trap_1                  0x08000313   Thumb Code     0  libinit2.o(.ARM.Collect$$libinit$$00000021)
    __rt_lib_init_getenv_1                   0x08000313   Thumb Code     0  libinit2.o(.ARM.Collect$$libinit$$00000025)
    __rt_lib_init_heap_1                     0x08000313   Thumb Code     0  libinit2.o(.ARM.Collect$$libinit$$0000000C)
    __rt_lib_init_lc_collate_1               0x08000313   Thumb Code     0  libinit2.o(.ARM.Collect$$libinit$$00000013)
    __rt_lib_init_lc_ctype_1                 0x08000313   Thumb Code     0  libinit2.o(.ARM.Collect$$libinit$$00000015)
    __rt_lib_init_lc_monetary_1              0x08000313   Thumb Code     0  libinit2.o(.ARM.Collect$$libinit$$00000017)
    __rt_lib_init_lc_numeric_1               0x08000313   Thumb Code     0  libinit2.o(.ARM.Collect$$libinit$$00000019)
    __rt_lib_init_lc_time_1                  0x08000313   Thumb Code     0  libinit2.o(.ARM.Collect$$libinit$$0000001B)
    __rt_lib_init_preinit_1                  0x08000313   Thumb Code     0  libinit2.o(.ARM.Collect$$libinit$$00000006)
    __rt_lib_init_rand_1                     0x08000313   Thumb Code     0  libinit2.o(.ARM.Collect$$libinit$$00000010)
    __rt_lib_init_relocate_pie_1             0x08000313   Thumb Code     0  libinit2.o(.ARM.Collect$$libinit$$00000004)
    __rt_lib_init_return                     0x08000313   Thumb Code     0  libinit2.o(.ARM.Collect$$libinit$$00000035)
    __rt_lib_init_signal_1                   0x08000313   Thumb Code     0  libinit2.o(.ARM.Collect$$libinit$$0000001F)
    __rt_lib_init_stdio_1                    0x08000313   Thumb Code     0  libinit2.o(.ARM.Collect$$libinit$$00000027)
    __rt_lib_init_user_alloc_1               0x08000313   Thumb Code     0  libinit2.o(.ARM.Collect$$libinit$$0000000E)
    __rt_lib_shutdown                        0x08000315   Thumb Code     0  libshutdown.o(.ARM.Collect$$libshutdown$$00000000)
    __rt_lib_shutdown_cpp_1                  0x08000317   Thumb Code     0  libshutdown2.o(.ARM.Collect$$libshutdown$$00000002)
    __rt_lib_shutdown_fp_trap_1              0x08000317   Thumb Code     0  libshutdown2.o(.ARM.Collect$$libshutdown$$00000007)
    __rt_lib_shutdown_heap_1                 0x08000317   Thumb Code     0  libshutdown2.o(.ARM.Collect$$libshutdown$$0000000F)
    __rt_lib_shutdown_return                 0x08000317   Thumb Code     0  libshutdown2.o(.ARM.Collect$$libshutdown$$00000010)
    __rt_lib_shutdown_signal_1               0x08000317   Thumb Code     0  libshutdown2.o(.ARM.Collect$$libshutdown$$0000000A)
    __rt_lib_shutdown_stdio_1                0x08000317   Thumb Code     0  libshutdown2.o(.ARM.Collect$$libshutdown$$00000004)
    __rt_lib_shutdown_user_alloc_1           0x08000317   Thumb Code     0  libshutdown2.o(.ARM.Collect$$libshutdown$$0000000C)
    __rt_entry                               0x08000319   Thumb Code     0  __rtentry.o(.ARM.Collect$$rtentry$$00000000)
    __rt_entry_presh_1                       0x08000319   Thumb Code     0  __rtentry2.o(.ARM.Collect$$rtentry$$00000002)
    __rt_entry_sh                            0x08000319   Thumb Code     0  __rtentry4.o(.ARM.Collect$$rtentry$$00000004)
    __rt_entry_li                            0x0800031f   Thumb Code     0  __rtentry2.o(.ARM.Collect$$rtentry$$0000000A)
    __rt_entry_postsh_1                      0x0800031f   Thumb Code     0  __rtentry2.o(.ARM.Collect$$rtentry$$00000009)
    __rt_entry_main                          0x08000323   Thumb Code     0  __rtentry2.o(.ARM.Collect$$rtentry$$0000000D)
    __rt_entry_postli_1                      0x08000323   Thumb Code     0  __rtentry2.o(.ARM.Collect$$rtentry$$0000000C)
    __rt_exit                                0x0800032b   Thumb Code     0  rtexit.o(.ARM.Collect$$rtexit$$00000000)
    __rt_exit_ls                             0x0800032d   Thumb Code     0  rtexit2.o(.ARM.Collect$$rtexit$$00000003)
    __rt_exit_prels_1                        0x0800032d   Thumb Code     0  rtexit2.o(.ARM.Collect$$rtexit$$00000002)
    __rt_exit_exit                           0x08000331   Thumb Code     0  rtexit2.o(.ARM.Collect$$rtexit$$00000004)
    Reset_Handler                            0x08000339   Thumb Code     8  startup_stm32h750xx.o(.text)
    NMI_Handler                              0x08000341   Thumb Code     2  startup_stm32h750xx.o(.text)
    HardFault_Handler                        0x08000343   Thumb Code     2  startup_stm32h750xx.o(.text)
    MemManage_Handler                        0x08000345   Thumb Code     2  startup_stm32h750xx.o(.text)
    BusFault_Handler                         0x08000347   Thumb Code     2  startup_stm32h750xx.o(.text)
    UsageFault_Handler                       0x08000349   Thumb Code     2  startup_stm32h750xx.o(.text)
    SVC_Handler                              0x0800034b   Thumb Code     2  startup_stm32h750xx.o(.text)
    DebugMon_Handler                         0x0800034d   Thumb Code     2  startup_stm32h750xx.o(.text)
    PendSV_Handler                           0x0800034f   Thumb Code     2  startup_stm32h750xx.o(.text)
    SysTick_Handler                          0x08000351   Thumb Code     2  startup_stm32h750xx.o(.text)
    ADC3_IRQHandler                          0x08000353   Thumb Code     0  startup_stm32h750xx.o(.text)
    ADC_IRQHandler                           0x08000353   Thumb Code     0  startup_stm32h750xx.o(.text)
    BDMA_Channel0_IRQHandler                 0x08000353   Thumb Code     0  startup_stm32h750xx.o(.text)
    BDMA_Channel1_IRQHandler                 0x08000353   Thumb Code     0  startup_stm32h750xx.o(.text)
    BDMA_Channel2_IRQHandler                 0x08000353   Thumb Code     0  startup_stm32h750xx.o(.text)
    BDMA_Channel3_IRQHandler                 0x08000353   Thumb Code     0  startup_stm32h750xx.o(.text)
    BDMA_Channel4_IRQHandler                 0x08000353   Thumb Code     0  startup_stm32h750xx.o(.text)
    BDMA_Channel5_IRQHandler                 0x08000353   Thumb Code     0  startup_stm32h750xx.o(.text)
    BDMA_Channel6_IRQHandler                 0x08000353   Thumb Code     0  startup_stm32h750xx.o(.text)
    BDMA_Channel7_IRQHandler                 0x08000353   Thumb Code     0  startup_stm32h750xx.o(.text)
    CEC_IRQHandler                           0x08000353   Thumb Code     0  startup_stm32h750xx.o(.text)
    COMP1_IRQHandler                         0x08000353   Thumb Code     0  startup_stm32h750xx.o(.text)
    CRS_IRQHandler                           0x08000353   Thumb Code     0  startup_stm32h750xx.o(.text)
    CRYP_IRQHandler                          0x08000353   Thumb Code     0  startup_stm32h750xx.o(.text)
    DCMI_IRQHandler                          0x08000353   Thumb Code     0  startup_stm32h750xx.o(.text)
    DFSDM1_FLT0_IRQHandler                   0x08000353   Thumb Code     0  startup_stm32h750xx.o(.text)
    DFSDM1_FLT1_IRQHandler                   0x08000353   Thumb Code     0  startup_stm32h750xx.o(.text)
    DFSDM1_FLT2_IRQHandler                   0x08000353   Thumb Code     0  startup_stm32h750xx.o(.text)
    DFSDM1_FLT3_IRQHandler                   0x08000353   Thumb Code     0  startup_stm32h750xx.o(.text)
    DMA2D_IRQHandler                         0x08000353   Thumb Code     0  startup_stm32h750xx.o(.text)
    DMAMUX1_OVR_IRQHandler                   0x08000353   Thumb Code     0  startup_stm32h750xx.o(.text)
    DMAMUX2_OVR_IRQHandler                   0x08000353   Thumb Code     0  startup_stm32h750xx.o(.text)
    ECC_IRQHandler                           0x08000353   Thumb Code     0  startup_stm32h750xx.o(.text)
    ETH_IRQHandler                           0x08000353   Thumb Code     0  startup_stm32h750xx.o(.text)
    ETH_WKUP_IRQHandler                      0x08000353   Thumb Code     0  startup_stm32h750xx.o(.text)
    EXTI0_IRQHandler                         0x08000353   Thumb Code     0  startup_stm32h750xx.o(.text)
    EXTI15_10_IRQHandler                     0x08000353   Thumb Code     0  startup_stm32h750xx.o(.text)
    EXTI1_IRQHandler                         0x08000353   Thumb Code     0  startup_stm32h750xx.o(.text)
    EXTI2_IRQHandler                         0x08000353   Thumb Code     0  startup_stm32h750xx.o(.text)
    EXTI3_IRQHandler                         0x08000353   Thumb Code     0  startup_stm32h750xx.o(.text)
    EXTI4_IRQHandler                         0x08000353   Thumb Code     0  startup_stm32h750xx.o(.text)
    EXTI9_5_IRQHandler                       0x08000353   Thumb Code     0  startup_stm32h750xx.o(.text)
    FDCAN1_IT0_IRQHandler                    0x08000353   Thumb Code     0  startup_stm32h750xx.o(.text)
    FDCAN1_IT1_IRQHandler                    0x08000353   Thumb Code     0  startup_stm32h750xx.o(.text)
    FDCAN2_IT0_IRQHandler                    0x08000353   Thumb Code     0  startup_stm32h750xx.o(.text)
    FDCAN2_IT1_IRQHandler                    0x08000353   Thumb Code     0  startup_stm32h750xx.o(.text)
    FDCAN_CAL_IRQHandler                     0x08000353   Thumb Code     0  startup_stm32h750xx.o(.text)
    FLASH_IRQHandler                         0x08000353   Thumb Code     0  startup_stm32h750xx.o(.text)
    FMC_IRQHandler                           0x08000353   Thumb Code     0  startup_stm32h750xx.o(.text)
    FPU_IRQHandler                           0x08000353   Thumb Code     0  startup_stm32h750xx.o(.text)
    HASH_RNG_IRQHandler                      0x08000353   Thumb Code     0  startup_stm32h750xx.o(.text)
    HRTIM1_FLT_IRQHandler                    0x08000353   Thumb Code     0  startup_stm32h750xx.o(.text)
    HRTIM1_Master_IRQHandler                 0x08000353   Thumb Code     0  startup_stm32h750xx.o(.text)
    HRTIM1_TIMA_IRQHandler                   0x08000353   Thumb Code     0  startup_stm32h750xx.o(.text)
    HRTIM1_TIMB_IRQHandler                   0x08000353   Thumb Code     0  startup_stm32h750xx.o(.text)
    HRTIM1_TIMC_IRQHandler                   0x08000353   Thumb Code     0  startup_stm32h750xx.o(.text)
    HRTIM1_TIMD_IRQHandler                   0x08000353   Thumb Code     0  startup_stm32h750xx.o(.text)
    HRTIM1_TIME_IRQHandler                   0x08000353   Thumb Code     0  startup_stm32h750xx.o(.text)
    HSEM1_IRQHandler                         0x08000353   Thumb Code     0  startup_stm32h750xx.o(.text)
    I2C1_ER_IRQHandler                       0x08000353   Thumb Code     0  startup_stm32h750xx.o(.text)
    I2C1_EV_IRQHandler                       0x08000353   Thumb Code     0  startup_stm32h750xx.o(.text)
    I2C2_ER_IRQHandler                       0x08000353   Thumb Code     0  startup_stm32h750xx.o(.text)
    I2C2_EV_IRQHandler                       0x08000353   Thumb Code     0  startup_stm32h750xx.o(.text)
    I2C3_ER_IRQHandler                       0x08000353   Thumb Code     0  startup_stm32h750xx.o(.text)
    I2C3_EV_IRQHandler                       0x08000353   Thumb Code     0  startup_stm32h750xx.o(.text)
    I2C4_ER_IRQHandler                       0x08000353   Thumb Code     0  startup_stm32h750xx.o(.text)
    I2C4_EV_IRQHandler                       0x08000353   Thumb Code     0  startup_stm32h750xx.o(.text)
    JPEG_IRQHandler                          0x08000353   Thumb Code     0  startup_stm32h750xx.o(.text)
    LPTIM1_IRQHandler                        0x08000353   Thumb Code     0  startup_stm32h750xx.o(.text)
    LPTIM2_IRQHandler                        0x08000353   Thumb Code     0  startup_stm32h750xx.o(.text)
    LPTIM3_IRQHandler                        0x08000353   Thumb Code     0  startup_stm32h750xx.o(.text)
    LPTIM4_IRQHandler                        0x08000353   Thumb Code     0  startup_stm32h750xx.o(.text)
    LPTIM5_IRQHandler                        0x08000353   Thumb Code     0  startup_stm32h750xx.o(.text)
    LPUART1_IRQHandler                       0x08000353   Thumb Code     0  startup_stm32h750xx.o(.text)
    LTDC_ER_IRQHandler                       0x08000353   Thumb Code     0  startup_stm32h750xx.o(.text)
    LTDC_IRQHandler                          0x08000353   Thumb Code     0  startup_stm32h750xx.o(.text)
    MDIOS_IRQHandler                         0x08000353   Thumb Code     0  startup_stm32h750xx.o(.text)
    MDIOS_WKUP_IRQHandler                    0x08000353   Thumb Code     0  startup_stm32h750xx.o(.text)
    MDMA_IRQHandler                          0x08000353   Thumb Code     0  startup_stm32h750xx.o(.text)
    OTG_FS_EP1_IN_IRQHandler                 0x08000353   Thumb Code     0  startup_stm32h750xx.o(.text)
    OTG_FS_EP1_OUT_IRQHandler                0x08000353   Thumb Code     0  startup_stm32h750xx.o(.text)
    OTG_FS_IRQHandler                        0x08000353   Thumb Code     0  startup_stm32h750xx.o(.text)
    OTG_FS_WKUP_IRQHandler                   0x08000353   Thumb Code     0  startup_stm32h750xx.o(.text)
    OTG_HS_EP1_IN_IRQHandler                 0x08000353   Thumb Code     0  startup_stm32h750xx.o(.text)
    OTG_HS_EP1_OUT_IRQHandler                0x08000353   Thumb Code     0  startup_stm32h750xx.o(.text)
    OTG_HS_IRQHandler                        0x08000353   Thumb Code     0  startup_stm32h750xx.o(.text)
    OTG_HS_WKUP_IRQHandler                   0x08000353   Thumb Code     0  startup_stm32h750xx.o(.text)
    PVD_AVD_IRQHandler                       0x08000353   Thumb Code     0  startup_stm32h750xx.o(.text)
    QUADSPI_IRQHandler                       0x08000353   Thumb Code     0  startup_stm32h750xx.o(.text)
    RCC_IRQHandler                           0x08000353   Thumb Code     0  startup_stm32h750xx.o(.text)
    RTC_Alarm_IRQHandler                     0x08000353   Thumb Code     0  startup_stm32h750xx.o(.text)
    RTC_WKUP_IRQHandler                      0x08000353   Thumb Code     0  startup_stm32h750xx.o(.text)
    SAI1_IRQHandler                          0x08000353   Thumb Code     0  startup_stm32h750xx.o(.text)
    SAI2_IRQHandler                          0x08000353   Thumb Code     0  startup_stm32h750xx.o(.text)
    SAI3_IRQHandler                          0x08000353   Thumb Code     0  startup_stm32h750xx.o(.text)
    SAI4_IRQHandler                          0x08000353   Thumb Code     0  startup_stm32h750xx.o(.text)
    SDMMC1_IRQHandler                        0x08000353   Thumb Code     0  startup_stm32h750xx.o(.text)
    SDMMC2_IRQHandler                        0x08000353   Thumb Code     0  startup_stm32h750xx.o(.text)
    SPDIF_RX_IRQHandler                      0x08000353   Thumb Code     0  startup_stm32h750xx.o(.text)
    SPI5_IRQHandler                          0x08000353   Thumb Code     0  startup_stm32h750xx.o(.text)
    SPI6_IRQHandler                          0x08000353   Thumb Code     0  startup_stm32h750xx.o(.text)
    SWPMI1_IRQHandler                        0x08000353   Thumb Code     0  startup_stm32h750xx.o(.text)
    TAMP_STAMP_IRQHandler                    0x08000353   Thumb Code     0  startup_stm32h750xx.o(.text)
    TIM15_IRQHandler                         0x08000353   Thumb Code     0  startup_stm32h750xx.o(.text)
    TIM16_IRQHandler                         0x08000353   Thumb Code     0  startup_stm32h750xx.o(.text)
    TIM17_IRQHandler                         0x08000353   Thumb Code     0  startup_stm32h750xx.o(.text)
    TIM1_BRK_IRQHandler                      0x08000353   Thumb Code     0  startup_stm32h750xx.o(.text)
    TIM1_CC_IRQHandler                       0x08000353   Thumb Code     0  startup_stm32h750xx.o(.text)
    TIM1_TRG_COM_IRQHandler                  0x08000353   Thumb Code     0  startup_stm32h750xx.o(.text)
    TIM1_UP_IRQHandler                       0x08000353   Thumb Code     0  startup_stm32h750xx.o(.text)
    TIM2_IRQHandler                          0x08000353   Thumb Code     0  startup_stm32h750xx.o(.text)
    TIM3_IRQHandler                          0x08000353   Thumb Code     0  startup_stm32h750xx.o(.text)
    TIM4_IRQHandler                          0x08000353   Thumb Code     0  startup_stm32h750xx.o(.text)
    TIM5_IRQHandler                          0x08000353   Thumb Code     0  startup_stm32h750xx.o(.text)
    TIM6_DAC_IRQHandler                      0x08000353   Thumb Code     0  startup_stm32h750xx.o(.text)
    TIM7_IRQHandler                          0x08000353   Thumb Code     0  startup_stm32h750xx.o(.text)
    TIM8_BRK_TIM12_IRQHandler                0x08000353   Thumb Code     0  startup_stm32h750xx.o(.text)
    TIM8_CC_IRQHandler                       0x08000353   Thumb Code     0  startup_stm32h750xx.o(.text)
    TIM8_TRG_COM_TIM14_IRQHandler            0x08000353   Thumb Code     0  startup_stm32h750xx.o(.text)
    TIM8_UP_TIM13_IRQHandler                 0x08000353   Thumb Code     0  startup_stm32h750xx.o(.text)
    UART4_IRQHandler                         0x08000353   Thumb Code     0  startup_stm32h750xx.o(.text)
    UART5_IRQHandler                         0x08000353   Thumb Code     0  startup_stm32h750xx.o(.text)
    UART7_IRQHandler                         0x08000353   Thumb Code     0  startup_stm32h750xx.o(.text)
    UART8_IRQHandler                         0x08000353   Thumb Code     0  startup_stm32h750xx.o(.text)
    USART1_IRQHandler                        0x08000353   Thumb Code     0  startup_stm32h750xx.o(.text)
    USART2_IRQHandler                        0x08000353   Thumb Code     0  startup_stm32h750xx.o(.text)
    USART3_IRQHandler                        0x08000353   Thumb Code     0  startup_stm32h750xx.o(.text)
    USART6_IRQHandler                        0x08000353   Thumb Code     0  startup_stm32h750xx.o(.text)
    WAKEUP_PIN_IRQHandler                    0x08000353   Thumb Code     0  startup_stm32h750xx.o(.text)
    WWDG_IRQHandler                          0x08000353   Thumb Code     0  startup_stm32h750xx.o(.text)
    __user_initial_stackheap                 0x08000355   Thumb Code     0  startup_stm32h750xx.o(.text)
    __aeabi_memcpy                           0x08000379   Thumb Code     0  rt_memcpy_v6.o(.text)
    __rt_memcpy                              0x08000379   Thumb Code   138  rt_memcpy_v6.o(.text)
    _memcpy_lastbytes                        0x080003df   Thumb Code     0  rt_memcpy_v6.o(.text)
    __aeabi_memcpy4                          0x08000403   Thumb Code     0  rt_memcpy_w.o(.text)
    __aeabi_memcpy8                          0x08000403   Thumb Code     0  rt_memcpy_w.o(.text)
    __rt_memcpy_w                            0x08000403   Thumb Code   100  rt_memcpy_w.o(.text)
    _memcpy_lastbytes_aligned                0x0800044b   Thumb Code     0  rt_memcpy_w.o(.text)
    __use_two_region_memory                  0x08000467   Thumb Code     2  heapauxi.o(.text)
    __rt_heap_escrow                         0x08000469   Thumb Code     2  heapauxi.o(.text)
    __rt_heap_expand                         0x0800046b   Thumb Code     2  heapauxi.o(.text)
    __user_libspace                          0x0800046d   Thumb Code     8  libspace.o(.text)
    __user_perproc_libspace                  0x0800046d   Thumb Code     0  libspace.o(.text)
    __user_perthread_libspace                0x0800046d   Thumb Code     0  libspace.o(.text)
    __I$use$semihosting                      0x08000475   Thumb Code     0  use_no_semi.o(.text)
    __use_no_semihosting_swi                 0x08000475   Thumb Code     2  use_no_semi.o(.text)
    __semihosting_library_function           0x08000477   Thumb Code     0  indicate_semi.o(.text)
    __user_setup_stackheap                   0x08000477   Thumb Code    74  sys_stackheap_outer.o(.text)
    exit                                     0x080004c1   Thumb Code    18  exit.o(.text)
    _sys_exit                                0x080004d5   Thumb Code     8  sys_exit.o(.text)
    DMA1_Stream0_IRQHandler                  0x080004e1   Thumb Code    40  dshot.o(.text.DMA1_Stream0_IRQHandler)
    DMA1_Stream1_IRQHandler                  0x08000509   Thumb Code    16  dma.o(.text.DMA1_Stream1_IRQHandler)
    DMA1_Stream2_IRQHandler                  0x08000519   Thumb Code    16  dma.o(.text.DMA1_Stream2_IRQHandler)
    DMA1_Stream3_IRQHandler                  0x08000529   Thumb Code    16  dma.o(.text.DMA1_Stream3_IRQHandler)
    DMA1_Stream4_IRQHandler                  0x08000539   Thumb Code    16  dma.o(.text.DMA1_Stream4_IRQHandler)
    DMA1_Stream5_IRQHandler                  0x08000549   Thumb Code    16  dma.o(.text.DMA1_Stream5_IRQHandler)
    DMA1_Stream6_IRQHandler                  0x08000559   Thumb Code    16  dma.o(.text.DMA1_Stream6_IRQHandler)
    DMA1_Stream7_IRQHandler                  0x08000569   Thumb Code    16  dma.o(.text.DMA1_Stream7_IRQHandler)
    DMA2_Stream0_IRQHandler                  0x08000579   Thumb Code    18  dma.o(.text.DMA2_Stream0_IRQHandler)
    DMA2_Stream1_IRQHandler                  0x08000591   Thumb Code    18  dma.o(.text.DMA2_Stream1_IRQHandler)
    DMA2_Stream2_IRQHandler                  0x080005a9   Thumb Code    18  dma.o(.text.DMA2_Stream2_IRQHandler)
    DMA2_Stream3_IRQHandler                  0x080005c1   Thumb Code    18  dma.o(.text.DMA2_Stream3_IRQHandler)
    DMA2_Stream4_IRQHandler                  0x080005d9   Thumb Code    18  dma.o(.text.DMA2_Stream4_IRQHandler)
    DMA2_Stream5_IRQHandler                  0x080005f1   Thumb Code    18  dma.o(.text.DMA2_Stream5_IRQHandler)
    DMA2_Stream6_IRQHandler                  0x08000609   Thumb Code    18  dma.o(.text.DMA2_Stream6_IRQHandler)
    DMA2_Stream7_IRQHandler                  0x08000621   Thumb Code    18  dma.o(.text.DMA2_Stream7_IRQHandler)
    SPI1_IRQHandler                          0x08000639   Thumb Code    10  spi_master.o(.text.SPI1_IRQHandler)
    SPI2_IRQHandler                          0x08000649   Thumb Code    10  spi_master.o(.text.SPI2_IRQHandler)
    SPI3_IRQHandler                          0x08000659   Thumb Code    10  spi_master.o(.text.SPI3_IRQHandler)
    SPI4_IRQHandler                          0x08000669   Thumb Code    10  spi_master.o(.text.SPI4_IRQHandler)
    SystemCoreClockUpdate                    0x08000679   Thumb Code   756  system_stm32h7xx.o(.text.SystemCoreClockUpdate)
    SystemInit                               0x08000971   Thumb Code   352  system_stm32h7xx.o(.text.SystemInit)
    basic_init                               0x08000b31   Thumb Code   130  timer.o(.text.basic_init)
    clock_init                               0x08000bb9   Thumb Code   802  clock.o(.text.clock_init)
    delay_ms                                 0x08000ee1   Thumb Code   106  timer.o(.text.delay_ms)
    delay_us                                 0x08000f51   Thumb Code    88  timer.o(.text.delay_us)
    dma_add_callback                         0x08000fa9   Thumb Code    52  dma.o(.text.dma_add_callback)
    dma_init                                 0x08000fe1   Thumb Code   554  dma.o(.text.dma_init)
    dma_stop                                 0x080013a1   Thumb Code   346  dma.o(.text.dma_stop)
    dshot_dma_init                           0x08001501   Thumb Code    76  dshot.o(.text.dshot_dma_init)
    dshot_gpio_init                          0x08001551   Thumb Code   194  dshot.o(.text.dshot_gpio_init)
    dshot_init                               0x08001619   Thumb Code   138  dshot.o(.text.dshot_init)
    dshot_stop                               0x080016a9   Thumb Code    36  dshot.o(.text.dshot_stop)
    dshot_timer_init                         0x080016d1   Thumb Code   240  dshot.o(.text.dshot_timer_init)
    gpio_init                                0x080017c1   Thumb Code   744  gpio.o(.text.gpio_init)
    gpio_write                               0x08001aa9   Thumb Code   120  gpio.o(.text.gpio_write)
    main                                     0x08001b21   Thumb Code    52  main.o(.text.main)
    phase_1_init                             0x08001b59   Thumb Code    58  init.o(.text.phase_1_init)
    spi_callback_handle                      0x08001b99   Thumb Code   134  spi_master.o(.text.spi_callback_handle)
    spi_dma_init                             0x08001c61   Thumb Code   276  spi_master.o(.text.spi_dma_init)
    spi_error_recovery                       0x08001d79   Thumb Code    62  spi_master.o(.text.spi_error_recovery)
    spi_gpio_init                            0x08001db9   Thumb Code   278  spi_master.o(.text.spi_gpio_init)
    spi_half_write                           0x08001ed1   Thumb Code   250  spi_master.o(.text.spi_half_write)
    spi_master_init                          0x08002081   Thumb Code   620  spi_master.o(.text.spi_master_init)
    system_init                              0x080022f1   Thumb Code     8  init.o(.text.system_init)
    test                                     0x080022f9   Thumb Code     8  main.o(.text.test)
    test_spi                                 0x08002301   Thumb Code   188  test_spi.o(.text.test_spi)
    timer_init                               0x080023c1   Thumb Code    66  timer.o(.text.timer_init)
    _fp_init                                 0x0800253d   Thumb Code    26  fpinit.o(x$fpl$fpinit)
    __fplib_config_fpu_vfp                   0x08002555   Thumb Code     0  fpinit.o(x$fpl$fpinit)
    __fplib_config_pureend_doubles           0x08002555   Thumb Code     0  fpinit.o(x$fpl$fpinit)
    D1CorePrescTable                         0x08002567   Data          16  system_stm32h7xx.o(.rodata.D1CorePrescTable)
    spi_num_table                            0x08002577   Data           4  spi_master.o(.rodata.spi_num_table)
    Region$$Table$$Base                      0x0800257c   Number         0  anon$$obj.o(Region$$Table)
    Region$$Table$$Limit                     0x0800259c   Number         0  anon$$obj.o(Region$$Table)
    FLAG_COMPLETE                            0x24000000   Data           1  dshot.o(.data.FLAG_COMPLETE)
    SystemCoreClock                          0x24000004   Data           4  system_stm32h7xx.o(.data.SystemCoreClock)
    SystemD2Clock                            0x24000008   Data           4  system_stm32h7xx.o(.data.SystemD2Clock)
    spi_arr_glb                              0x2400000c   Data          16  spi_master.o(.data.spi_arr_glb)
    __libspace_start                         0x24000020   Data          96  libspace.o(.bss)
    DSHOT_GPIO                               0x24000080   Data           4  dshot.o(.bss.DSHOT_GPIO)
    __temporary_stack_top$libspace           0x24000080   Data           0  libspace.o(.bss)
    DSHOT_PIN                                0x24000084   Data           1  dshot.o(.bss.DSHOT_PIN)
    SPI_CHECK_READ_BURST                     0x24000085   Data           4  spi_master.o(.bss.SPI_CHECK_READ_BURST)
    spi_cb_table_glb                         0x2400014c   Data          32  spi_master.o(.bss.spi_cb_table_glb)
    spi_dma_num_glb                          0x2400016c   Data           4  spi_master.o(.bss.spi_dma_num_glb)



==============================================================================

Memory Map of the image

  Image Entry point : 0x08000299

  Load Region LR_IROM1 (Base: 0x08000000, Size: 0x000025c0, Max: 0x00020000, ABSOLUTE)

    Execution Region ER_IROM1 (Exec base: 0x08000000, Load base: 0x08000000, Size: 0x0000259c, Max: 0x00020000, ABSOLUTE)

    Exec Addr    Load Addr    Size         Type   Attr      Idx    E Section Name        Object

    0x08000000   0x08000000   0x00000298   Data   RO          533    RESET               startup_stm32h750xx.o
    0x08000298   0x08000298   0x00000008   Code   RO          620  * !!!main             c_w.l(__main.o)
    0x080002a0   0x080002a0   0x00000034   Code   RO          896    !!!scatter          c_w.l(__scatter.o)
    0x080002d4   0x080002d4   0x0000001a   Code   RO          898    !!handler_copy      c_w.l(__scatter_copy.o)
    0x080002ee   0x080002ee   0x00000002   PAD
    0x080002f0   0x080002f0   0x0000001c   Code   RO          900    !!handler_zi        c_w.l(__scatter_zi.o)
    0x0800030c   0x0800030c   0x00000002   Code   RO          831    .ARM.Collect$$libinit$$00000000  c_w.l(libinit.o)
    0x0800030e   0x0800030e   0x00000004   Code   RO          688    .ARM.Collect$$libinit$$00000001  c_w.l(libinit2.o)
    0x08000312   0x08000312   0x00000000   Code   RO          691    .ARM.Collect$$libinit$$00000004  c_w.l(libinit2.o)
    0x08000312   0x08000312   0x00000000   Code   RO          693    .ARM.Collect$$libinit$$00000006  c_w.l(libinit2.o)
    0x08000312   0x08000312   0x00000000   Code   RO          696    .ARM.Collect$$libinit$$0000000C  c_w.l(libinit2.o)
    0x08000312   0x08000312   0x00000000   Code   RO          698    .ARM.Collect$$libinit$$0000000E  c_w.l(libinit2.o)
    0x08000312   0x08000312   0x00000000   Code   RO          700    .ARM.Collect$$libinit$$00000010  c_w.l(libinit2.o)
    0x08000312   0x08000312   0x00000000   Code   RO          703    .ARM.Collect$$libinit$$00000013  c_w.l(libinit2.o)
    0x08000312   0x08000312   0x00000000   Code   RO          705    .ARM.Collect$$libinit$$00000015  c_w.l(libinit2.o)
    0x08000312   0x08000312   0x00000000   Code   RO          707    .ARM.Collect$$libinit$$00000017  c_w.l(libinit2.o)
    0x08000312   0x08000312   0x00000000   Code   RO          709    .ARM.Collect$$libinit$$00000019  c_w.l(libinit2.o)
    0x08000312   0x08000312   0x00000000   Code   RO          711    .ARM.Collect$$libinit$$0000001B  c_w.l(libinit2.o)
    0x08000312   0x08000312   0x00000000   Code   RO          713    .ARM.Collect$$libinit$$0000001D  c_w.l(libinit2.o)
    0x08000312   0x08000312   0x00000000   Code   RO          715    .ARM.Collect$$libinit$$0000001F  c_w.l(libinit2.o)
    0x08000312   0x08000312   0x00000000   Code   RO          717    .ARM.Collect$$libinit$$00000021  c_w.l(libinit2.o)
    0x08000312   0x08000312   0x00000000   Code   RO          719    .ARM.Collect$$libinit$$00000023  c_w.l(libinit2.o)
    0x08000312   0x08000312   0x00000000   Code   RO          721    .ARM.Collect$$libinit$$00000025  c_w.l(libinit2.o)
    0x08000312   0x08000312   0x00000000   Code   RO          723    .ARM.Collect$$libinit$$00000027  c_w.l(libinit2.o)
    0x08000312   0x08000312   0x00000000   Code   RO          727    .ARM.Collect$$libinit$$0000002E  c_w.l(libinit2.o)
    0x08000312   0x08000312   0x00000000   Code   RO          729    .ARM.Collect$$libinit$$00000030  c_w.l(libinit2.o)
    0x08000312   0x08000312   0x00000000   Code   RO          731    .ARM.Collect$$libinit$$00000032  c_w.l(libinit2.o)
    0x08000312   0x08000312   0x00000000   Code   RO          733    .ARM.Collect$$libinit$$00000034  c_w.l(libinit2.o)
    0x08000312   0x08000312   0x00000002   Code   RO          734    .ARM.Collect$$libinit$$00000035  c_w.l(libinit2.o)
    0x08000314   0x08000314   0x00000002   Code   RO          893    .ARM.Collect$$libshutdown$$00000000  c_w.l(libshutdown.o)
    0x08000316   0x08000316   0x00000000   Code   RO          847    .ARM.Collect$$libshutdown$$00000002  c_w.l(libshutdown2.o)
    0x08000316   0x08000316   0x00000000   Code   RO          849    .ARM.Collect$$libshutdown$$00000004  c_w.l(libshutdown2.o)
    0x08000316   0x08000316   0x00000000   Code   RO          852    .ARM.Collect$$libshutdown$$00000007  c_w.l(libshutdown2.o)
    0x08000316   0x08000316   0x00000000   Code   RO          855    .ARM.Collect$$libshutdown$$0000000A  c_w.l(libshutdown2.o)
    0x08000316   0x08000316   0x00000000   Code   RO          857    .ARM.Collect$$libshutdown$$0000000C  c_w.l(libshutdown2.o)
    0x08000316   0x08000316   0x00000000   Code   RO          860    .ARM.Collect$$libshutdown$$0000000F  c_w.l(libshutdown2.o)
    0x08000316   0x08000316   0x00000002   Code   RO          861    .ARM.Collect$$libshutdown$$00000010  c_w.l(libshutdown2.o)
    0x08000318   0x08000318   0x00000000   Code   RO          654    .ARM.Collect$$rtentry$$00000000  c_w.l(__rtentry.o)
    0x08000318   0x08000318   0x00000000   Code   RO          769    .ARM.Collect$$rtentry$$00000002  c_w.l(__rtentry2.o)
    0x08000318   0x08000318   0x00000006   Code   RO          781    .ARM.Collect$$rtentry$$00000004  c_w.l(__rtentry4.o)
    0x0800031e   0x0800031e   0x00000000   Code   RO          771    .ARM.Collect$$rtentry$$00000009  c_w.l(__rtentry2.o)
    0x0800031e   0x0800031e   0x00000004   Code   RO          772    .ARM.Collect$$rtentry$$0000000A  c_w.l(__rtentry2.o)
    0x08000322   0x08000322   0x00000000   Code   RO          774    .ARM.Collect$$rtentry$$0000000C  c_w.l(__rtentry2.o)
    0x08000322   0x08000322   0x00000008   Code   RO          775    .ARM.Collect$$rtentry$$0000000D  c_w.l(__rtentry2.o)
    0x0800032a   0x0800032a   0x00000002   Code   RO          836    .ARM.Collect$$rtexit$$00000000  c_w.l(rtexit.o)
    0x0800032c   0x0800032c   0x00000000   Code   RO          867    .ARM.Collect$$rtexit$$00000002  c_w.l(rtexit2.o)
    0x0800032c   0x0800032c   0x00000004   Code   RO          868    .ARM.Collect$$rtexit$$00000003  c_w.l(rtexit2.o)
    0x08000330   0x08000330   0x00000006   Code   RO          869    .ARM.Collect$$rtexit$$00000004  c_w.l(rtexit2.o)
    0x08000336   0x08000336   0x00000002   PAD
    0x08000338   0x08000338   0x00000040   Code   RO          534    .text               startup_stm32h750xx.o
    0x08000378   0x08000378   0x0000008a   Code   RO          612    .text               c_w.l(rt_memcpy_v6.o)
    0x08000402   0x08000402   0x00000064   Code   RO          614    .text               c_w.l(rt_memcpy_w.o)
    0x08000466   0x08000466   0x00000006   Code   RO          618    .text               c_w.l(heapauxi.o)
    0x0800046c   0x0800046c   0x00000008   Code   RO          765    .text               c_w.l(libspace.o)
    0x08000474   0x08000474   0x00000002   Code   RO          807    .text               c_w.l(use_no_semi.o)
    0x08000476   0x08000476   0x00000000   Code   RO          809    .text               c_w.l(indicate_semi.o)
    0x08000476   0x08000476   0x0000004a   Code   RO          810    .text               c_w.l(sys_stackheap_outer.o)
    0x080004c0   0x080004c0   0x00000012   Code   RO          816    .text               c_w.l(exit.o)
    0x080004d2   0x080004d2   0x00000002   PAD
    0x080004d4   0x080004d4   0x0000000c   Code   RO          832    .text               c_w.l(sys_exit.o)
    0x080004e0   0x080004e0   0x00000028   Code   RO          100    .text.DMA1_Stream0_IRQHandler  dshot.o
    0x08000508   0x08000508   0x00000010   Code   RO           38    .text.DMA1_Stream1_IRQHandler  dma.o
    0x08000518   0x08000518   0x00000010   Code   RO           42    .text.DMA1_Stream2_IRQHandler  dma.o
    0x08000528   0x08000528   0x00000010   Code   RO           44    .text.DMA1_Stream3_IRQHandler  dma.o
    0x08000538   0x08000538   0x00000010   Code   RO           46    .text.DMA1_Stream4_IRQHandler  dma.o
    0x08000548   0x08000548   0x00000010   Code   RO           48    .text.DMA1_Stream5_IRQHandler  dma.o
    0x08000558   0x08000558   0x00000010   Code   RO           50    .text.DMA1_Stream6_IRQHandler  dma.o
    0x08000568   0x08000568   0x00000010   Code   RO           52    .text.DMA1_Stream7_IRQHandler  dma.o
    0x08000578   0x08000578   0x00000012   Code   RO           54    .text.DMA2_Stream0_IRQHandler  dma.o
    0x0800058a   0x0800058a   0x00000006   PAD
    0x08000590   0x08000590   0x00000012   Code   RO           56    .text.DMA2_Stream1_IRQHandler  dma.o
    0x080005a2   0x080005a2   0x00000006   PAD
    0x080005a8   0x080005a8   0x00000012   Code   RO           58    .text.DMA2_Stream2_IRQHandler  dma.o
    0x080005ba   0x080005ba   0x00000006   PAD
    0x080005c0   0x080005c0   0x00000012   Code   RO           60    .text.DMA2_Stream3_IRQHandler  dma.o
    0x080005d2   0x080005d2   0x00000006   PAD
    0x080005d8   0x080005d8   0x00000012   Code   RO           62    .text.DMA2_Stream4_IRQHandler  dma.o
    0x080005ea   0x080005ea   0x00000006   PAD
    0x080005f0   0x080005f0   0x00000012   Code   RO           64    .text.DMA2_Stream5_IRQHandler  dma.o
    0x08000602   0x08000602   0x00000006   PAD
    0x08000608   0x08000608   0x00000012   Code   RO           66    .text.DMA2_Stream6_IRQHandler  dma.o
    0x0800061a   0x0800061a   0x00000006   PAD
    0x08000620   0x08000620   0x00000012   Code   RO           68    .text.DMA2_Stream7_IRQHandler  dma.o
    0x08000632   0x08000632   0x00000006   PAD
    0x08000638   0x08000638   0x0000000a   Code   RO          248    .text.SPI1_IRQHandler  spi_master.o
    0x08000642   0x08000642   0x00000006   PAD
    0x08000648   0x08000648   0x0000000a   Code   RO          252    .text.SPI2_IRQHandler  spi_master.o
    0x08000652   0x08000652   0x00000006   PAD
    0x08000658   0x08000658   0x0000000a   Code   RO          254    .text.SPI3_IRQHandler  spi_master.o
    0x08000662   0x08000662   0x00000006   PAD
    0x08000668   0x08000668   0x0000000a   Code   RO          256    .text.SPI4_IRQHandler  spi_master.o
    0x08000672   0x08000672   0x00000006   PAD
    0x08000678   0x08000678   0x000002f4   Code   RO          543    .text.SystemCoreClockUpdate  system_stm32h7xx.o
    0x0800096c   0x0800096c   0x00000004   PAD
    0x08000970   0x08000970   0x00000160   Code   RO          541    .text.SystemInit    system_stm32h7xx.o
    0x08000ad0   0x08000ad0   0x00000030   Code   RO           24    .text.__NVIC_EnableIRQ  dma.o
    0x08000b00   0x08000b00   0x00000030   Code   RO          232    .text.__NVIC_EnableIRQ  spi_master.o
    0x08000b30   0x08000b30   0x00000082   Code   RO          197    .text.basic_init    timer.o
    0x08000bb2   0x08000bb2   0x00000006   PAD
    0x08000bb8   0x08000bb8   0x00000322   Code   RO           14    .text.clock_init    clock.o
    0x08000eda   0x08000eda   0x00000006   PAD
    0x08000ee0   0x08000ee0   0x0000006a   Code   RO          203    .text.delay_ms      timer.o
    0x08000f4a   0x08000f4a   0x00000006   PAD
    0x08000f50   0x08000f50   0x00000058   Code   RO          201    .text.delay_us      timer.o
    0x08000fa8   0x08000fa8   0x00000034   Code   RO           34    .text.dma_add_callback  dma.o
    0x08000fdc   0x08000fdc   0x00000004   PAD
    0x08000fe0   0x08000fe0   0x0000022a   Code   RO           22    .text.dma_init      dma.o
    0x0800120a   0x0800120a   0x00000006   PAD
    0x08001210   0x08001210   0x00000190   Code   RO           40    .text.dma_irq_callback  dma.o
    0x080013a0   0x080013a0   0x0000015a   Code   RO           28    .text.dma_stop      dma.o
    0x080014fa   0x080014fa   0x00000006   PAD
    0x08001500   0x08001500   0x0000004c   Code   RO           84    .text.dshot_dma_init  dshot.o
    0x0800154c   0x0800154c   0x00000004   PAD
    0x08001550   0x08001550   0x000000c2   Code   RO           78    .text.dshot_gpio_init  dshot.o
    0x08001612   0x08001612   0x00000006   PAD
    0x08001618   0x08001618   0x0000008a   Code   RO           94    .text.dshot_init    dshot.o
    0x080016a2   0x080016a2   0x00000006   PAD
    0x080016a8   0x080016a8   0x00000024   Code   RO           86    .text.dshot_stop    dshot.o
    0x080016cc   0x080016cc   0x00000004   PAD
    0x080016d0   0x080016d0   0x000000f0   Code   RO           80    .text.dshot_timer_init  dshot.o
    0x080017c0   0x080017c0   0x000002e8   Code   RO          114    .text.gpio_init     gpio.o
    0x08001aa8   0x08001aa8   0x00000078   Code   RO          116    .text.gpio_write    gpio.o
    0x08001b20   0x08001b20   0x00000034   Code   RO            4    .text.main          main.o
    0x08001b54   0x08001b54   0x00000004   PAD
    0x08001b58   0x08001b58   0x0000003a   Code   RO          319    .text.phase_1_init  init.o
    0x08001b92   0x08001b92   0x00000006   PAD
    0x08001b98   0x08001b98   0x00000086   Code   RO          222    .text.spi_callback_handle  spi_master.o
    0x08001c1e   0x08001c1e   0x00000002   PAD
    0x08001c20   0x08001c20   0x00000040   Code   RO          224    .text.spi_close_transfer  spi_master.o
    0x08001c60   0x08001c60   0x00000114   Code   RO          226    .text.spi_dma_init  spi_master.o
    0x08001d74   0x08001d74   0x00000004   PAD
    0x08001d78   0x08001d78   0x0000003e   Code   RO          220    .text.spi_error_recovery  spi_master.o
    0x08001db6   0x08001db6   0x00000002   PAD
    0x08001db8   0x08001db8   0x00000116   Code   RO          228    .text.spi_gpio_init  spi_master.o
    0x08001ece   0x08001ece   0x00000002   PAD
    0x08001ed0   0x08001ed0   0x000000fa   Code   RO          236    .text.spi_half_write  spi_master.o
    0x08001fca   0x08001fca   0x00000006   PAD
    0x08001fd0   0x08001fd0   0x000000ac   Code   RO          250    .text.spi_irq_callback  spi_master.o
    0x0800207c   0x0800207c   0x00000004   PAD
    0x08002080   0x08002080   0x0000026c   Code   RO          230    .text.spi_master_init  spi_master.o
    0x080022ec   0x080022ec   0x00000004   PAD
    0x080022f0   0x080022f0   0x00000008   Code   RO          325    .text.system_init   init.o
    0x080022f8   0x080022f8   0x00000008   Code   RO            2    .text.test          main.o
    0x08002300   0x08002300   0x000000bc   Code   RO          307    .text.test_spi      test_spi.o
    0x080023bc   0x080023bc   0x00000004   PAD
    0x080023c0   0x080023c0   0x00000042   Code   RO          199    .text.timer_init    timer.o
    0x08002402   0x08002402   0x00000006   PAD
    0x08002408   0x08002408   0x00000064   Code   RO          240    .text.wait_tranfer_eot  spi_master.o
    0x0800246c   0x0800246c   0x00000004   PAD
    0x08002470   0x08002470   0x00000064   Code   RO          242    .text.wait_tranfer_txc  spi_master.o
    0x080024d4   0x080024d4   0x00000004   PAD
    0x080024d8   0x080024d8   0x00000064   Code   RO          238    .text.wait_tranfer_txp  spi_master.o
    0x0800253c   0x0800253c   0x0000001a   Code   RO          805    x$fpl$fpinit        fz_wv.l(fpinit.o)
    0x08002556   0x08002556   0x00000011   Data   RO          309    .rodata..L__const.test_spi.cfg  test_spi.o
    0x08002567   0x08002567   0x00000010   Data   RO          547    .rodata.D1CorePrescTable  system_stm32h7xx.o
    0x08002577   0x08002577   0x00000004   Data   RO          259    .rodata.spi_num_table  spi_master.o
    0x0800257b   0x0800257b   0x00000001   PAD
    0x0800257c   0x0800257c   0x00000020   Data   RO          895    Region$$Table       anon$$obj.o


    Execution Region RW_IRAM1 (Exec base: 0x20000000, Load base: 0x0800259c, Size: 0x00000000, Max: 0x00020000, ABSOLUTE)

    **** No section assigned to this execution region ****


    Execution Region RW_IRAM2 (Exec base: 0x24000000, Load base: 0x080025a0, Size: 0x00001370, Max: 0x00080000, ABSOLUTE)

    Exec Addr    Load Addr    Size         Type   Attr      Idx    E Section Name        Object

    0x24000000   0x080025a0   0x00000001   Data   RW          102    .data.FLAG_COMPLETE  dshot.o
    0x24000001   0x080025a1   0x00000003   PAD
    0x24000004   0x080025a4   0x00000004   Data   RW          545    .data.SystemCoreClock  system_stm32h7xx.o
    0x24000008   0x080025a8   0x00000004   Data   RW          546    .data.SystemD2Clock  system_stm32h7xx.o
    0x2400000c   0x080025ac   0x00000010   Data   RW          258    .data.spi_arr_glb   spi_master.o
    0x2400001c   0x080025bc   0x00000004   PAD
    0x24000020        -       0x00000060   Zero   RW          766    .bss                c_w.l(libspace.o)
    0x24000080        -       0x00000004   Zero   RW          103    .bss.DSHOT_GPIO     dshot.o
    0x24000084        -       0x00000001   Zero   RW          106    .bss.DSHOT_PIN      dshot.o
    0x24000085        -       0x00000004   Zero   RW          260    .bss.SPI_CHECK_READ_BURST  spi_master.o
    0x24000089   0x080025bc   0x00000003   PAD
    0x2400008c        -       0x000000c0   Zero   RW           70    .bss.arr_callback   dma.o
    0x2400014c        -       0x00000020   Zero   RW          262    .bss.spi_cb_table_glb  spi_master.o
    0x2400016c        -       0x00000004   Zero   RW          261    .bss.spi_dma_num_glb  spi_master.o
    0x24000170        -       0x00000200   Zero   RW          532    HEAP                startup_stm32h750xx.o
    0x24000370        -       0x00001000   Zero   RW          531    STACK               startup_stm32h750xx.o


==============================================================================

Image component sizes


      Code (inc. data)   RO Data    RW Data    ZI Data      Debug   Object Name

       802          0          0          0          0       3964   clock.o
      1656          0          0          0        192      13809   dma.o
       724          0          0          1          5      10970   dshot.o
       864          0          0          0          0       4679   gpio.o
        66          0          0          0          0       2074   init.o
        60          0          0          0          0        667   main.o
      2244          0          4         16         40      16178   spi_master.o
        64         26        664          0       4608        884   startup_stm32h750xx.o
      1108         62         16          8          0       5901   system_stm32h7xx.o
       188          0         17          0          0       2246   test_spi.o
       390          0          0          0          0       3663   timer.o

    ----------------------------------------------------------------------
      8348         92        734         28       4852      65035   Object Totals
         0          0         32          0          0          0   (incl. Generated)
       182          4          1          3          7          0   (incl. Padding)

    ----------------------------------------------------------------------

      Code (inc. data)   RO Data    RW Data    ZI Data      Debug   Library Member Name

         8          0          0          0          0         68   __main.o
         0          0          0          0          0          0   __rtentry.o
        12          0          0          0          0          0   __rtentry2.o
         6          0          0          0          0          0   __rtentry4.o
        52          8          0          0          0          0   __scatter.o
        26          0          0          0          0          0   __scatter_copy.o
        28          0          0          0          0          0   __scatter_zi.o
        18          0          0          0          0         80   exit.o
         6          0          0          0          0        152   heapauxi.o
         0          0          0          0          0          0   indicate_semi.o
         2          0          0          0          0          0   libinit.o
         6          0          0          0          0          0   libinit2.o
         2          0          0          0          0          0   libshutdown.o
         2          0          0          0          0          0   libshutdown2.o
         8          4          0          0         96         68   libspace.o
       138          0          0          0          0         68   rt_memcpy_v6.o
       100          0          0          0          0         80   rt_memcpy_w.o
         2          0          0          0          0          0   rtexit.o
        10          0          0          0          0          0   rtexit2.o
        12          4          0          0          0         68   sys_exit.o
        74          0          0          0          0         80   sys_stackheap_outer.o
         2          0          0          0          0         68   use_no_semi.o
        26          0          0          0          0        116   fpinit.o

    ----------------------------------------------------------------------
       546         16          0          0         96        848   Library Totals
         6          0          0          0          0          0   (incl. Padding)

    ----------------------------------------------------------------------

      Code (inc. data)   RO Data    RW Data    ZI Data      Debug   Library Name

       514         16          0          0         96        732   c_w.l
        26          0          0          0          0        116   fz_wv.l

    ----------------------------------------------------------------------
       546         16          0          0         96        848   Library Totals

    ----------------------------------------------------------------------

==============================================================================


      Code (inc. data)   RO Data    RW Data    ZI Data      Debug   

      8894        108        734         28       4948      65443   Grand Totals
      8894        108        734         28       4948      65443   ELF Image Totals
      8894        108        734         28          0          0   ROM Totals

==============================================================================

    Total RO  Size (Code + RO Data)                 9628 (   9.40kB)
    Total RW  Size (RW Data + ZI Data)              4976 (   4.86kB)
    Total ROM Size (Code + RO Data + RW Data)       9656 (   9.43kB)

==============================================================================

